<html>
<body>
<pre>
<h1>µVision Build Log</h1>
<h2>Project:</h2>
C:\Users\Meksla\Dropbox\EE445MLab5\Lab 5.uvproj
Project File Date:  04/09/2015

<h2>Output:</h2>
Load "C:\\Users\\Meksla\\Dropbox\\EE445MLab5\\Lab 5.axf" 
Connecting: Mode=JTAG, Speed=1000000Hz
Erase Done.
Programming Done.
Verify OK.
Rebuild target 'Lab5'
compiling edisk.c...
compiling efile.c...
efile.c(551): warning:  #550-D: variable "directoryEntry" was set but never used
compiling Interpreter.c...
compiling Lab5.c...
compiling OS.c...
OS.c(3): error:  #5: cannot open source input file "inc/tm4c123gh6pm.h": No such file or directory
compiling retarget.c...
compiling UART.c...
assembling startup.s...
assembling OSasm.s...
compiling PLL.c...
compiling ADC.c...
".\Lab 5.axf" - 1 Errors, 1 Warning(s).
Target not created
Rebuild target 'Lab5'
compiling edisk.c...
compiling efile.c...
efile.c(551): warning:  #550-D: variable "directoryEntry" was set but never used
compiling Interpreter.c...
compiling Lab5.c...
compiling OS.c...
compiling retarget.c...
compiling UART.c...
assembling startup.s...
assembling OSasm.s...
compiling PLL.c...
compiling ADC.c...
linking...
.\Lab 5.axf: Error: L6200E: Symbol EndCritical multiply defined (by startup.o and os.o).
.\Lab 5.axf: Error: L6200E: Symbol OS_DisableInterrupts multiply defined (by osasm.o and os.o).
.\Lab 5.axf: Error: L6200E: Symbol OS_EnableInterrupts multiply defined (by osasm.o and os.o).
.\Lab 5.axf: Error: L6200E: Symbol StartCritical multiply defined (by startup.o and os.o).
".\Lab 5.axf" - 4 Errors, 1 Warning(s).
Target not created
Rebuild target 'Lab5'
compiling edisk.c...
compiling efile.c...
efile.c(551): warning:  #550-D: variable "directoryEntry" was set but never used
compiling Interpreter.c...
compiling Lab5.c...
compiling OS.c...
compiling retarget.c...
compiling UART.c...
assembling startup.s...
assembling OSasm.s...
compiling PLL.c...
compiling ADC.c...
linking...
Program Size: Code=12708 RO-data=324 RW-data=160 ZI-data=22224  
".\Lab 5.axf" - 0 Errors, 1 Warning(s).
Rebuild target 'Lab5'
compiling edisk.c...
compiling efile.c...
efile.c(551): warning:  #550-D: variable "directoryEntry" was set but never used
compiling Interpreter.c...
compiling Lab5.c...
compiling OS.c...
compiling retarget.c...
compiling UART.c...
assembling startup.s...
assembling OSasm.s...
compiling PLL.c...
compiling ADC.c...
linking...
Program Size: Code=12680 RO-data=324 RW-data=160 ZI-data=22224  
".\Lab 5.axf" - 0 Errors, 1 Warning(s).
Load "C:\\Users\\Meksla\\Dropbox\\EE445MLab5\\Lab 5.axf" 
Connecting: Mode=JTAG, Speed=1000000Hz
Erase Done.
Programming Done.
Verify OK.
Rebuild target 'Lab5'
compiling edisk.c...
compiling efile.c...
efile.c(551): warning:  #550-D: variable "directoryEntry" was set but never used
compiling Interpreter.c...
compiling Lab5.c...
compiling OS.c...
compiling retarget.c...
compiling UART.c...
assembling startup.s...
assembling OSasm.s...
compiling PLL.c...
compiling ADC.c...
linking...
Program Size: Code=12680 RO-data=324 RW-data=160 ZI-data=22224  
".\Lab 5.axf" - 0 Errors, 1 Warning(s).
Load "C:\\Users\\Meksla\\Dropbox\\EE445MLab5\\Lab 5.axf" 
Connecting: Mode=JTAG, Speed=1000000Hz
Erase Done.
Programming Done.
Verify OK.
Rebuild target 'Lab5'
compiling edisk.c...
compiling efile.c...
efile.c(551): warning:  #550-D: variable "directoryEntry" was set but never used
compiling Interpreter.c...
compiling Lab5.c...
compiling OS.c...
compiling retarget.c...
compiling UART.c...
assembling startup.s...
assembling OSasm.s...
compiling PLL.c...
compiling ADC.c...
linking...
Program Size: Code=12680 RO-data=324 RW-data=160 ZI-data=22224  
".\Lab 5.axf" - 0 Errors, 1 Warning(s).
Load "C:\\Users\\Meksla\\Dropbox\\EE445MLab5\\Lab 5.axf" 
Connecting: Mode=JTAG, Speed=1000000Hz
Erase Done.
Programming Done.
Verify OK.
Rebuild target 'Lab5'
compiling edisk.c...
compiling efile.c...
efile.c(551): warning:  #550-D: variable "directoryEntry" was set but never used
compiling Interpreter.c...
compiling Lab5.c...
compiling OS.c...
compiling retarget.c...
compiling UART.c...
assembling startup.s...
assembling OSasm.s...
compiling PLL.c...
PLL.c: Error: C4051E: couldn't write file '.\pll.o': Permission denied
".\Lab 5.axf" - 1 Errors, 1 Warning(s).
Target not created
Rebuild target 'Lab5'
compiling edisk.c...
compiling efile.c...
efile.c(551): warning:  #550-D: variable "directoryEntry" was set but never used
compiling Interpreter.c...
compiling Lab5.c...
compiling OS.c...
compiling retarget.c...
compiling UART.c...
assembling startup.s...
assembling OSasm.s...
compiling PLL.c...
compiling ADC.c...
linking...
Program Size: Code=12680 RO-data=324 RW-data=160 ZI-data=22224  
".\Lab 5.axf" - 0 Errors, 1 Warning(s).
Load "C:\\Users\\Meksla\\Dropbox\\EE445MLab5\\Lab 5.axf" 
Connecting: Mode=JTAG, Speed=1000000Hz
Erase Done.
Programming Done.
Verify OK.
Rebuild target 'Lab5'
compiling edisk.c...
compiling efile.c...
efile.c(551): warning:  #550-D: variable "directoryEntry" was set but never used
compiling Interpreter.c...
compiling Lab5.c...
compiling OS.c...
compiling retarget.c...
compiling UART.c...
assembling startup.s...
assembling OSasm.s...
compiling PLL.c...
compiling ADC.c...
linking...
Program Size: Code=12684 RO-data=324 RW-data=160 ZI-data=22224  
".\Lab 5.axf" - 0 Errors, 1 Warning(s).
Load "C:\\Users\\Meksla\\Dropbox\\EE445MLab5\\Lab 5.axf" 
Connecting: Mode=JTAG, Speed=1000000Hz
Erase Done.
Programming Done.
Verify OK.
Rebuild target 'Lab5'
compiling edisk.c...
compiling efile.c...
efile.c(551): warning:  #550-D: variable "directoryEntry" was set but never used
compiling Interpreter.c...
compiling Lab5.c...
compiling OS.c...
compiling retarget.c...
compiling UART.c...
assembling startup.s...
assembling OSasm.s...
compiling PLL.c...
compiling ADC.c...
linking...
Program Size: Code=9500 RO-data=52 RW-data=156 ZI-data=23252  
".\Lab 5.axf" - 0 Errors, 1 Warning(s).
Load "C:\\Users\\Meksla\\Dropbox\\EE445MLab5\\Lab 5.axf" 
Connecting: Mode=JTAG, Speed=1000000Hz
Erase Done.
Programming Done.
Verify OK.
Rebuild target 'Lab5'
compiling edisk.c...
compiling efile.c...
efile.c(551): warning:  #550-D: variable "directoryEntry" was set but never used
compiling Interpreter.c...
compiling Lab5.c...
compiling OS.c...
compiling retarget.c...
compiling UART.c...
assembling startup.s...
assembling OSasm.s...
compiling PLL.c...
compiling ADC.c...
linking...
Program Size: Code=12684 RO-data=324 RW-data=160 ZI-data=23248  
".\Lab 5.axf" - 0 Errors, 1 Warning(s).
Load "C:\\Users\\Meksla\\Dropbox\\EE445MLab5\\Lab 5.axf" 
Connecting: Mode=JTAG, Speed=1000000Hz
Erase Done.
Programming Done.
Verify OK.
Rebuild target 'Lab5'
compiling edisk.c...
compiling efile.c...
efile.c(551): warning:  #550-D: variable "directoryEntry" was set but never used
compiling Interpreter.c...
compiling Lab5.c...
compiling OS.c...
compiling retarget.c...
compiling UART.c...
assembling startup.s...
assembling OSasm.s...
compiling PLL.c...
compiling ADC.c...
linking...
Program Size: Code=12684 RO-data=324 RW-data=160 ZI-data=23248  
".\Lab 5.axf" - 0 Errors, 1 Warning(s).
Load "C:\\Users\\Meksla\\Dropbox\\EE445MLab5\\Lab 5.axf" 
Connecting: Mode=JTAG, Speed=1000000Hz
Erase Done.
Programming Done.
Verify OK.
Rebuild target 'Lab5'
compiling edisk.c...
compiling efile.c...
efile.c(551): warning:  #550-D: variable "directoryEntry" was set but never used
compiling Interpreter.c...
compiling Lab5.c...
compiling OS.c...
compiling retarget.c...
compiling UART.c...
assembling startup.s...
assembling OSasm.s...
compiling PLL.c...
compiling ADC.c...
linking...
Program Size: Code=9260 RO-data=52 RW-data=156 ZI-data=23252  
".\Lab 5.axf" - 0 Errors, 1 Warning(s).
Load "C:\\Users\\Meksla\\Dropbox\\EE445MLab5\\Lab 5.axf" 
Connecting: Mode=JTAG, Speed=1000000Hz
Erase Done.
Programming Done.
Verify OK.
Rebuild target 'Lab5'
compiling edisk.c...
compiling efile.c...
efile.c(551): warning:  #550-D: variable "directoryEntry" was set but never used
compiling Interpreter.c...
compiling Lab5.c...
compiling OS.c...
compiling retarget.c...
compiling UART.c...
assembling startup.s...
assembling OSasm.s...
compiling PLL.c...
compiling ADC.c...
linking...
Program Size: Code=9264 RO-data=52 RW-data=156 ZI-data=23252  
".\Lab 5.axf" - 0 Errors, 1 Warning(s).
Load "C:\\Users\\Meksla\\Dropbox\\EE445MLab5\\Lab 5.axf" 
Connecting: Mode=JTAG, Speed=1000000Hz
Erase Done.
Programming Done.
Verify OK.
Rebuild target 'Lab5'
compiling edisk.c...
compiling efile.c...
efile.c(551): warning:  #550-D: variable "directoryEntry" was set but never used
compiling Interpreter.c...
compiling Lab5.c...
compiling OS.c...
compiling retarget.c...
compiling UART.c...
assembling startup.s...
assembling OSasm.s...
compiling PLL.c...
compiling ADC.c...
linking...
Program Size: Code=12684 RO-data=324 RW-data=160 ZI-data=23248  
".\Lab 5.axf" - 0 Errors, 1 Warning(s).
Load "C:\\Users\\Meksla\\Dropbox\\EE445MLab5\\Lab 5.axf" 
Connecting: Mode=JTAG, Speed=1000000Hz
Erase Done.
Programming Done.
Verify OK.
