ARM Linker, 5.03 [Build 76] [MDK-ARM Lite]

==============================================================================

Section Cross References

    edisk.o(i.SSI0_Init) refers to edisk.o(i.CS_Init) for CS_Init
    edisk.o(i.chk_power) refers to edisk.o(.data) for PowerFlag
    edisk.o(i.disk_ioctl) refers to edisk.o(i.chk_power) for chk_power
    edisk.o(i.disk_ioctl) refers to edisk.o(i.power_off) for power_off
    edisk.o(i.disk_ioctl) refers to edisk.o(i.power_on) for power_on
    edisk.o(i.disk_ioctl) refers to edisk.o(i.SELECT) for SELECT
    edisk.o(i.disk_ioctl) refers to edisk.o(i.send_cmd) for send_cmd
    edisk.o(i.disk_ioctl) refers to edisk.o(i.rcvr_datablock) for rcvr_datablock
    edisk.o(i.disk_ioctl) refers to edisk.o(i.wait_ready) for wait_ready
    edisk.o(i.disk_ioctl) refers to edisk.o(i.rcvr_spi) for rcvr_spi
    edisk.o(i.disk_ioctl) refers to edisk.o(i.DESELECT) for DESELECT
    edisk.o(i.disk_ioctl) refers to edisk.o(.data) for Stat
    edisk.o(i.disk_timerproc) refers to edisk.o(.data) for Timer1
    edisk.o(i.eDisk_Init) refers to edisk.o(i.power_on) for power_on
    edisk.o(i.eDisk_Init) refers to edisk.o(i.send_initial_clock_train) for send_initial_clock_train
    edisk.o(i.eDisk_Init) refers to edisk.o(i.SELECT) for SELECT
    edisk.o(i.eDisk_Init) refers to edisk.o(i.send_cmd) for send_cmd
    edisk.o(i.eDisk_Init) refers to edisk.o(i.rcvr_spi) for rcvr_spi
    edisk.o(i.eDisk_Init) refers to edisk.o(i.DESELECT) for DESELECT
    edisk.o(i.eDisk_Init) refers to edisk.o(i.set_max_speed) for set_max_speed
    edisk.o(i.eDisk_Init) refers to edisk.o(i.power_off) for power_off
    edisk.o(i.eDisk_Init) refers to edisk.o(.data) for Stat
    edisk.o(i.eDisk_Read) refers to edisk.o(i.SELECT) for SELECT
    edisk.o(i.eDisk_Read) refers to edisk.o(i.send_cmd) for send_cmd
    edisk.o(i.eDisk_Read) refers to edisk.o(i.rcvr_datablock) for rcvr_datablock
    edisk.o(i.eDisk_Read) refers to edisk.o(i.DESELECT) for DESELECT
    edisk.o(i.eDisk_Read) refers to edisk.o(i.rcvr_spi) for rcvr_spi
    edisk.o(i.eDisk_Read) refers to edisk.o(.data) for Stat
    edisk.o(i.eDisk_ReadBlock) refers to edisk.o(i.eDisk_Read) for eDisk_Read
    edisk.o(i.eDisk_Status) refers to edisk.o(.data) for Stat
    edisk.o(i.eDisk_Write) refers to edisk.o(i.SELECT) for SELECT
    edisk.o(i.eDisk_Write) refers to edisk.o(i.send_cmd) for send_cmd
    edisk.o(i.eDisk_Write) refers to edisk.o(i.xmit_datablock) for xmit_datablock
    edisk.o(i.eDisk_Write) refers to edisk.o(i.DESELECT) for DESELECT
    edisk.o(i.eDisk_Write) refers to edisk.o(i.rcvr_spi) for rcvr_spi
    edisk.o(i.eDisk_Write) refers to edisk.o(.data) for Stat
    edisk.o(i.eDisk_WriteBlock) refers to edisk.o(i.eDisk_Write) for eDisk_Write
    edisk.o(i.power_off) refers to edisk.o(.data) for PowerFlag
    edisk.o(i.power_on) refers to edisk.o(i.SSI0_Init) for SSI0_Init
    edisk.o(i.power_on) refers to edisk.o(i.send_initial_clock_train) for send_initial_clock_train
    edisk.o(i.power_on) refers to edisk.o(.data) for PowerFlag
    edisk.o(i.rcvr_datablock) refers to edisk.o(i.rcvr_spi) for rcvr_spi
    edisk.o(i.rcvr_datablock) refers to edisk.o(i.rcvr_spi_m) for rcvr_spi_m
    edisk.o(i.rcvr_datablock) refers to edisk.o(.data) for Timer1
    edisk.o(i.rcvr_spi_m) refers to edisk.o(i.rcvr_spi) for rcvr_spi
    edisk.o(i.send_cmd) refers to edisk.o(i.wait_ready) for wait_ready
    edisk.o(i.send_cmd) refers to edisk.o(i.xmit_spi) for xmit_spi
    edisk.o(i.send_cmd) refers to edisk.o(i.rcvr_spi) for rcvr_spi
    edisk.o(i.send_initial_clock_train) refers to edisk.o(i.DESELECT) for DESELECT
    edisk.o(i.send_initial_clock_train) refers to edisk.o(i.MakeTxhigh) for MakeTxhigh
    edisk.o(i.send_initial_clock_train) refers to edisk.o(i.SSI0_Out) for SSI0_Out
    edisk.o(i.send_initial_clock_train) refers to edisk.o(i.MakeTxSSI) for MakeTxSSI
    edisk.o(i.set_max_speed) refers to edisk.o(i.SSI0_Init) for SSI0_Init
    edisk.o(i.wait_ready) refers to edisk.o(i.rcvr_spi) for rcvr_spi
    edisk.o(i.wait_ready) refers to edisk.o(.data) for Timer2
    edisk.o(i.xmit_datablock) refers to edisk.o(i.wait_ready) for wait_ready
    edisk.o(i.xmit_datablock) refers to edisk.o(i.xmit_spi) for xmit_spi
    edisk.o(i.xmit_datablock) refers to edisk.o(i.rcvr_spi) for rcvr_spi
    efile.o(i.eFile_Close) refers to efile.o(.data) for fileStatus
    efile.o(i.eFile_Create) refers to edisk.o(i.eDisk_ReadBlock) for eDisk_ReadBlock
    efile.o(i.eFile_Create) refers to edisk.o(i.eDisk_WriteBlock) for eDisk_WriteBlock
    efile.o(i.eFile_Create) refers to efile.o(.data) for directoryCacheStatus
    efile.o(i.eFile_Create) refers to efile.o(.bss) for directoryBuffer
    efile.o(i.eFile_Delete) refers to edisk.o(i.eDisk_ReadBlock) for eDisk_ReadBlock
    efile.o(i.eFile_Delete) refers to edisk.o(i.eDisk_WriteBlock) for eDisk_WriteBlock
    efile.o(i.eFile_Delete) refers to efile.o(.data) for directoryCacheStatus
[...]
    ../clib/armsys.c                         0x00000000   Number         0  argv_veneer.o ABSOLUTE
    ../clib/armsys.c                         0x00000000   Number         0  argv_veneer.o ABSOLUTE
    ../clib/armsys.c                         0x00000000   Number         0  _get_argv_nomalloc.o ABSOLUTE
    ../clib/armsys.c                         0x00000000   Number         0  no_argv.o ABSOLUTE
    ../clib/ctype.c                          0x00000000   Number         0  isspace.o ABSOLUTE
    ../clib/heapalloc.c                      0x00000000   Number         0  hrguard.o ABSOLUTE
    ../clib/heapaux.c                        0x00000000   Number         0  heapauxi.o ABSOLUTE
    ../clib/libinit.s                        0x00000000   Number         0  libinit2.o ABSOLUTE
    ../clib/libinit.s                        0x00000000   Number         0  libshutdown2.o ABSOLUTE
    ../clib/libinit.s                        0x00000000   Number         0  libinit.o ABSOLUTE
    ../clib/libinit.s                        0x00000000   Number         0  libshutdown.o ABSOLUTE
    ../clib/locale.s                         0x00000000   Number         0  lc_ctype_c.o ABSOLUTE
    ../clib/memcpset.s                       0x00000000   Number         0  strcmpv7m.o ABSOLUTE
    ../clib/misc.s                           0x00000000   Number         0  printf_stubs.o ABSOLUTE
    ../clib/printf.c                         0x00000000   Number         0  __printf_ss_wp.o ABSOLUTE
    ../clib/printf.c                         0x00000000   Number         0  __printf_wp.o ABSOLUTE
    ../clib/printf.c                         0x00000000   Number         0  __printf_flags_ss.o ABSOLUTE
    ../clib/printf.c                         0x00000000   Number         0  __printf_ss.o ABSOLUTE
    ../clib/printf.c                         0x00000000   Number         0  __printf_flags.o ABSOLUTE
    ../clib/printf.c                         0x00000000   Number         0  _printf_dec.o ABSOLUTE
    ../clib/printf.c                         0x00000000   Number         0  _printf_str.o ABSOLUTE
    ../clib/printf.c                         0x00000000   Number         0  _printf_pad.o ABSOLUTE
    ../clib/printf.c                         0x00000000   Number         0  __printf.o ABSOLUTE
    ../clib/printf.c                         0x00000000   Number         0  noretval__2sprintf.o ABSOLUTE
    ../clib/printf.c                         0x00000000   Number         0  noretval__2printf.o ABSOLUTE
    ../clib/printf.c                         0x00000000   Number         0  __2sprintf.o ABSOLUTE
    ../clib/printf.c                         0x00000000   Number         0  __2printf.o ABSOLUTE
    ../clib/printf.c                         0x00000000   Number         0  __printf_flags_ss_wp.o ABSOLUTE
    ../clib/printf.c                         0x00000000   Number         0  _printf_char_common.o ABSOLUTE
    ../clib/printf.c                         0x00000000   Number         0  _printf_char.o ABSOLUTE
    ../clib/printf.c                         0x00000000   Number         0  _printf_char_file.o ABSOLUTE
    ../clib/printf.c                         0x00000000   Number         0  __printf_nopercent.o ABSOLUTE
    ../clib/printf.c                         0x00000000   Number         0  _sputc.o ABSOLUTE
    ../clib/printf.c                         0x00000000   Number         0  __printf_flags_wp.o ABSOLUTE
    ../clib/printf.c                         0x00000000   Number         0  _printf_intcommon.o ABSOLUTE
    ../clib/printf_percent.s                 0x00000000   Number         0  _printf_d.o ABSOLUTE
    ../clib/printf_percent.s                 0x00000000   Number         0  _printf_u.o ABSOLUTE
    ../clib/printf_percent.s                 0x00000000   Number         0  _printf_percent.o ABSOLUTE
    ../clib/printf_percent.s                 0x00000000   Number         0  _printf_percent_end.o ABSOLUTE
    ../clib/printf_percent.s                 0x00000000   Number         0  _printf_s.o ABSOLUTE
    ../clib/scanf.c                          0x00000000   Number         0  _scanf.o ABSOLUTE
    ../clib/scanf.c                          0x00000000   Number         0  __0scanf.o ABSOLUTE
    ../clib/scanf.c                          0x00000000   Number         0  _scanf_str.o ABSOLUTE
    ../clib/scanf.c                          0x00000000   Number         0  scanf_char_file.o ABSOLUTE
    ../clib/scanf.c                          0x00000000   Number         0  scanf_char.o ABSOLUTE
    ../clib/signal.c                         0x00000000   Number         0  defsig_stak_inner.o ABSOLUTE
    ../clib/signal.c                         0x00000000   Number         0  defsig_exit.o ABSOLUTE
    ../clib/signal.c                         0x00000000   Number         0  defsig_pvfn_inner.o ABSOLUTE
    ../clib/signal.c                         0x00000000   Number         0  defsig_cppl_inner.o ABSOLUTE
    ../clib/signal.c                         0x00000000   Number         0  defsig_general.o ABSOLUTE
    ../clib/signal.c                         0x00000000   Number         0  defsig_segv_inner.o ABSOLUTE
    ../clib/signal.c                         0x00000000   Number         0  defsig_other.o ABSOLUTE
    ../clib/signal.c                         0x00000000   Number         0  defsig_rtmem_outer.o ABSOLUTE
    ../clib/signal.c                         0x00000000   Number         0  defsig_rtmem_formal.o ABSOLUTE
    ../clib/signal.c                         0x00000000   Number         0  defsig_rtmem_inner.o ABSOLUTE
    ../clib/signal.c                         0x00000000   Number         0  __raise.o ABSOLUTE
    ../clib/signal.c                         0x00000000   Number         0  defsig_abrt_inner.o ABSOLUTE
    ../clib/signal.c                         0x00000000   Number         0  defsig_fpe_inner.o ABSOLUTE
    ../clib/signal.c                         0x00000000   Number         0  defsig_rtred_inner.o ABSOLUTE
    ../clib/signal.s                         0x00000000   Number         0  defsig.o ABSOLUTE
    ../clib/stdio.c                          0x00000000   Number         0  backspace_locked.o ABSOLUTE
    ../clib/stdio.c                          0x00000000   Number         0  backspace.o ABSOLUTE
    ../clib/stdio.c                          0x00000000   Number         0  ungetc.o ABSOLUTE
    ../clib/stdlib.c                         0x00000000   Number         0  exit.o ABSOLUTE
    ../clib/string.c                         0x00000000   Number         0  strcspn.o ABSOLUTE
    ../clib/string.c                         0x00000000   Number         0  strtok_int.o ABSOLUTE
    ../clib/string.c                         0x00000000   Number         0  strtok.o ABSOLUTE
    ../clib/string.c                         0x00000000   Number         0  strspn.o ABSOLUTE
    ../fplib/fpinit.s                        0x00000000   Number         0  fpinit.o ABSOLUTE
    ADC.c                                    0x00000000   Number         0  adc.o ABSOLUTE
    Interpreter.c                            0x00000000   Number         0  interpreter.o ABSOLUTE
    Lab5.c                                   0x00000000   Number         0  lab5.o ABSOLUTE
    OS.c                                     0x00000000   Number         0  os.o ABSOLUTE
    OSasm.s                                  0x00000000   Number         0  osasm.o ABSOLUTE
    PLL.c                                    0x00000000   Number         0  pll.o ABSOLUTE
    UART.c                                   0x00000000   Number         0  uart.o ABSOLUTE
    dc.s                                     0x00000000   Number         0  dc.o ABSOLUTE
    edisk.c                                  0x00000000   Number         0  edisk.o ABSOLUTE
    efile.c                                  0x00000000   Number         0  efile.o ABSOLUTE
    retarget.c                               0x00000000   Number         0  retarget.o ABSOLUTE
    startup.s                                0x00000000   Number         0  startup.o ABSOLUTE
    !!!main                                  0x00000284   Section        8  __main.o(!!!main)
    !!!scatter                               0x0000028c   Section       52  __scatter.o(!!!scatter)
    !!handler_copy                           0x000002c0   Section       26  __scatter_copy.o(!!handler_copy)
    !!handler_zi                             0x000002dc   Section       28  __scatter_zi.o(!!handler_zi)
    .ARM.Collect$$_printf_percent$$00000000  0x000002f8   Section        0  _printf_percent.o(.ARM.Collect$$_printf_percent$$00000000)
    .ARM.Collect$$_printf_percent$$00000009  0x000002f8   Section        6  _printf_d.o(.ARM.Collect$$_printf_percent$$00000009)
    .ARM.Collect$$_printf_percent$$0000000A  0x000002fe   Section        6  _printf_u.o(.ARM.Collect$$_printf_percent$$0000000A)
    .ARM.Collect$$_printf_percent$$00000014  0x00000304   Section        6  _printf_s.o(.ARM.Collect$$_printf_percent$$00000014)
    .ARM.Collect$$_printf_percent$$00000017  0x0000030a   Section        4  _printf_percent_end.o(.ARM.Collect$$_printf_percent$$00000017)
    .ARM.Collect$$libinit$$00000000          0x0000030e   Section        2  libinit.o(.ARM.Collect$$libinit$$00000000)
    .ARM.Collect$$libinit$$00000002          0x00000310   Section        0  libinit2.o(.ARM.Collect$$libinit$$00000002)
    .ARM.Collect$$libinit$$00000008          0x00000310   Section        0  libinit2.o(.ARM.Collect$$libinit$$00000008)
    .ARM.Collect$$libinit$$0000000A          0x00000310   Section        0  libinit2.o(.ARM.Collect$$libinit$$0000000A)
    .ARM.Collect$$libinit$$0000000C          0x00000310   Section        0  libinit2.o(.ARM.Collect$$libinit$$0000000C)
    .ARM.Collect$$libinit$$0000000D          0x00000310   Section        6  libinit2.o(.ARM.Collect$$libinit$$0000000D)
    .ARM.Collect$$libinit$$0000000F          0x00000316   Section        0  libinit2.o(.ARM.Collect$$libinit$$0000000F)
    .ARM.Collect$$libinit$$00000010          0x00000316   Section       12  libinit2.o(.ARM.Collect$$libinit$$00000010)
    .ARM.Collect$$libinit$$00000011          0x00000322   Section        0  libinit2.o(.ARM.Collect$$libinit$$00000011)
    .ARM.Collect$$libinit$$00000013          0x00000322   Section        0  libinit2.o(.ARM.Collect$$libinit$$00000013)
    .ARM.Collect$$libinit$$00000015          0x00000322   Section        0  libinit2.o(.ARM.Collect$$libinit$$00000015)
    .ARM.Collect$$libinit$$00000017          0x00000322   Section        0  libinit2.o(.ARM.Collect$$libinit$$00000017)
    .ARM.Collect$$libinit$$00000019          0x00000322   Section        0  libinit2.o(.ARM.Collect$$libinit$$00000019)
    .ARM.Collect$$libinit$$0000001B          0x00000322   Section        0  libinit2.o(.ARM.Collect$$libinit$$0000001B)
    .ARM.Collect$$libinit$$0000001D          0x00000322   Section        0  libinit2.o(.ARM.Collect$$libinit$$0000001D)
    .ARM.Collect$$libinit$$0000001F          0x00000322   Section        0  libinit2.o(.ARM.Collect$$libinit$$0000001F)
    .ARM.Collect$$libinit$$00000021          0x00000322   Section        0  libinit2.o(.ARM.Collect$$libinit$$00000021)
    .ARM.Collect$$libinit$$00000023          0x00000322   Section        0  libinit2.o(.ARM.Collect$$libinit$$00000023)
    .ARM.Collect$$libinit$$0000002A          0x00000322   Section        0  libinit2.o(.ARM.Collect$$libinit$$0000002A)
    .ARM.Collect$$libinit$$0000002C          0x00000322   Section        0  libinit2.o(.ARM.Collect$$libinit$$0000002C)
    .ARM.Collect$$libinit$$0000002E          0x00000322   Section        0  libinit2.o(.ARM.Collect$$libinit$$0000002E)
    .ARM.Collect$$libinit$$00000030          0x00000322   Section        0  libinit2.o(.ARM.Collect$$libinit$$00000030)
    .ARM.Collect$$libinit$$00000031          0x00000322   Section        2  libinit2.o(.ARM.Collect$$libinit$$00000031)
    .ARM.Collect$$libshutdown$$00000000      0x00000324   Section        2  libshutdown.o(.ARM.Collect$$libshutdown$$00000000)
    .ARM.Collect$$libshutdown$$00000003      0x00000326   Section        0  libshutdown2.o(.ARM.Collect$$libshutdown$$00000003)
    .ARM.Collect$$libshutdown$$00000006      0x00000326   Section        0  libshutdown2.o(.ARM.Collect$$libshutdown$$00000006)
    .ARM.Collect$$libshutdown$$00000009      0x00000326   Section        0  libshutdown2.o(.ARM.Collect$$libshutdown$$00000009)
    .ARM.Collect$$libshutdown$$0000000B      0x00000326   Section        0  libshutdown2.o(.ARM.Collect$$libshutdown$$0000000B)
    .ARM.Collect$$libshutdown$$0000000E      0x00000326   Section        0  libshutdown2.o(.ARM.Collect$$libshutdown$$0000000E)
    .ARM.Collect$$libshutdown$$0000000F      0x00000326   Section        2  libshutdown2.o(.ARM.Collect$$libshutdown$$0000000F)
    .ARM.Collect$$rtentry$$00000000          0x00000328   Section        0  rtentry.o(.ARM.Collect$$rtentry$$00000000)
    .ARM.Collect$$rtentry$$00000002          0x00000328   Section        0  rtentry2.o(.ARM.Collect$$rtentry$$00000002)
    .ARM.Collect$$rtentry$$00000004          0x00000328   Section        6  rtentry4.o(.ARM.Collect$$rtentry$$00000004)
    .ARM.Collect$$rtentry$$00000009          0x0000032e   Section        0  rtentry2.o(.ARM.Collect$$rtentry$$00000009)
    .ARM.Collect$$rtentry$$0000000A          0x0000032e   Section        4  rtentry2.o(.ARM.Collect$$rtentry$$0000000A)
    .ARM.Collect$$rtentry$$0000000C          0x00000332   Section        0  rtentry2.o(.ARM.Collect$$rtentry$$0000000C)
    .ARM.Collect$$rtentry$$0000000D          0x00000332   Section        8  rtentry2.o(.ARM.Collect$$rtentry$$0000000D)
    .ARM.Collect$$rtexit$$00000000           0x0000033a   Section        2  rtexit.o(.ARM.Collect$$rtexit$$00000000)
    .ARM.Collect$$rtexit$$00000002           0x0000033c   Section        0  rtexit2.o(.ARM.Collect$$rtexit$$00000002)
    .ARM.Collect$$rtexit$$00000003           0x0000033c   Section        4  rtexit2.o(.ARM.Collect$$rtexit$$00000003)
    .ARM.Collect$$rtexit$$00000004           0x00000340   Section        6  rtexit2.o(.ARM.Collect$$rtexit$$00000004)
    .text                                    0x00000348   Section       48  startup.o(.text)
    .text                                    0x00000378   Section      120  osasm.o(.text)
    .text                                    0x000003f0   Section        2  use_no_semi.o(.text)
    .text                                    0x000003f4   Section        0  noretval__2printf.o(.text)
    .text                                    0x0000040c   Section        0  noretval__2sprintf.o(.text)
    .text                                    0x00000434   Section        0  _printf_pad.o(.text)
    .text                                    0x00000486   Section        0  _printf_str.o(.text)
    .text                                    0x000004d8   Section        0  _printf_dec.o(.text)
    .text                                    0x00000550   Section        0  __printf_flags_wp.o(.text)
    .text                                    0x0000068c   Section        0  __0scanf.o(.text)
    .text                                    0x000006ac   Section        0  _scanf_str.o(.text)
    .text                                    0x00000788   Section        0  strtok.o(.text)
    .text                                    0x00000794   Section      128  strcmpv7m.o(.text)
    .text                                    0x00000814   Section        0  heapauxi.o(.text)
    .text                                    0x0000081a   Section        0  _printf_intcommon.o(.text)
    .text                                    0x000008d4   Section        0  _printf_char_common.o(.text)
    _printf_input_char                       0x000008d5   Thumb Code    10  _printf_char_common.o(.text)
    .text                                    0x00000904   Section        0  _sputc.o(.text)
    .text                                    0x0000090e   Section        0  _printf_char.o(.text)
    .text                                    0x0000093c   Section        0  _printf_char_file.o(.text)
    .text                                    0x00000960   Section        0  scanf_char_file.o(.text)
    .text                                    0x00000978   Section        0  strtok_int.o(.text)
    .text                                    0x000009bc   Section        0  scanf_char.o(.text)
    _scanf_char_input                        0x000009bd   Thumb Code    12  scanf_char.o(.text)
    .text                                    0x000009e8   Section        0  backspace.o(.text)
    .text                                    0x00000a30   Section        0  strcspn.o(.text)
    .text                                    0x00000a50   Section        0  strspn.o(.text)
    .text                                    0x00000a6c   Section       74  sys_stackheap_outer.o(.text)
    .text                                    0x00000ab6   Section        0  isspace.o(.text)
    .text                                    0x00000ac8   Section        0  _scanf.o(.text)
    .text                                    0x00000e38   Section        0  ungetc.o(.text)
    .text                                    0x00000e80   Section        0  exit.o(.text)
    .text                                    0x00000e8c   Section        8  libspace.o(.text)
    .text                                    0x00000e94   Section       16  rt_ctype_table.o(.text)
    .text                                    0x00000ea4   Section        8  rt_locale_intlibspace.o(.text)
    i.ADC0Seq0_Handler                       0x00000eac   Section        0  adc.o(i.ADC0Seq0_Handler)
    i.ADC_Collect                            0x00000edc   Section        0  adc.o(i.ADC_Collect)
    i.ADC_Open                               0x00000f08   Section        0  adc.o(i.ADC_Open)
    i.ButtonPush                             0x0000134c   Section        0  lab5.o(i.ButtonPush)
    i.CS_Init                                0x0000137c   Section        0  edisk.o(i.CS_Init)
    i.DESELECT                               0x00001420   Section        0  edisk.o(i.DESELECT)
    DESELECT                                 0x00001421   Thumb Code     8  edisk.o(i.DESELECT)
    i.DebounceTaskPF4                        0x0000142c   Section        0  os.o(i.DebounceTaskPF4)
    DebounceTaskPF4                          0x0000142d   Thumb Code    34  os.o(i.DebounceTaskPF4)
    i.GPIOPortF_Handler                      0x0000145c   Section        0  os.o(i.GPIOPortF_Handler)
    i.IdleTask                               0x000014c4   Section        0  lab5.o(i.IdleTask)
    i.Interpreter                            0x000014d8   Section        0  interpreter.o(i.Interpreter)
    i.MakeTxSSI                              0x000016f4   Section        0  edisk.o(i.MakeTxSSI)
    i.MakeTxhigh                             0x0000171c   Section        0  edisk.o(i.MakeTxhigh)
    i.OS_AddPeriodicThread                   0x00001754   Section        0  os.o(i.OS_AddPeriodicThread)
    i.OS_AddSW1Task                          0x0000176c   Section        0  os.o(i.OS_AddSW1Task)
    i.OS_AddThread                           0x00001820   Section        0  os.o(i.OS_AddThread)
    i.OS_ClearMsTime                         0x00001a20   Section        0  os.o(i.OS_ClearMsTime)
    i.OS_Fifo_Get                            0x00001a30   Section        0  os.o(i.OS_Fifo_Get)
    i.OS_Fifo_Init                           0x00001a7c   Section        0  os.o(i.OS_Fifo_Init)
    i.OS_Fifo_Put                            0x00001abc   Section        0  os.o(i.OS_Fifo_Put)
    i.OS_Init                                0x00001b10   Section        0  os.o(i.OS_Init)
    i.OS_InitSemaphore                       0x00001b5c   Section        0  os.o(i.OS_InitSemaphore)
    i.OS_Kill                                0x00001b74   Section        0  os.o(i.OS_Kill)
    i.OS_Launch                              0x00001c00   Section        0  os.o(i.OS_Launch)
    i.OS_MsTime                              0x00001c18   Section        0  os.o(i.OS_MsTime)
    i.OS_Signal                              0x00001c30   Section        0  os.o(i.OS_Signal)
    i.OS_Sleep                               0x00001c48   Section        0  os.o(i.OS_Sleep)
    i.OS_Suspend                             0x00001c58   Section        0  os.o(i.OS_Suspend)
    i.OS_Wait                                0x00001c70   Section        0  os.o(i.OS_Wait)
    i.OutLine1                               0x00001c94   Section        0  interpreter.o(i.OutLine1)
    i.PLL_Init                               0x00001ca4   Section        0  pll.o(i.PLL_Init)
    i.Producer                               0x00001d20   Section        0  lab5.o(i.Producer)
    i.Robot                                  0x00001d58   Section        0  lab5.o(i.Robot)
    i.RxFifo_Get                             0x00001e38   Section        0  uart.o(i.RxFifo_Get)
    i.RxFifo_Init                            0x00001e74   Section        0  uart.o(i.RxFifo_Init)
    i.RxFifo_Put                             0x00001e98   Section        0  uart.o(i.RxFifo_Put)
    i.RxFifo_Size                            0x00001ed4   Section        0  uart.o(i.RxFifo_Size)
    i.SELECT                                 0x00001eec   Section        0  edisk.o(i.SELECT)
    SELECT                                   0x00001eed   Thumb Code     8  edisk.o(i.SELECT)
    i.SSI0_Init                              0x00001ef8   Section        0  edisk.o(i.SSI0_Init)
    i.SSI0_Out                               0x00002004   Section        0  edisk.o(i.SSI0_Out)
    i.SetInitialStack                        0x00002030   Section        0  os.o(i.SetInitialStack)
    i.Timer1A_Handler                        0x00002184   Section        0  os.o(i.Timer1A_Handler)
    i.Timer1_Init                            0x00002190   Section        0  os.o(i.Timer1_Init)
    i.Timer5A_Handler                        0x0000220c   Section        0  os.o(i.Timer5A_Handler)
    i.Timer5_Init                            0x00002224   Section        0  os.o(i.Timer5_Init)
    i.TxFifo_Get                             0x000022b0   Section        0  uart.o(i.TxFifo_Get)
    i.TxFifo_Init                            0x000022ec   Section        0  uart.o(i.TxFifo_Init)
    i.TxFifo_Put                             0x00002310   Section        0  uart.o(i.TxFifo_Put)
    i.TxFifo_Size                            0x0000234c   Section        0  uart.o(i.TxFifo_Size)
    i.UART0_Handler                          0x00002364   Section        0  uart.o(i.UART0_Handler)
    i.UART_InChar                            0x000023bc   Section        0  uart.o(i.UART_InChar)
    i.UART_Init                              0x000023d0   Section        0  uart.o(i.UART_Init)
    i.UART_OutChar                           0x00002498   Section        0  uart.o(i.UART_OutChar)
    i._is_digit                              0x000024cc   Section        0  __printf_wp.o(i._is_digit)
    i._sys_exit                              0x000024da   Section        0  retarget.o(i._sys_exit)
    i.copyHardwareToSoftware                 0x000024e0   Section        0  uart.o(i.copyHardwareToSoftware)
    copyHardwareToSoftware                   0x000024e1   Thumb Code    36  uart.o(i.copyHardwareToSoftware)
    i.copySoftwareToHardware                 0x00002508   Section        0  uart.o(i.copySoftwareToHardware)
    copySoftwareToHardware                   0x00002509   Thumb Code    38  uart.o(i.copySoftwareToHardware)
    i.disk_timerproc                         0x00002534   Section        0  edisk.o(i.disk_timerproc)
    i.eDisk_Init                             0x00002560   Section        0  edisk.o(i.eDisk_Init)
    i.eDisk_Read                             0x000026cc   Section        0  edisk.o(i.eDisk_Read)
    i.eDisk_ReadBlock                        0x00002768   Section        0  edisk.o(i.eDisk_ReadBlock)
    i.eDisk_Write                            0x0000277c   Section        0  edisk.o(i.eDisk_Write)
    i.eDisk_WriteBlock                       0x00002840   Section        0  edisk.o(i.eDisk_WriteBlock)
    i.eFile_Create                           0x00002854   Section        0  efile.o(i.eFile_Create)
    i.eFile_Delete                           0x0000291c   Section        0  efile.o(i.eFile_Delete)
    i.eFile_Directory                        0x000029e8   Section        0  efile.o(i.eFile_Directory)
    i.eFile_EndRedirectToFile                0x00002a40   Section        0  efile.o(i.eFile_EndRedirectToFile)
    i.eFile_Format                           0x00002a5c   Section        0  efile.o(i.eFile_Format)
    i.eFile_Init                             0x00002ae8   Section        0  efile.o(i.eFile_Init)
    i.eFile_ROpen                            0x00002afc   Section        0  efile.o(i.eFile_ROpen)
    i.eFile_ReadNext                         0x00002ba4   Section        0  efile.o(i.eFile_ReadNext)
    i.eFile_RedirectToFile                   0x00002c28   Section        0  efile.o(i.eFile_RedirectToFile)
    i.eFile_WClose                           0x00002c4c   Section        0  efile.o(i.eFile_WClose)
    i.eFile_WOpen                            0x00002c74   Section        0  efile.o(i.eFile_WOpen)
    i.eFile_Write                            0x00002d34   Section        0  efile.o(i.eFile_Write)
    i.ferror                                 0x00002e24   Section        0  retarget.o(i.ferror)
    i.fgetc                                  0x00002e2c   Section        0  retarget.o(i.fgetc)
    i.fputc                                  0x00002e36   Section        0  retarget.o(i.fputc)
    i.getFreeBlock                           0x00002e60   Section        0  efile.o(i.getFreeBlock)
    i.main                                   0x00002eb0   Section        0  lab5.o(i.main)
    i.power_off                              0x00002f58   Section        0  edisk.o(i.power_off)
    power_off                                0x00002f59   Thumb Code     8  edisk.o(i.power_off)
    i.power_on                               0x00002f64   Section        0  edisk.o(i.power_on)
    power_on                                 0x00002f65   Thumb Code    20  edisk.o(i.power_on)
    i.rcvr_datablock                         0x00002f7c   Section        0  edisk.o(i.rcvr_datablock)
    rcvr_datablock                           0x00002f7d   Thumb Code    76  edisk.o(i.rcvr_datablock)
    i.rcvr_spi                               0x00002fcc   Section        0  edisk.o(i.rcvr_spi)
    rcvr_spi                                 0x00002fcd   Thumb Code    38  edisk.o(i.rcvr_spi)
    i.rcvr_spi_m                             0x00002ff8   Section        0  edisk.o(i.rcvr_spi_m)
    rcvr_spi_m                               0x00002ff9   Thumb Code    12  edisk.o(i.rcvr_spi_m)
    i.send_cmd                               0x00003004   Section        0  edisk.o(i.send_cmd)
    send_cmd                                 0x00003005   Thumb Code   112  edisk.o(i.send_cmd)
    i.send_initial_clock_train               0x00003074   Section        0  edisk.o(i.send_initial_clock_train)
    send_initial_clock_train                 0x00003075   Thumb Code    32  edisk.o(i.send_initial_clock_train)
    i.set_max_speed                          0x00003094   Section        0  edisk.o(i.set_max_speed)
    set_max_speed                            0x00003095   Thumb Code    10  edisk.o(i.set_max_speed)
    i.streamToFile                           0x000030a0   Section        0  efile.o(i.streamToFile)
    i.wait_ready                             0x000030ac   Section        0  edisk.o(i.wait_ready)
    wait_ready                               0x000030ad   Thumb Code    36  edisk.o(i.wait_ready)
    i.xmit_datablock                         0x000030d4   Section        0  edisk.o(i.xmit_datablock)
    xmit_datablock                           0x000030d5   Thumb Code    94  edisk.o(i.xmit_datablock)
    i.xmit_spi                               0x00003134   Section        0  edisk.o(i.xmit_spi)
    xmit_spi                                 0x00003135   Thumb Code    38  edisk.o(i.xmit_spi)
    locale$$code                             0x00003160   Section       44  lc_ctype_c.o(locale$$code)
    .constdata                               0x0000318c   Section       17  __printf_flags_wp.o(.constdata)
    maptable                                 0x0000318c   Data          17  __printf_flags_wp.o(.constdata)
    locale$$data                             0x000031c0   Section      272  lc_ctype_c.o(locale$$data)
    __lcctype_c_name                         0x000031c4   Data           2  lc_ctype_c.o(locale$$data)
    __lcctype_c_start                        0x000031cc   Data           0  lc_ctype_c.o(locale$$data)
    __lcctype_c_end                          0x000032d0   Data           0  lc_ctype_c.o(locale$$data)
    .data                                    0x20000000   Section        5  edisk.o(.data)
    Stat                                     0x20000000   Data           1  edisk.o(.data)
    PowerFlag                                0x20000001   Data           1  edisk.o(.data)
    Timer1                                   0x20000002   Data           1  edisk.o(.data)
    Timer2                                   0x20000003   Data           1  edisk.o(.data)
    CardType                                 0x20000004   Data           1  edisk.o(.data)
    .data                                    0x20000008   Section       28  efile.o(.data)
    .data                                    0x20000024   Section       20  lab5.o(.data)
    .data                                    0x20000038   Section       60  os.o(.data)
    LastPF4                                  0x2000004c   Data           4  os.o(.data)
    .data                                    0x20000074   Section        8  retarget.o(.data)
    .data                                    0x2000007c   Section       16  uart.o(.data)
    .data                                    0x2000008c   Section       16  adc.o(.data)
    .data                                    0x2000009c   Section        4  strtok.o(.data)
    _strtok_saves1                           0x2000009c   Data           4  strtok.o(.data)
    .bss                                     0x200000a0   Section     1536  efile.o(.bss)
    .bss                                     0x200006a0   Section    20336  os.o(.bss)
    .bss                                     0x20005610   Section      256  uart.o(.bss)
    RxFifo                                   0x20005610   Data         128  uart.o(.bss)
    TxFifo                                   0x20005690   Data         128  uart.o(.bss)
    .bss                                     0x20005710   Section       96  libspace.o(.bss)
    HEAP                                     0x20005770   Section        0  startup.o(HEAP)
    STACK                                    0x20005770   Section     1024  startup.o(STACK)
    HeapMem                                  0x20005770   Data           0  startup.o(HEAP)
    StackMem                                 0x20005770   Data           0  startup.o(STACK)

    Global Symbols

    Symbol Name                              Value     Ov Type        Size  Object(Section)

    BuildAttributes$$THM_ISAv4$E$P$D$K$B$S$7EM$PE$A:L22UL41UL21$X:L11$S22US41US21$IEEE1$IW$USESV6$~STKCKD$USESV7$~SHL$OSPACE$ROPI$EBA8$UX$STANDARDLIB$REQ8$PRES8$EABIv2 0x00000000   Number         0  anon$$obj.o ABSOLUTE
    __ARM_use_no_argv                        0x00000000   Number         0  lab5.o ABSOLUTE
    __Vectors                                0x00000000   Data           0  startup.o(RESET)
    _printf_flags                            0x00000000   Number         0  printf_stubs.o ABSOLUTE
    _printf_return_value                     0x00000000   Number         0  printf_stubs.o ABSOLUTE
    _printf_sizespec                         0x00000000   Number         0  printf_stubs.o ABSOLUTE
    _printf_widthprec                        0x00000000   Number         0  printf_stubs.o ABSOLUTE
    __ARM_exceptions_init                     - Undefined Weak Reference
    __alloca_initialize                       - Undefined Weak Reference
    __cpp_initialize__aeabi_                  - Undefined Weak Reference
    __cxa_finalize                            - Undefined Weak Reference
    __sigvec_lookup                           - Undefined Weak Reference
    _atexit_init                              - Undefined Weak Reference
    _call_atexit_fns                          - Undefined Weak Reference
    _clock_init                               - Undefined Weak Reference
    _fp_trap_init                             - Undefined Weak Reference
    _fp_trap_shutdown                         - Undefined Weak Reference
    _get_lc_collate                           - Undefined Weak Reference
    _get_lc_monetary                          - Undefined Weak Reference
    _get_lc_numeric                           - Undefined Weak Reference
    _get_lc_time                              - Undefined Weak Reference
    _getenv_init                              - Undefined Weak Reference
    _handle_redirection                       - Undefined Weak Reference
    _init_alloc                               - Undefined Weak Reference
    _init_user_alloc                          - Undefined Weak Reference
    _initio                                   - Undefined Weak Reference
    _mutex_acquire                            - Undefined Weak Reference
    _mutex_release                            - Undefined Weak Reference
    _printf_mbtowc                            - Undefined Weak Reference
    _printf_truncate_signed                   - Undefined Weak Reference
    _printf_truncate_unsigned                 - Undefined Weak Reference
    _rand_init                                - Undefined Weak Reference
    _scanf_int                                - Undefined Weak Reference
    _scanf_longlong                           - Undefined Weak Reference
    _scanf_mbtowc                             - Undefined Weak Reference
    _scanf_real                               - Undefined Weak Reference
    _scanf_wctomb                             - Undefined Weak Reference
    _scanf_wstring                            - Undefined Weak Reference
    _signal_finish                            - Undefined Weak Reference
    _signal_init                              - Undefined Weak Reference
    _terminate_alloc                          - Undefined Weak Reference
    _terminate_user_alloc                     - Undefined Weak Reference
    _terminateio                              - Undefined Weak Reference
    Reset_Handler                            0x0000026d   Thumb Code     0  startup.o(RESET)
    NMI_Handler                              0x00000271   Thumb Code     2  startup.o(RESET)
    HardFault_Handler                        0x00000273   Thumb Code     2  startup.o(RESET)
    MemManage_Handler                        0x00000275   Thumb Code     2  startup.o(RESET)
    BusFault_Handler                         0x00000277   Thumb Code     2  startup.o(RESET)
    UsageFault_Handler                       0x00000279   Thumb Code     2  startup.o(RESET)
    SVC_Handler                              0x0000027b   Thumb Code     2  startup.o(RESET)
    DebugMon_Handler                         0x0000027d   Thumb Code     2  startup.o(RESET)
    PendSV_Handler                           0x0000027f   Thumb Code     2  startup.o(RESET)
    ADC0Seq1_Handler                         0x00000283   Thumb Code     0  startup.o(RESET)
    ADC0Seq2_Handler                         0x00000283   Thumb Code     0  startup.o(RESET)
    ADC0Seq3_Handler                         0x00000283   Thumb Code     0  startup.o(RESET)
    ADC1Seq0_Handler                         0x00000283   Thumb Code     0  startup.o(RESET)
    ADC1Seq1_Handler                         0x00000283   Thumb Code     0  startup.o(RESET)
    ADC1Seq2_Handler                         0x00000283   Thumb Code     0  startup.o(RESET)
    ADC1Seq3_Handler                         0x00000283   Thumb Code     0  startup.o(RESET)
    CAN0_Handler                             0x00000283   Thumb Code     0  startup.o(RESET)
    CAN1_Handler                             0x00000283   Thumb Code     0  startup.o(RESET)
    CAN2_Handler                             0x00000283   Thumb Code     0  startup.o(RESET)
    Comp0_Handler                            0x00000283   Thumb Code     0  startup.o(RESET)
    Comp1_Handler                            0x00000283   Thumb Code     0  startup.o(RESET)
    Comp2_Handler                            0x00000283   Thumb Code     0  startup.o(RESET)
    Ethernet_Handler                         0x00000283   Thumb Code     0  startup.o(RESET)
    ExtBus_Handler                           0x00000283   Thumb Code     0  startup.o(RESET)
    FPU_Handler                              0x00000283   Thumb Code     0  startup.o(RESET)
    Fan0_Handler                             0x00000283   Thumb Code     0  startup.o(RESET)
    FlashCtl_Handler                         0x00000283   Thumb Code     0  startup.o(RESET)
    GPIOPortA_Handler                        0x00000283   Thumb Code     0  startup.o(RESET)
    GPIOPortB_Handler                        0x00000283   Thumb Code     0  startup.o(RESET)
    GPIOPortC_Handler                        0x00000283   Thumb Code     0  startup.o(RESET)
    GPIOPortD_Handler                        0x00000283   Thumb Code     0  startup.o(RESET)
    GPIOPortE_Handler                        0x00000283   Thumb Code     0  startup.o(RESET)
    GPIOPortG_Handler                        0x00000283   Thumb Code     0  startup.o(RESET)
    GPIOPortH_Handler                        0x00000283   Thumb Code     0  startup.o(RESET)
    GPIOPortJ_Handler                        0x00000283   Thumb Code     0  startup.o(RESET)
    GPIOPortK_Handler                        0x00000283   Thumb Code     0  startup.o(RESET)
    GPIOPortL_Handler                        0x00000283   Thumb Code     0  startup.o(RESET)
    GPIOPortM_Handler                        0x00000283   Thumb Code     0  startup.o(RESET)
    GPIOPortN_Handler                        0x00000283   Thumb Code     0  startup.o(RESET)
    GPIOPortP1_Handler                       0x00000283   Thumb Code     0  startup.o(RESET)
    GPIOPortP2_Handler                       0x00000283   Thumb Code     0  startup.o(RESET)
    GPIOPortP3_Handler                       0x00000283   Thumb Code     0  startup.o(RESET)
    GPIOPortP4_Handler                       0x00000283   Thumb Code     0  startup.o(RESET)
    GPIOPortP5_Handler                       0x00000283   Thumb Code     0  startup.o(RESET)
    GPIOPortP6_Handler                       0x00000283   Thumb Code     0  startup.o(RESET)
    GPIOPortP7_Handler                       0x00000283   Thumb Code     0  startup.o(RESET)
    GPIOPortP_Handler                        0x00000283   Thumb Code     0  startup.o(RESET)
    GPIOPortQ1_Handler                       0x00000283   Thumb Code     0  startup.o(RESET)
    GPIOPortQ2_Handler                       0x00000283   Thumb Code     0  startup.o(RESET)
    GPIOPortQ3_Handler                       0x00000283   Thumb Code     0  startup.o(RESET)
    GPIOPortQ4_Handler                       0x00000283   Thumb Code     0  startup.o(RESET)
    GPIOPortQ5_Handler                       0x00000283   Thumb Code     0  startup.o(RESET)
    GPIOPortQ6_Handler                       0x00000283   Thumb Code     0  startup.o(RESET)
    GPIOPortQ7_Handler                       0x00000283   Thumb Code     0  startup.o(RESET)
    GPIOPortQ_Handler                        0x00000283   Thumb Code     0  startup.o(RESET)
    GPIOPortR_Handler                        0x00000283   Thumb Code     0  startup.o(RESET)
    GPIOPortS_Handler                        0x00000283   Thumb Code     0  startup.o(RESET)
    Hibernate_Handler                        0x00000283   Thumb Code     0  startup.o(RESET)
    I2C0_Handler                             0x00000283   Thumb Code     0  startup.o(RESET)
    I2C1_Handler                             0x00000283   Thumb Code     0  startup.o(RESET)
    I2C2_Handler                             0x00000283   Thumb Code     0  startup.o(RESET)
    I2C3_Handler                             0x00000283   Thumb Code     0  startup.o(RESET)
    I2C4_Handler                             0x00000283   Thumb Code     0  startup.o(RESET)
    I2C5_Handler                             0x00000283   Thumb Code     0  startup.o(RESET)
    I2S0_Handler                             0x00000283   Thumb Code     0  startup.o(RESET)
    LPC0_Handler                             0x00000283   Thumb Code     0  startup.o(RESET)
    PECI0_Handler                            0x00000283   Thumb Code     0  startup.o(RESET)
    PWM0Fault_Handler                        0x00000283   Thumb Code     0  startup.o(RESET)
    PWM0Generator0_Handler                   0x00000283   Thumb Code     0  startup.o(RESET)
    PWM0Generator1_Handler                   0x00000283   Thumb Code     0  startup.o(RESET)
    PWM0Generator2_Handler                   0x00000283   Thumb Code     0  startup.o(RESET)
    PWM0Generator3_Handler                   0x00000283   Thumb Code     0  startup.o(RESET)
    PWM1Fault_Handler                        0x00000283   Thumb Code     0  startup.o(RESET)
    PWM1Generator0_Handler                   0x00000283   Thumb Code     0  startup.o(RESET)
    PWM1Generator1_Handler                   0x00000283   Thumb Code     0  startup.o(RESET)
    PWM1Generator2_Handler                   0x00000283   Thumb Code     0  startup.o(RESET)
    PWM1Generator3_Handler                   0x00000283   Thumb Code     0  startup.o(RESET)
    Quadrature0_Handler                      0x00000283   Thumb Code     0  startup.o(RESET)
    Quadrature1_Handler                      0x00000283   Thumb Code     0  startup.o(RESET)
    Quadrature2_Handler                      0x00000283   Thumb Code     0  startup.o(RESET)
    SSI0_Handler                             0x00000283   Thumb Code     0  startup.o(RESET)
    SSI1_Handler                             0x00000283   Thumb Code     0  startup.o(RESET)
    SSI2_Handler                             0x00000283   Thumb Code     0  startup.o(RESET)
    SSI3_Handler                             0x00000283   Thumb Code     0  startup.o(RESET)
    SysCtl_Handler                           0x00000283   Thumb Code     0  startup.o(RESET)
    Timer0A_Handler                          0x00000283   Thumb Code     0  startup.o(RESET)
    Timer0B_Handler                          0x00000283   Thumb Code     0  startup.o(RESET)
    Timer1B_Handler                          0x00000283   Thumb Code     0  startup.o(RESET)
    Timer2A_Handler                          0x00000283   Thumb Code     0  startup.o(RESET)
    Timer2B_Handler                          0x00000283   Thumb Code     0  startup.o(RESET)
    Timer3A_Handler                          0x00000283   Thumb Code     0  startup.o(RESET)
    Timer3B_Handler                          0x00000283   Thumb Code     0  startup.o(RESET)
    Timer4A_Handler                          0x00000283   Thumb Code     0  startup.o(RESET)
    Timer4B_Handler                          0x00000283   Thumb Code     0  startup.o(RESET)
    Timer5B_Handler                          0x00000283   Thumb Code     0  startup.o(RESET)
    UART1_Handler                            0x00000283   Thumb Code     0  startup.o(RESET)
    UART2_Handler                            0x00000283   Thumb Code     0  startup.o(RESET)
    UART3_Handler                            0x00000283   Thumb Code     0  startup.o(RESET)
    UART4_Handler                            0x00000283   Thumb Code     0  startup.o(RESET)
    UART5_Handler                            0x00000283   Thumb Code     0  startup.o(RESET)
    UART6_Handler                            0x00000283   Thumb Code     0  startup.o(RESET)
    UART7_Handler                            0x00000283   Thumb Code     0  startup.o(RESET)
    USB0_Handler                             0x00000283   Thumb Code     0  startup.o(RESET)
    WDT_Handler                              0x00000283   Thumb Code     0  startup.o(RESET)
    WideTimer0A_Handler                      0x00000283   Thumb Code     0  startup.o(RESET)
    WideTimer0B_Handler                      0x00000283   Thumb Code     0  startup.o(RESET)
    WideTimer1A_Handler                      0x00000283   Thumb Code     0  startup.o(RESET)
    WideTimer1B_Handler                      0x00000283   Thumb Code     0  startup.o(RESET)
    WideTimer2A_Handler                      0x00000283   Thumb Code     0  startup.o(RESET)
    WideTimer2B_Handler                      0x00000283   Thumb Code     0  startup.o(RESET)
    WideTimer3A_Handler                      0x00000283   Thumb Code     0  startup.o(RESET)
    WideTimer3B_Handler                      0x00000283   Thumb Code     0  startup.o(RESET)
    WideTimer4A_Handler                      0x00000283   Thumb Code     0  startup.o(RESET)
    WideTimer4B_Handler                      0x00000283   Thumb Code     0  startup.o(RESET)
    WideTimer5A_Handler                      0x00000283   Thumb Code     0  startup.o(RESET)
    WideTimer5B_Handler                      0x00000283   Thumb Code     0  startup.o(RESET)
    uDMA_Error                               0x00000283   Thumb Code     0  startup.o(RESET)
    uDMA_Handler                             0x00000283   Thumb Code     0  startup.o(RESET)
    __main                                   0x00000285   Thumb Code     8  __main.o(!!!main)
    __scatterload                            0x0000028d   Thumb Code     0  __scatter.o(!!!scatter)
    __scatterload_rt2                        0x0000028d   Thumb Code    44  __scatter.o(!!!scatter)
    __scatterload_rt2_thumb_only             0x0000028d   Thumb Code     0  __scatter.o(!!!scatter)
    __scatterload_null                       0x0000029b   Thumb Code     0  __scatter.o(!!!scatter)
    __scatterload_copy                       0x000002c1   Thumb Code    26  __scatter_copy.o(!!handler_copy)
    __scatterload_zeroinit                   0x000002dd   Thumb Code    28  __scatter_zi.o(!!handler_zi)
    _printf_d                                0x000002f9   Thumb Code     0  _printf_d.o(.ARM.Collect$$_printf_percent$$00000009)
    _printf_percent                          0x000002f9   Thumb Code     0  _printf_percent.o(.ARM.Collect$$_printf_percent$$00000000)
    _printf_u                                0x000002ff   Thumb Code     0  _printf_u.o(.ARM.Collect$$_printf_percent$$0000000A)
    _printf_s                                0x00000305   Thumb Code     0  _printf_s.o(.ARM.Collect$$_printf_percent$$00000014)
    _printf_percent_end                      0x0000030b   Thumb Code     0  _printf_percent_end.o(.ARM.Collect$$_printf_percent$$00000017)
    __rt_lib_init                            0x0000030f   Thumb Code     0  libinit.o(.ARM.Collect$$libinit$$00000000)
    __rt_lib_init_fp_1                       0x00000311   Thumb Code     0  libinit2.o(.ARM.Collect$$libinit$$00000002)
    __rt_lib_init_heap_1                     0x00000311   Thumb Code     0  libinit2.o(.ARM.Collect$$libinit$$00000008)
    __rt_lib_init_lc_common                  0x00000311   Thumb Code     0  libinit2.o(.ARM.Collect$$libinit$$0000000D)
    __rt_lib_init_rand_1                     0x00000311   Thumb Code     0  libinit2.o(.ARM.Collect$$libinit$$0000000C)
    __rt_lib_init_user_alloc_1               0x00000311   Thumb Code     0  libinit2.o(.ARM.Collect$$libinit$$0000000A)
    __rt_lib_init_lc_collate_1               0x00000317   Thumb Code     0  libinit2.o(.ARM.Collect$$libinit$$0000000F)
    __rt_lib_init_lc_ctype_2                 0x00000317   Thumb Code     0  libinit2.o(.ARM.Collect$$libinit$$00000010)
    __rt_lib_init_alloca_1                   0x00000323   Thumb Code     0  libinit2.o(.ARM.Collect$$libinit$$0000002C)
    __rt_lib_init_argv_1                     0x00000323   Thumb Code     0  libinit2.o(.ARM.Collect$$libinit$$0000002A)
    __rt_lib_init_atexit_1                   0x00000323   Thumb Code     0  libinit2.o(.ARM.Collect$$libinit$$00000019)
    __rt_lib_init_clock_1                    0x00000323   Thumb Code     0  libinit2.o(.ARM.Collect$$libinit$$0000001F)
    __rt_lib_init_cpp_1                      0x00000323   Thumb Code     0  libinit2.o(.ARM.Collect$$libinit$$00000030)
    __rt_lib_init_exceptions_1               0x00000323   Thumb Code     0  libinit2.o(.ARM.Collect$$libinit$$0000002E)
    __rt_lib_init_fp_trap_1                  0x00000323   Thumb Code     0  libinit2.o(.ARM.Collect$$libinit$$0000001D)
    __rt_lib_init_getenv_1                   0x00000323   Thumb Code     0  libinit2.o(.ARM.Collect$$libinit$$00000021)
    __rt_lib_init_lc_ctype_1                 0x00000323   Thumb Code     0  libinit2.o(.ARM.Collect$$libinit$$00000011)
    __rt_lib_init_lc_monetary_1              0x00000323   Thumb Code     0  libinit2.o(.ARM.Collect$$libinit$$00000013)
    __rt_lib_init_lc_numeric_1               0x00000323   Thumb Code     0  libinit2.o(.ARM.Collect$$libinit$$00000015)
    __rt_lib_init_lc_time_1                  0x00000323   Thumb Code     0  libinit2.o(.ARM.Collect$$libinit$$00000017)
    __rt_lib_init_return                     0x00000323   Thumb Code     0  libinit2.o(.ARM.Collect$$libinit$$00000031)
    __rt_lib_init_signal_1                   0x00000323   Thumb Code     0  libinit2.o(.ARM.Collect$$libinit$$0000001B)
    __rt_lib_init_stdio_1                    0x00000323   Thumb Code     0  libinit2.o(.ARM.Collect$$libinit$$00000023)
    __rt_lib_shutdown                        0x00000325   Thumb Code     0  libshutdown.o(.ARM.Collect$$libshutdown$$00000000)
    __rt_lib_shutdown_fp_trap_1              0x00000327   Thumb Code     0  libshutdown2.o(.ARM.Collect$$libshutdown$$00000006)
    __rt_lib_shutdown_heap_1                 0x00000327   Thumb Code     0  libshutdown2.o(.ARM.Collect$$libshutdown$$0000000E)
    __rt_lib_shutdown_return                 0x00000327   Thumb Code     0  libshutdown2.o(.ARM.Collect$$libshutdown$$0000000F)
    __rt_lib_shutdown_signal_1               0x00000327   Thumb Code     0  libshutdown2.o(.ARM.Collect$$libshutdown$$00000009)
    __rt_lib_shutdown_stdio_1                0x00000327   Thumb Code     0  libshutdown2.o(.ARM.Collect$$libshutdown$$00000003)
    __rt_lib_shutdown_user_alloc_1           0x00000327   Thumb Code     0  libshutdown2.o(.ARM.Collect$$libshutdown$$0000000B)
    __rt_entry                               0x00000329   Thumb Code     0  rtentry.o(.ARM.Collect$$rtentry$$00000000)
    __rt_entry_presh_1                       0x00000329   Thumb Code     0  rtentry2.o(.ARM.Collect$$rtentry$$00000002)
    __rt_entry_sh                            0x00000329   Thumb Code     0  rtentry4.o(.ARM.Collect$$rtentry$$00000004)
    __rt_entry_li                            0x0000032f   Thumb Code     0  rtentry2.o(.ARM.Collect$$rtentry$$0000000A)
    __rt_entry_postsh_1                      0x0000032f   Thumb Code     0  rtentry2.o(.ARM.Collect$$rtentry$$00000009)
    __rt_entry_main                          0x00000333   Thumb Code     0  rtentry2.o(.ARM.Collect$$rtentry$$0000000D)
    __rt_entry_postli_1                      0x00000333   Thumb Code     0  rtentry2.o(.ARM.Collect$$rtentry$$0000000C)
    __rt_exit                                0x0000033b   Thumb Code     0  rtexit.o(.ARM.Collect$$rtexit$$00000000)
    __rt_exit_ls                             0x0000033d   Thumb Code     0  rtexit2.o(.ARM.Collect$$rtexit$$00000003)
    __rt_exit_prels_1                        0x0000033d   Thumb Code     0  rtexit2.o(.ARM.Collect$$rtexit$$00000002)
    __rt_exit_exit                           0x00000341   Thumb Code     0  rtexit2.o(.ARM.Collect$$rtexit$$00000004)
    DisableInterrupts                        0x00000349   Thumb Code     0  startup.o(.text)
    EnableInterrupts                         0x0000034d   Thumb Code     0  startup.o(.text)
    StartCritical                            0x00000351   Thumb Code     0  startup.o(.text)
    EndCritical                              0x00000359   Thumb Code     0  startup.o(.text)
    WaitForInterrupt                         0x0000035f   Thumb Code     0  startup.o(.text)
    __user_initial_stackheap                 0x00000363   Thumb Code     0  startup.o(.text)
    OS_DisableInterrupts                     0x00000379   Thumb Code     0  osasm.o(.text)
    OS_EnableInterrupts                      0x0000037d   Thumb Code     0  osasm.o(.text)
    SysTick_Handler                          0x00000381   Thumb Code     0  osasm.o(.text)
    StartOS                                  0x000003af   Thumb Code     0  osasm.o(.text)
    Thread_Switch                            0x000003cf   Thumb Code     0  osasm.o(.text)
    __I$use$semihosting                      0x000003f1   Thumb Code     0  use_no_semi.o(.text)
    __use_no_semihosting_swi                 0x000003f1   Thumb Code     2  use_no_semi.o(.text)
    __2printf                                0x000003f5   Thumb Code    20  noretval__2printf.o(.text)
    __2sprintf                               0x0000040d   Thumb Code    34  noretval__2sprintf.o(.text)
    _printf_pre_padding                      0x00000435   Thumb Code    46  _printf_pad.o(.text)
    _printf_post_padding                     0x00000463   Thumb Code    36  _printf_pad.o(.text)
    _printf_str                              0x00000487   Thumb Code    82  _printf_str.o(.text)
    _printf_int_dec                          0x000004d9   Thumb Code   102  _printf_dec.o(.text)
    __printf                                 0x00000551   Thumb Code   310  __printf_flags_wp.o(.text)
    __0scanf                                 0x0000068d   Thumb Code    26  __0scanf.o(.text)
    _scanf_string                            0x000006ad   Thumb Code   218  _scanf_str.o(.text)
    strtok                                   0x00000789   Thumb Code     6  strtok.o(.text)
    strcmp                                   0x00000795   Thumb Code   128  strcmpv7m.o(.text)
    __use_two_region_memory                  0x00000815   Thumb Code     2  heapauxi.o(.text)
    __rt_heap_escrow$2region                 0x00000817   Thumb Code     2  heapauxi.o(.text)
    __rt_heap_expand$2region                 0x00000819   Thumb Code     2  heapauxi.o(.text)
    _printf_int_common                       0x0000081b   Thumb Code   184  _printf_intcommon.o(.text)
    _printf_char_common                      0x000008df   Thumb Code    32  _printf_char_common.o(.text)
    _sputc                                   0x00000905   Thumb Code    10  _sputc.o(.text)
    _printf_cs_common                        0x0000090f   Thumb Code    20  _printf_char.o(.text)
    _printf_char                             0x00000923   Thumb Code    16  _printf_char.o(.text)
    _printf_string                           0x00000933   Thumb Code     8  _printf_char.o(.text)
    _printf_char_file                        0x0000093d   Thumb Code    32  _printf_char_file.o(.text)
    __vfscanf_char_file                      0x00000961   Thumb Code    16  scanf_char_file.o(.text)
    __strtok_internal                        0x00000979   Thumb Code    64  strtok_int.o(.text)
    __vfscanf_char                           0x000009c9   Thumb Code    24  scanf_char.o(.text)
    ___backspace$unlocked                    0x000009e9   Thumb Code     2  backspace.o(.text)
    __backspace                              0x000009eb   Thumb Code    70  backspace.o(.text)
    strcspn                                  0x00000a31   Thumb Code    32  strcspn.o(.text)
    strspn                                   0x00000a51   Thumb Code    28  strspn.o(.text)
    __user_setup_stackheap                   0x00000a6d   Thumb Code    74  sys_stackheap_outer.o(.text)
    isspace                                  0x00000ab7   Thumb Code    18  isspace.o(.text)
    __vfscanf                                0x00000ac9   Thumb Code   876  _scanf.o(.text)
    _ungetc_internal                         0x00000e39   Thumb Code    60  ungetc.o(.text)
    ungetc                                   0x00000e39   Thumb Code     0  ungetc.o(.text)
    exit                                     0x00000e81   Thumb Code    12  exit.o(.text)
    __user_libspace                          0x00000e8d   Thumb Code     8  libspace.o(.text)
    __user_perproc_libspace                  0x00000e8d   Thumb Code     0  libspace.o(.text)
    __user_perthread_libspace                0x00000e8d   Thumb Code     0  libspace.o(.text)
    __rt_ctype_table                         0x00000e95   Thumb Code    16  rt_ctype_table.o(.text)
    __rt_locale                              0x00000ea5   Thumb Code     8  rt_locale_intlibspace.o(.text)
    ADC0Seq0_Handler                         0x00000ead   Thumb Code    34  adc.o(i.ADC0Seq0_Handler)
    ADC_Collect                              0x00000edd   Thumb Code    34  adc.o(i.ADC_Collect)
    ADC_Open                                 0x00000f09   Thumb Code  1092  adc.o(i.ADC_Open)
    ButtonPush                               0x0000134d   Thumb Code    36  lab5.o(i.ButtonPush)
    CS_Init                                  0x0000137d   Thumb Code   136  edisk.o(i.CS_Init)
    GPIOPortF_Handler                        0x0000145d   Thumb Code    86  os.o(i.GPIOPortF_Handler)
    IdleTask                                 0x000014c5   Thumb Code    14  lab5.o(i.IdleTask)
    Interpreter                              0x000014d9   Thumb Code   276  interpreter.o(i.Interpreter)
    MakeTxSSI                                0x000016f5   Thumb Code    30  edisk.o(i.MakeTxSSI)
    MakeTxhigh                               0x0000171d   Thumb Code    42  edisk.o(i.MakeTxhigh)
    OS_AddPeriodicThread                     0x00001755   Thumb Code    22  os.o(i.OS_AddPeriodicThread)
    OS_AddSW1Task                            0x0000176d   Thumb Code   148  os.o(i.OS_AddSW1Task)
    OS_AddThread                             0x00001821   Thumb Code   492  os.o(i.OS_AddThread)
    OS_ClearMsTime                           0x00001a21   Thumb Code    10  os.o(i.OS_ClearMsTime)
    OS_Fifo_Get                              0x00001a31   Thumb Code    58  os.o(i.OS_Fifo_Get)
    OS_Fifo_Init                             0x00001a7d   Thumb Code    38  os.o(i.OS_Fifo_Init)
    OS_Fifo_Put                              0x00001abd   Thumb Code    62  os.o(i.OS_Fifo_Put)
    OS_Init                                  0x00001b11   Thumb Code    68  os.o(i.OS_Init)
    OS_InitSemaphore                         0x00001b5d   Thumb Code    22  os.o(i.OS_InitSemaphore)
    OS_Kill                                  0x00001b75   Thumb Code   126  os.o(i.OS_Kill)
    OS_Launch                                0x00001c01   Thumb Code    22  os.o(i.OS_Launch)
    OS_MsTime                                0x00001c19   Thumb Code    16  os.o(i.OS_MsTime)
    OS_Signal                                0x00001c31   Thumb Code    24  os.o(i.OS_Signal)
    OS_Sleep                                 0x00001c49   Thumb Code    10  os.o(i.OS_Sleep)
    OS_Suspend                               0x00001c59   Thumb Code    18  os.o(i.OS_Suspend)
    OS_Wait                                  0x00001c71   Thumb Code    36  os.o(i.OS_Wait)
    OutLine1                                 0x00001c95   Thumb Code    16  interpreter.o(i.OutLine1)
    PLL_Init                                 0x00001ca5   Thumb Code   118  pll.o(i.PLL_Init)
    Producer                                 0x00001d21   Thumb Code    42  lab5.o(i.Producer)
    Robot                                    0x00001d59   Thumb Code   134  lab5.o(i.Robot)
    RxFifo_Get                               0x00001e39   Thumb Code    46  uart.o(i.RxFifo_Get)
    RxFifo_Init                              0x00001e75   Thumb Code    26  uart.o(i.RxFifo_Init)
    RxFifo_Put                               0x00001e99   Thumb Code    48  uart.o(i.RxFifo_Put)
    RxFifo_Size                              0x00001ed5   Thumb Code    14  uart.o(i.RxFifo_Size)
    SSI0_Init                                0x00001ef9   Thumb Code   240  edisk.o(i.SSI0_Init)
    SSI0_Out                                 0x00002005   Thumb Code    38  edisk.o(i.SSI0_Out)
    SetInitialStack                          0x00002031   Thumb Code   326  os.o(i.SetInitialStack)
    Timer1A_Handler                          0x00002185   Thumb Code     8  os.o(i.Timer1A_Handler)
    Timer1_Init                              0x00002191   Thumb Code   108  os.o(i.Timer1_Init)
    Timer5A_Handler                          0x0000220d   Thumb Code    16  os.o(i.Timer5A_Handler)
    Timer5_Init                              0x00002225   Thumb Code   118  os.o(i.Timer5_Init)
    TxFifo_Get                               0x000022b1   Thumb Code    46  uart.o(i.TxFifo_Get)
    TxFifo_Init                              0x000022ed   Thumb Code    26  uart.o(i.TxFifo_Init)
    TxFifo_Put                               0x00002311   Thumb Code    48  uart.o(i.TxFifo_Put)
    TxFifo_Size                              0x0000234d   Thumb Code    14  uart.o(i.TxFifo_Size)
    UART0_Handler                            0x00002365   Thumb Code    82  uart.o(i.UART0_Handler)
    UART_InChar                              0x000023bd   Thumb Code    20  uart.o(i.UART_InChar)
    UART_Init                                0x000023d1   Thumb Code   174  uart.o(i.UART_Init)
    UART_OutChar                             0x00002499   Thumb Code    46  uart.o(i.UART_OutChar)
    _is_digit                                0x000024cd   Thumb Code    14  __printf_wp.o(i._is_digit)
    _sys_exit                                0x000024db   Thumb Code     4  retarget.o(i._sys_exit)
    disk_timerproc                           0x00002535   Thumb Code    34  edisk.o(i.disk_timerproc)
    eDisk_Init                               0x00002561   Thumb Code   352  edisk.o(i.eDisk_Init)
    eDisk_Read                               0x000026cd   Thumb Code   146  edisk.o(i.eDisk_Read)
    eDisk_ReadBlock                          0x00002769   Thumb Code    20  edisk.o(i.eDisk_ReadBlock)
    eDisk_Write                              0x0000277d   Thumb Code   188  edisk.o(i.eDisk_Write)
    eDisk_WriteBlock                         0x00002841   Thumb Code    20  edisk.o(i.eDisk_WriteBlock)
    eFile_Create                             0x00002855   Thumb Code   188  efile.o(i.eFile_Create)
    eFile_Delete                             0x0000291d   Thumb Code   190  efile.o(i.eFile_Delete)
    eFile_Directory                          0x000029e9   Thumb Code    80  efile.o(i.eFile_Directory)
    eFile_EndRedirectToFile                  0x00002a41   Thumb Code    22  efile.o(i.eFile_EndRedirectToFile)
    eFile_Format                             0x00002a5d   Thumb Code   130  efile.o(i.eFile_Format)
    eFile_Init                               0x00002ae9   Thumb Code    20  efile.o(i.eFile_Init)
    eFile_ROpen                              0x00002afd   Thumb Code   138  efile.o(i.eFile_ROpen)
    eFile_ReadNext                           0x00002ba5   Thumb Code   120  efile.o(i.eFile_ReadNext)
    eFile_RedirectToFile                     0x00002c29   Thumb Code    32  efile.o(i.eFile_RedirectToFile)
    eFile_WClose                             0x00002c4d   Thumb Code    30  efile.o(i.eFile_WClose)
    eFile_WOpen                              0x00002c75   Thumb Code   162  efile.o(i.eFile_WOpen)
    eFile_Write                              0x00002d35   Thumb Code   216  efile.o(i.eFile_Write)
    ferror                                   0x00002e25   Thumb Code     8  retarget.o(i.ferror)
    fgetc                                    0x00002e2d   Thumb Code    10  retarget.o(i.fgetc)
    fputc                                    0x00002e37   Thumb Code    42  retarget.o(i.fputc)
    getFreeBlock                             0x00002e61   Thumb Code    70  efile.o(i.getFreeBlock)
    main                                     0x00002eb1   Thumb Code   122  lab5.o(i.main)
    streamToFile                             0x000030a1   Thumb Code     6  efile.o(i.streamToFile)
    _get_lc_ctype                            0x00003161   Thumb Code    44  lc_ctype_c.o(locale$$code)
    Region$$Table$$Base                      0x000031a0   Number         0  anon$$obj.o(Region$$Table)
    Region$$Table$$Limit                     0x000031c0   Number         0  anon$$obj.o(Region$$Table)
    __ctype                                  0x000031cd   Data           0  lc_ctype_c.o(locale$$data)
    StreamToFile                             0x20000008   Data           4  efile.o(.data)
    fileDirectoryIndex                       0x2000000c   Data           4  efile.o(.data)
    directoryCacheStatus                     0x20000010   Data           4  efile.o(.data)
    fileBlockIndex                           0x20000014   Data           4  efile.o(.data)
    fileStatus                               0x20000018   Data           4  efile.o(.data)
    writeStatus                              0x2000001c   Data           4  efile.o(.data)
    readIndex                                0x20000020   Data           4  efile.o(.data)
    Idlecount                                0x20000024   Data           4  lab5.o(.data)
    NumCreated                               0x20000028   Data           4  lab5.o(.data)
    NumSamples                               0x2000002c   Data           4  lab5.o(.data)
    DataLost                                 0x20000030   Data           4  lab5.o(.data)
    Running                                  0x20000034   Data           4  lab5.o(.data)
    numThreadsCreated                        0x20000038   Data           4  os.o(.data)
    PeriodicTask                             0x2000003c   Data           4  os.o(.data)
    RunPt                                    0x20000040   Data           4  os.o(.data)
    switchTaskPF0                            0x20000044   Data           4  os.o(.data)
    switchTaskPF4                            0x20000048   Data           4  os.o(.data)
    switchTask                               0x20000050   Data           4  os.o(.data)
    mail                                     0x20000054   Data           4  os.o(.data)
    mailBoxSendSema4                         0x20000058   Data           4  os.o(.data)
    mailBoxAckSema4                          0x2000005c   Data           4  os.o(.data)
    mutex                                    0x20000060   Data           4  os.o(.data)
    currentSize                              0x20000064   Data           4  os.o(.data)
    putPt                                    0x20000068   Data           4  os.o(.data)
    getPt                                    0x2000006c   Data           4  os.o(.data)
    lostData                                 0x20000070   Data           4  os.o(.data)
    __stdout                                 0x20000074   Data           4  retarget.o(.data)
    __stdin                                  0x20000078   Data           4  retarget.o(.data)
    RxPutI                                   0x2000007c   Data           4  uart.o(.data)
    RxGetI                                   0x20000080   Data           4  uart.o(.data)
    TxPutI                                   0x20000084   Data           4  uart.o(.data)
    TxGetI                                   0x20000088   Data           4  uart.o(.data)
    ADCcount                                 0x2000008c   Data           4  adc.o(.data)
    ADCtask                                  0x20000090   Data           4  adc.o(.data)
    ADCvalue                                 0x20000094   Data           4  adc.o(.data)
    ADCvalue2                                0x20000098   Data           4  adc.o(.data)
    blockBuffer                              0x200000a0   Data         512  efile.o(.bss)
    directoryBuffer                          0x200002a0   Data         512  efile.o(.bss)
    fileBuffer                               0x200004a0   Data         512  efile.o(.bss)
    tcbs                                     0x200006a0   Data         252  os.o(.bss)
    activeThreads                            0x2000079c   Data          36  os.o(.bss)
    Stacks                                   0x200007c0   Data       18000  os.o(.bss)
    fifo                                     0x20004e10   Data        2048  os.o(.bss)
    __libspace_start                         0x20005710   Data          96  libspace.o(.bss)
    __temporary_stack_top$libspace           0x20005770   Data           0  libspace.o(.bss)



==============================================================================

Memory Map of the image

  Image Entry point : 0x0000026d

  Load Region LR_1 (Base: 0x00000000, Size: 0x00003370, Max: 0xffffffff, ABSOLUTE)

    Execution Region ER_RO (Base: 0x00000000, Size: 0x000032d0, Max: 0xffffffff, ABSOLUTE)

    Base Addr    Size         Type   Attr      Idx    E Section Name        Object

    0x00000000   0x00000284   Code   RO          818  * RESET               startup.o
    0x00000284   0x00000008   Code   RO          941  * !!!main             c_w.l(__main.o)
    0x0000028c   0x00000034   Code   RO         1134    !!!scatter          c_w.l(__scatter.o)
    0x000002c0   0x0000001a   Code   RO         1136    !!handler_copy      c_w.l(__scatter_copy.o)
    0x000002da   0x00000002   PAD
    0x000002dc   0x0000001c   Code   RO         1138    !!handler_zi        c_w.l(__scatter_zi.o)
    0x000002f8   0x00000000   Code   RO          929    .ARM.Collect$$_printf_percent$$00000000  c_w.l(_printf_percent.o)
    0x000002f8   0x00000006   Code   RO          927    .ARM.Collect$$_printf_percent$$00000009  c_w.l(_printf_d.o)
    0x000002fe   0x00000006   Code   RO          928    .ARM.Collect$$_printf_percent$$0000000A  c_w.l(_printf_u.o)
    0x00000304   0x00000006   Code   RO          926    .ARM.Collect$$_printf_percent$$00000014  c_w.l(_printf_s.o)
    0x0000030a   0x00000004   Code   RO          954    .ARM.Collect$$_printf_percent$$00000017  c_w.l(_printf_percent_end.o)
    0x0000030e   0x00000002   Code   RO         1001    .ARM.Collect$$libinit$$00000000  c_w.l(libinit.o)
    0x00000310   0x00000000   Code   RO         1010    .ARM.Collect$$libinit$$00000002  c_w.l(libinit2.o)
    0x00000310   0x00000000   Code   RO         1013    .ARM.Collect$$libinit$$00000008  c_w.l(libinit2.o)
    0x00000310   0x00000000   Code   RO         1015    .ARM.Collect$$libinit$$0000000A  c_w.l(libinit2.o)
    0x00000310   0x00000000   Code   RO         1017    .ARM.Collect$$libinit$$0000000C  c_w.l(libinit2.o)
    0x00000310   0x00000006   Code   RO         1018    .ARM.Collect$$libinit$$0000000D  c_w.l(libinit2.o)
    0x00000316   0x00000000   Code   RO         1020    .ARM.Collect$$libinit$$0000000F  c_w.l(libinit2.o)
    0x00000316   0x0000000c   Code   RO         1021    .ARM.Collect$$libinit$$00000010  c_w.l(libinit2.o)
    0x00000322   0x00000000   Code   RO         1022    .ARM.Collect$$libinit$$00000011  c_w.l(libinit2.o)
    0x00000322   0x00000000   Code   RO         1024    .ARM.Collect$$libinit$$00000013  c_w.l(libinit2.o)
    0x00000322   0x00000000   Code   RO         1026    .ARM.Collect$$libinit$$00000015  c_w.l(libinit2.o)
    0x00000322   0x00000000   Code   RO         1028    .ARM.Collect$$libinit$$00000017  c_w.l(libinit2.o)
    0x00000322   0x00000000   Code   RO         1030    .ARM.Collect$$libinit$$00000019  c_w.l(libinit2.o)
    0x00000322   0x00000000   Code   RO         1032    .ARM.Collect$$libinit$$0000001B  c_w.l(libinit2.o)
    0x00000322   0x00000000   Code   RO         1034    .ARM.Collect$$libinit$$0000001D  c_w.l(libinit2.o)
    0x00000322   0x00000000   Code   RO         1036    .ARM.Collect$$libinit$$0000001F  c_w.l(libinit2.o)
    0x00000322   0x00000000   Code   RO         1038    .ARM.Collect$$libinit$$00000021  c_w.l(libinit2.o)
    0x00000322   0x00000000   Code   RO         1040    .ARM.Collect$$libinit$$00000023  c_w.l(libinit2.o)
    0x00000322   0x00000000   Code   RO         1044    .ARM.Collect$$libinit$$0000002A  c_w.l(libinit2.o)
    0x00000322   0x00000000   Code   RO         1046    .ARM.Collect$$libinit$$0000002C  c_w.l(libinit2.o)
    0x00000322   0x00000000   Code   RO         1048    .ARM.Collect$$libinit$$0000002E  c_w.l(libinit2.o)
    0x00000322   0x00000000   Code   RO         1050    .ARM.Collect$$libinit$$00000030  c_w.l(libinit2.o)
    0x00000322   0x00000002   Code   RO         1051    .ARM.Collect$$libinit$$00000031  c_w.l(libinit2.o)
    0x00000324   0x00000002   Code   RO         1077    .ARM.Collect$$libshutdown$$00000000  c_w.l(libshutdown.o)
    0x00000326   0x00000000   Code   RO         1088    .ARM.Collect$$libshutdown$$00000003  c_w.l(libshutdown2.o)
    0x00000326   0x00000000   Code   RO         1091    .ARM.Collect$$libshutdown$$00000006  c_w.l(libshutdown2.o)
    0x00000326   0x00000000   Code   RO         1094    .ARM.Collect$$libshutdown$$00000009  c_w.l(libshutdown2.o)
    0x00000326   0x00000000   Code   RO         1096    .ARM.Collect$$libshutdown$$0000000B  c_w.l(libshutdown2.o)
    0x00000326   0x00000000   Code   RO         1099    .ARM.Collect$$libshutdown$$0000000E  c_w.l(libshutdown2.o)
    0x00000326   0x00000002   Code   RO         1100    .ARM.Collect$$libshutdown$$0000000F  c_w.l(libshutdown2.o)
    0x00000328   0x00000000   Code   RO          943    .ARM.Collect$$rtentry$$00000000  c_w.l(rtentry.o)
    0x00000328   0x00000000   Code   RO          960    .ARM.Collect$$rtentry$$00000002  c_w.l(rtentry2.o)
    0x00000328   0x00000006   Code   RO          972    .ARM.Collect$$rtentry$$00000004  c_w.l(rtentry4.o)
    0x0000032e   0x00000000   Code   RO          962    .ARM.Collect$$rtentry$$00000009  c_w.l(rtentry2.o)
    0x0000032e   0x00000004   Code   RO          963    .ARM.Collect$$rtentry$$0000000A  c_w.l(rtentry2.o)
    0x00000332   0x00000000   Code   RO          965    .ARM.Collect$$rtentry$$0000000C  c_w.l(rtentry2.o)
    0x00000332   0x00000008   Code   RO          966    .ARM.Collect$$rtentry$$0000000D  c_w.l(rtentry2.o)
    0x0000033a   0x00000002   Code   RO         1005    .ARM.Collect$$rtexit$$00000000  c_w.l(rtexit.o)
    0x0000033c   0x00000000   Code   RO         1053    .ARM.Collect$$rtexit$$00000002  c_w.l(rtexit2.o)
    0x0000033c   0x00000004   Code   RO         1054    .ARM.Collect$$rtexit$$00000003  c_w.l(rtexit2.o)
    0x00000340   0x00000006   Code   RO         1055    .ARM.Collect$$rtexit$$00000004  c_w.l(rtexit2.o)
    0x00000346   0x00000002   PAD
    0x00000348   0x00000030   Code   RO          819    .text               startup.o
    0x00000378   0x00000078   Code   RO          826    .text               osasm.o
    0x000003f0   0x00000002   Code   RO          888    .text               c_w.l(use_no_semi.o)
    0x000003f2   0x00000002   PAD
    0x000003f4   0x00000018   Code   RO          894    .text               c_w.l(noretval__2printf.o)
    0x0000040c   0x00000028   Code   RO          896    .text               c_w.l(noretval__2sprintf.o)
    0x00000434   0x00000052   Code   RO          900    .text               c_w.l(_printf_pad.o)
    0x00000486   0x00000052   Code   RO          902    .text               c_w.l(_printf_str.o)
    0x000004d8   0x00000078   Code   RO          904    .text               c_w.l(_printf_dec.o)
    0x00000550   0x0000013c   Code   RO          918    .text               c_w.l(__printf_flags_wp.o)
    0x0000068c   0x00000020   Code   RO          930    .text               c_w.l(__0scanf.o)
    0x000006ac   0x000000da   Code   RO          932    .text               c_w.l(_scanf_str.o)
    0x00000786   0x00000002   PAD
    0x00000788   0x0000000c   Code   RO          934    .text               c_w.l(strtok.o)
    0x00000794   0x00000080   Code   RO          937    .text               c_w.l(strcmpv7m.o)
    0x00000814   0x00000006   Code   RO          939    .text               c_w.l(heapauxi.o)
    0x0000081a   0x000000b8   Code   RO          944    .text               c_w.l(_printf_intcommon.o)
    0x000008d2   0x00000002   PAD
    0x000008d4   0x00000030   Code   RO          946    .text               c_w.l(_printf_char_common.o)
    0x00000904   0x0000000a   Code   RO          948    .text               c_w.l(_sputc.o)
    0x0000090e   0x0000002c   Code   RO          950    .text               c_w.l(_printf_char.o)
    0x0000093a   0x00000002   PAD
    0x0000093c   0x00000024   Code   RO          952    .text               c_w.l(_printf_char_file.o)
    0x00000960   0x00000018   Code   RO          955    .text               c_w.l(scanf_char_file.o)
    0x00000978   0x00000044   Code   RO          957    .text               c_w.l(strtok_int.o)
    0x000009bc   0x0000002c   Code   RO          976    .text               c_w.l(scanf_char.o)
    0x000009e8   0x00000048   Code   RO          978    .text               c_w.l(backspace.o)
    0x00000a30   0x00000020   Code   RO          982    .text               c_w.l(strcspn.o)
    0x00000a50   0x0000001c   Code   RO          984    .text               c_w.l(strspn.o)
    0x00000a6c   0x0000004a   Code   RO          986    .text               c_w.l(sys_stackheap_outer.o)
    0x00000ab6   0x00000012   Code   RO          988    .text               c_w.l(isspace.o)
    0x00000ac8   0x00000370   Code   RO          990    .text               c_w.l(_scanf.o)
    0x00000e38   0x00000048   Code   RO          992    .text               c_w.l(ungetc.o)
    0x00000e80   0x0000000c   Code   RO          994    .text               c_w.l(exit.o)
    0x00000e8c   0x00000008   Code   RO         1002    .text               c_w.l(libspace.o)
    0x00000e94   0x00000010   Code   RO         1007    .text               c_w.l(rt_ctype_table.o)
    0x00000ea4   0x00000008   Code   RO         1062    .text               c_w.l(rt_locale_intlibspace.o)
    0x00000eac   0x00000030   Code   RO          841    i.ADC0Seq0_Handler  adc.o
    0x00000edc   0x0000002c   Code   RO          842    i.ADC_Collect       adc.o
    0x00000f08   0x00000444   Code   RO          845    i.ADC_Open          adc.o
    0x0000134c   0x00000030   Code   RO          335    i.ButtonPush        lab5.o
    0x0000137c   0x000000a4   Code   RO            1    i.CS_Init           edisk.o
    0x00001420   0x0000000c   Code   RO            2    i.DESELECT          edisk.o
    0x0000142c   0x00000030   Code   RO          420    i.DebounceTaskPF4   os.o
    0x0000145c   0x00000068   Code   RO          421    i.GPIOPortF_Handler  os.o
    0x000014c4   0x00000014   Code   RO          337    i.IdleTask          lab5.o
    0x000014d8   0x0000021c   Code   RO          284    i.Interpreter       interpreter.o
    0x000016f4   0x00000028   Code   RO            3    i.MakeTxSSI         edisk.o
    0x0000171c   0x00000038   Code   RO            4    i.MakeTxhigh        edisk.o
    0x00001754   0x00000016   Code   RO          423    i.OS_AddPeriodicThread  os.o
    0x0000176a   0x00000002   PAD
    0x0000176c   0x000000b4   Code   RO          424    i.OS_AddSW1Task     os.o
    0x00001820   0x00000200   Code   RO          425    i.OS_AddThread      os.o
    0x00001a20   0x00000010   Code   RO          426    i.OS_ClearMsTime    os.o
    0x00001a30   0x0000004c   Code   RO          428    i.OS_Fifo_Get       os.o
    0x00001a7c   0x00000040   Code   RO          429    i.OS_Fifo_Init      os.o
    0x00001abc   0x00000054   Code   RO          430    i.OS_Fifo_Put       os.o
    0x00001b10   0x0000004c   Code   RO          433    i.OS_Init           os.o
    0x00001b5c   0x00000016   Code   RO          434    i.OS_InitSemaphore  os.o
    0x00001b72   0x00000002   PAD
    0x00001b74   0x0000008c   Code   RO          435    i.OS_Kill           os.o
    0x00001c00   0x00000016   Code   RO          436    i.OS_Launch         os.o
    0x00001c16   0x00000002   PAD
    0x00001c18   0x00000018   Code   RO          440    i.OS_MsTime         os.o
    0x00001c30   0x00000018   Code   RO          442    i.OS_Signal         os.o
    0x00001c48   0x00000010   Code   RO          443    i.OS_Sleep          os.o
    0x00001c58   0x00000018   Code   RO          444    i.OS_Suspend        os.o
    0x00001c70   0x00000024   Code   RO          447    i.OS_Wait           os.o
    0x00001c94   0x00000010   Code   RO          286    i.OutLine1          interpreter.o
    0x00001ca4   0x0000007c   Code   RO          829    i.PLL_Init          pll.o
    0x00001d20   0x00000038   Code   RO          338    i.Producer          lab5.o
    0x00001d58   0x000000e0   Code   RO          339    i.Robot             lab5.o
    0x00001e38   0x0000003c   Code   RO          685    i.RxFifo_Get        uart.o
    0x00001e74   0x00000024   Code   RO          686    i.RxFifo_Init       uart.o
    0x00001e98   0x0000003c   Code   RO          687    i.RxFifo_Put        uart.o
    0x00001ed4   0x00000018   Code   RO          688    i.RxFifo_Size       uart.o
    0x00001eec   0x0000000c   Code   RO            5    i.SELECT            edisk.o
    0x00001ef8   0x0000010c   Code   RO            6    i.SSI0_Init         edisk.o
    0x00002004   0x0000002c   Code   RO            7    i.SSI0_Out          edisk.o
    0x00002030   0x00000154   Code   RO          450    i.SetInitialStack   os.o
    0x00002184   0x0000000c   Code   RO          451    i.Timer1A_Handler   os.o
    0x00002190   0x0000007c   Code   RO          452    i.Timer1_Init       os.o
    0x0000220c   0x00000018   Code   RO          453    i.Timer5A_Handler   os.o
    0x00002224   0x0000008c   Code   RO          454    i.Timer5_Init       os.o
    0x000022b0   0x0000003c   Code   RO          689    i.TxFifo_Get        uart.o
    0x000022ec   0x00000024   Code   RO          690    i.TxFifo_Init       uart.o
    0x00002310   0x0000003c   Code   RO          691    i.TxFifo_Put        uart.o
    0x0000234c   0x00000018   Code   RO          692    i.TxFifo_Size       uart.o
    0x00002364   0x00000058   Code   RO          693    i.UART0_Handler     uart.o
    0x000023bc   0x00000014   Code   RO          694    i.UART_InChar       uart.o
    0x000023d0   0x000000c8   Code   RO          698    i.UART_Init         uart.o
    0x00002498   0x00000034   Code   RO          699    i.UART_OutChar      uart.o
    0x000024cc   0x0000000e   Code   RO          916    i._is_digit         c_w.l(__printf_wp.o)
    0x000024da   0x00000004   Code   RO          648    i._sys_exit         retarget.o
    0x000024de   0x00000002   PAD
    0x000024e0   0x00000028   Code   RO          703    i.copyHardwareToSoftware  uart.o
    0x00002508   0x0000002c   Code   RO          704    i.copySoftwareToHardware  uart.o
    0x00002534   0x0000002c   Code   RO           10    i.disk_timerproc    edisk.o
    0x00002560   0x0000016c   Code   RO           11    i.eDisk_Init        edisk.o
    0x000026cc   0x0000009c   Code   RO           12    i.eDisk_Read        edisk.o
    0x00002768   0x00000014   Code   RO           13    i.eDisk_ReadBlock   edisk.o
    0x0000277c   0x000000c4   Code   RO           15    i.eDisk_Write       edisk.o
    0x00002840   0x00000014   Code   RO           16    i.eDisk_WriteBlock  edisk.o
    0x00002854   0x000000c8   Code   RO          175    i.eFile_Create      efile.o
    0x0000291c   0x000000cc   Code   RO          176    i.eFile_Delete      efile.o
    0x000029e8   0x00000058   Code   RO          177    i.eFile_Directory   efile.o
    0x00002a40   0x0000001c   Code   RO          178    i.eFile_EndRedirectToFile  efile.o
    0x00002a5c   0x0000008c   Code   RO          179    i.eFile_Format      efile.o
    0x00002ae8   0x00000014   Code   RO          180    i.eFile_Init        efile.o
    0x00002afc   0x000000a8   Code   RO          182    i.eFile_ROpen       efile.o
    0x00002ba4   0x00000084   Code   RO          183    i.eFile_ReadNext    efile.o
    0x00002c28   0x00000024   Code   RO          184    i.eFile_RedirectToFile  efile.o
    0x00002c4c   0x00000028   Code   RO          185    i.eFile_WClose      efile.o
    0x00002c74   0x000000c0   Code   RO          186    i.eFile_WOpen       efile.o
    0x00002d34   0x000000f0   Code   RO          187    i.eFile_Write       efile.o
    0x00002e24   0x00000008   Code   RO          649    i.ferror            retarget.o
    0x00002e2c   0x0000000a   Code   RO          650    i.fgetc             retarget.o
    0x00002e36   0x0000002a   Code   RO          651    i.fputc             retarget.o
    0x00002e60   0x00000050   Code   RO          188    i.getFreeBlock      efile.o
    0x00002eb0   0x000000a8   Code   RO          344    i.main              lab5.o
    0x00002f58   0x0000000c   Code   RO           18    i.power_off         edisk.o
    0x00002f64   0x00000018   Code   RO           19    i.power_on          edisk.o
    0x00002f7c   0x00000050   Code   RO           20    i.rcvr_datablock    edisk.o
    0x00002fcc   0x0000002c   Code   RO           21    i.rcvr_spi          edisk.o
    0x00002ff8   0x0000000c   Code   RO           22    i.rcvr_spi_m        edisk.o
    0x00003004   0x00000070   Code   RO           23    i.send_cmd          edisk.o
    0x00003074   0x00000020   Code   RO           24    i.send_initial_clock_train  edisk.o
    0x00003094   0x0000000a   Code   RO           25    i.set_max_speed     edisk.o
    0x0000309e   0x00000002   PAD
    0x000030a0   0x0000000c   Code   RO          189    i.streamToFile      efile.o
    0x000030ac   0x00000028   Code   RO           26    i.wait_ready        edisk.o
    0x000030d4   0x0000005e   Code   RO           27    i.xmit_datablock    edisk.o
    0x00003132   0x00000002   PAD
    0x00003134   0x0000002c   Code   RO           28    i.xmit_spi          edisk.o
    0x00003160   0x0000002c   Code   RO         1065    locale$$code        c_w.l(lc_ctype_c.o)
    0x0000318c   0x00000011   Data   RO          919    .constdata          c_w.l(__printf_flags_wp.o)
    0x0000319d   0x00000003   PAD
    0x000031a0   0x00000020   Data   RO         1132    Region$$Table       anon$$obj.o
    0x000031c0   0x00000110   Data   RO         1064    locale$$data        c_w.l(lc_ctype_c.o)


    Execution Region ER_RW (Base: 0x20000000, Size: 0x000000a0, Max: 0xffffffff, ABSOLUTE)

    Base Addr    Size         Type   Attr      Idx    E Section Name        Object

    0x20000000   0x00000005   Data   RW           29    .data               edisk.o
    0x20000005   0x00000003   PAD
    0x20000008   0x0000001c   Data   RW          191    .data               efile.o
    0x20000024   0x00000014   Data   RW          348    .data               lab5.o
    0x20000038   0x0000003c   Data   RW          457    .data               os.o
    0x20000074   0x00000008   Data   RW          652    .data               retarget.o
    0x2000007c   0x00000010   Data   RW          706    .data               uart.o
    0x2000008c   0x00000010   Data   RW          847    .data               adc.o
    0x2000009c   0x00000004   Data   RW          935    .data               c_w.l(strtok.o)


    Execution Region ER_ZI (Base: 0x200000a0, Size: 0x00005ad0, Max: 0xffffffff, ABSOLUTE)

    Base Addr    Size         Type   Attr      Idx    E Section Name        Object

    0x200000a0   0x00000600   Zero   RW          190    .bss                efile.o
    0x200006a0   0x00004f70   Zero   RW          456    .bss                os.o
    0x20005610   0x00000100   Zero   RW          705    .bss                uart.o
    0x20005710   0x00000060   Zero   RW         1003    .bss                c_w.l(libspace.o)
    0x20005770   0x00000000   Zero   RW          817    HEAP                startup.o
    0x20005770   0x00000400   Zero   RW          816    STACK               startup.o


==============================================================================

Image component sizes


      Code (inc. data)   RO Data    RW Data    ZI Data      Debug   Object Name

      1184         98          0         16          0       3222   adc.o
      1900        162          0          5          0      16388   edisk.o
      1580        176          0         28       1536       9079   efile.o
       556        264          0          0          0       1357   interpreter.o
       516        168          0         20          0       3052   lab5.o
      2130        262          0         60      20336      12051   os.o
       120          4          0          0          0        200   osasm.o
       124          6          0          0          0        363   pll.o
        64          0          0          8          0       3275   retarget.o
       692        632          0          0       1024        868   startup.o
       804        140          0         16        256       6659   uart.o

    ----------------------------------------------------------------------
      9682       1912         32        156      23152      56514   Object Totals
         0          0         32          0          0          0   (incl. Generated)
        12          0          0          3          0          0   (incl. Padding)

    ----------------------------------------------------------------------

      Code (inc. data)   RO Data    RW Data    ZI Data      Debug   Library Member Name

        32          6          0          0          0         84   __0scanf.o
         8          0          0          0          0         68   __main.o
       316          6         17          0          0         92   __printf_flags_wp.o
        14          0          0          0          0         68   __printf_wp.o
        52          8          0          0          0          0   __scatter.o
        26          0          0          0          0          0   __scatter_copy.o
        28          0          0          0          0          0   __scatter_zi.o
        44          0          0          0          0        108   _printf_char.o
        48          6          0          0          0         96   _printf_char_common.o
        36          4          0          0          0         80   _printf_char_file.o
         6          0          0          0          0          0   _printf_d.o
       120         18          0          0          0         92   _printf_dec.o
       184          0          0          0          0         88   _printf_intcommon.o
        82          0          0          0          0        108   _printf_pad.o
         0          0          0          0          0          0   _printf_percent.o
         4          0          0          0          0          0   _printf_percent_end.o
         6          0          0          0          0          0   _printf_s.o
        82          0          0          0          0         80   _printf_str.o
         6          0          0          0          0          0   _printf_u.o
       880          4          0          0          0        100   _scanf.o
       218          0          0          0          0         96   _scanf_str.o
        10          0          0          0          0         68   _sputc.o
        72          0          0          0          0         92   backspace.o
        12          0          0          0          0         72   exit.o
         6          0          0          0          0        152   heapauxi.o
        18          0          0          0          0         76   isspace.o
        44         10        272          0          0         76   lc_ctype_c.o
         2          0          0          0          0          0   libinit.o
        20          0          0          0          0          0   libinit2.o
         2          0          0          0          0          0   libshutdown.o
         2          0          0          0          0          0   libshutdown2.o
         8          4          0          0         96         68   libspace.o
        24          4          0          0          0         84   noretval__2printf.o
        40          6          0          0          0         84   noretval__2sprintf.o
        16          4          0          0          0         76   rt_ctype_table.o
         8          4          0          0          0         68   rt_locale_intlibspace.o
         0          0          0          0          0          0   rtentry.o
        12          0          0          0          0          0   rtentry2.o
         6          0          0          0          0          0   rtentry4.o
         2          0          0          0          0          0   rtexit.o
        10          0          0          0          0          0   rtexit2.o
        44          8          0          0          0         84   scanf_char.o
        24          8          0          0          0         68   scanf_char_file.o
       128          0          0          0          0         68   strcmpv7m.o
        32          0          0          0          0         80   strcspn.o
        28          0          0          0          0         80   strspn.o
        12          6          0          4          0         68   strtok.o
        68          4          0          0          0         84   strtok_int.o
        74          0          0          0          0         80   sys_stackheap_outer.o
        72         12          0          0          0         68   ungetc.o
         2          0          0          0          0         68   use_no_semi.o

    ----------------------------------------------------------------------
      3002        122        292          4         96       2824   Library Totals
        12          0          3          0          0          0   (incl. Padding)

    ----------------------------------------------------------------------

      Code (inc. data)   RO Data    RW Data    ZI Data      Debug   Library Name

      2990        122        289          4         96       2824   c_w.l

    ----------------------------------------------------------------------
      3002        122        292          4         96       2824   Library Totals

    ----------------------------------------------------------------------

==============================================================================


      Code (inc. data)   RO Data    RW Data    ZI Data      Debug   

     12684       2034        324        160      23248      53150   Grand Totals
     12684       2034        324        160      23248      53150   ELF Image Totals
     12684       2034        324        160          0          0   ROM Totals

==============================================================================

    Total RO  Size (Code + RO Data)                13008 (  12.70kB)
    Total RW  Size (RW Data + ZI Data)             23408 (  22.86kB)
    Total ROM Size (Code + RO Data + RW Data)      13168 (  12.86kB)

==============================================================================

