<html>
<body>
<pre>
<h1>µVision Build Log</h1>
<h2>Project:</h2>
C:\Users\Meksla\Dropbox\EE445MLab5\Lab 5.uvproj
Project File Date:  04/09/2015

<h2>Output:</h2>
Load "C:\\Users\\Meksla\\Dropbox\\EE445MLab5\\Lab 5.axf" 
Connecting: Mode=JTAG, Speed=1000000Hz
Erase Done.
Programming Done.
Verify OK.
Rebuild target 'Lab5'
compiling edisk.c...
compiling efile.c...
efile.c(440): warning:  #550-D: variable "directoryEntry" was set but never used
compiling Interpreter.c...
compiling Lab5.c...
compiling OS.c...
compiling retarget.c...
compiling UART.c...
assembling startup.s...
assembling OSasm.s...
compiling PLL.c...
compiling ADC.c...
linking...
Program Size: Code=8156 RO-data=52 RW-data=152 ZI-data=21712  
".\Lab 5.axf" - 0 Errors, 1 Warning(s).
Load "C:\\Users\\Meksla\\Dropbox\\EE445MLab5\\Lab 5.axf" 
Connecting: Mode=JTAG, Speed=1000000Hz
Erase Done.
Programming Done.
Verify OK.
Rebuild target 'Lab5'
compiling edisk.c...
compiling efile.c...
efile.c(440): warning:  #550-D: variable "directoryEntry" was set but never used
compiling Interpreter.c...
compiling Lab5.c...
compiling OS.c...
compiling retarget.c...
compiling UART.c...
assembling startup.s...
assembling OSasm.s...
compiling PLL.c...
compiling ADC.c...
linking...
Program Size: Code=8156 RO-data=52 RW-data=152 ZI-data=21712  
".\Lab 5.axf" - 0 Errors, 1 Warning(s).
Load "C:\\Users\\Meksla\\Dropbox\\EE445MLab5\\Lab 5.axf" 
Connecting: Mode=JTAG, Speed=1000000Hz
Erase Done.
Programming Done.
Verify OK.
Rebuild target 'Lab5'
compiling edisk.c...
compiling efile.c...
efile.c(43): error:  #20: identifier "blockIndex" is undefined
efile.c(134): error:  #167: argument of type "BYTE *" is incompatible with parameter of type "BYTE"
efile.c(134): error:  #167: argument of type "int" is incompatible with parameter of type "const BYTE *"
efile.c(134): error:  #165: too few arguments in function call
efile.c(149): warning:  #177-D: variable "writeByte" was declared but never referenced
efile.c(210): warning:  #177-D: variable "dataBuffer" was declared but never referenced
efile.c(531): warning:  #177-D: variable "writeByte" was declared but never referenced
efile.c(532): warning:  #550-D: variable "directoryEntry" was set but never used
compiling Interpreter.c...
compiling Lab5.c...
compiling OS.c...
compiling retarget.c...
compiling UART.c...
assembling startup.s...
assembling OSasm.s...
compiling PLL.c...
compiling ADC.c...
".\Lab 5.axf" - 4 Errors, 4 Warning(s).
Target not created
Rebuild target 'Lab5'
compiling edisk.c...
compiling efile.c...
efile.c(135): error:  #167: argument of type "BYTE *" is incompatible with parameter of type "BYTE"
efile.c(135): error:  #167: argument of type "int" is incompatible with parameter of type "const BYTE *"
efile.c(135): error:  #165: too few arguments in function call
efile.c(530): warning:  #550-D: variable "directoryEntry" was set but never used
compiling Interpreter.c...
compiling Lab5.c...
compiling OS.c...
compiling retarget.c...
compiling UART.c...
assembling startup.s...
assembling OSasm.s...
compiling PLL.c...
compiling ADC.c...
".\Lab 5.axf" - 3 Errors, 1 Warning(s).
Target not created
Rebuild target 'Lab5'
compiling edisk.c...
compiling efile.c...
efile.c(530): warning:  #550-D: variable "directoryEntry" was set but never used
compiling Interpreter.c...
compiling Lab5.c...
compiling OS.c...
compiling retarget.c...
compiling UART.c...
assembling startup.s...
assembling OSasm.s...
compiling PLL.c...
compiling ADC.c...
linking...
Program Size: Code=8444 RO-data=52 RW-data=156 ZI-data=22228  
".\Lab 5.axf" - 0 Errors, 1 Warning(s).
Rebuild target 'Lab5'
compiling edisk.c...
compiling efile.c...
efile.c(530): warning:  #550-D: variable "directoryEntry" was set but never used
compiling Interpreter.c...
compiling Lab5.c...
compiling OS.c...
compiling retarget.c...
compiling UART.c...
assembling startup.s...
assembling OSasm.s...
compiling PLL.c...
compiling ADC.c...
linking...
Program Size: Code=8444 RO-data=52 RW-data=156 ZI-data=22228  
".\Lab 5.axf" - 0 Errors, 1 Warning(s).
Load "C:\\Users\\Meksla\\Dropbox\\EE445MLab5\\Lab 5.axf" 
Connecting: Mode=JTAG, Speed=1000000Hz
Erase Done.
Programming Done.
Verify OK.
Rebuild target 'Lab5'
compiling edisk.c...
compiling efile.c...
efile.c(530): warning:  #550-D: variable "directoryEntry" was set but never used
compiling Interpreter.c...
compiling Lab5.c...
compiling OS.c...
compiling retarget.c...
compiling UART.c...
assembling startup.s...
assembling OSasm.s...
compiling PLL.c...
compiling ADC.c...
linking...
Program Size: Code=8440 RO-data=52 RW-data=156 ZI-data=22228  
".\Lab 5.axf" - 0 Errors, 1 Warning(s).
Load "C:\\Users\\Meksla\\Dropbox\\EE445MLab5\\Lab 5.axf" 
Connecting: Mode=JTAG, Speed=1000000Hz
Erase Done.
Programming Done.
Verify OK.
Rebuild target 'Lab5'
compiling edisk.c...
compiling efile.c...
efile.c(535): warning:  #550-D: variable "directoryEntry" was set but never used
compiling Interpreter.c...
compiling Lab5.c...
compiling OS.c...
compiling retarget.c...
compiling UART.c...
assembling startup.s...
assembling OSasm.s...
compiling PLL.c...
compiling ADC.c...
linking...
Program Size: Code=8456 RO-data=52 RW-data=156 ZI-data=22228  
".\Lab 5.axf" - 0 Errors, 1 Warning(s).
Load "C:\\Users\\Meksla\\Dropbox\\EE445MLab5\\Lab 5.axf" 
Connecting: Mode=JTAG, Speed=1000000Hz
Erase Done.
Programming Done.
Verify OK.
Rebuild target 'Lab5'
compiling edisk.c...
compiling efile.c...
efile.c(535): warning:  #550-D: variable "directoryEntry" was set but never used
compiling Interpreter.c...
compiling Lab5.c...
compiling OS.c...
compiling retarget.c...
compiling UART.c...
assembling startup.s...
assembling OSasm.s...
compiling PLL.c...
compiling ADC.c...
linking...
Program Size: Code=8452 RO-data=52 RW-data=156 ZI-data=22228  
".\Lab 5.axf" - 0 Errors, 1 Warning(s).
Load "C:\\Users\\Meksla\\Dropbox\\EE445MLab5\\Lab 5.axf" 
Connecting: Mode=JTAG, Speed=1000000Hz
Erase Done.
Programming Done.
Verify OK.
Rebuild target 'Lab5'
compiling edisk.c...
compiling efile.c...
efile.c(535): warning:  #550-D: variable "directoryEntry" was set but never used
compiling Interpreter.c...
compiling Lab5.c...
compiling OS.c...
compiling retarget.c...
compiling UART.c...
assembling startup.s...
assembling OSasm.s...
compiling PLL.c...
compiling ADC.c...
linking...
Program Size: Code=8452 RO-data=52 RW-data=156 ZI-data=22228  
".\Lab 5.axf" - 0 Errors, 1 Warning(s).
Load "C:\\Users\\Meksla\\Dropbox\\EE445MLab5\\Lab 5.axf" 
Connecting: Mode=JTAG, Speed=1000000Hz
Erase Done.
Programming Done.
Verify OK.
Rebuild target 'Lab5'
compiling edisk.c...
compiling efile.c...
efile.c(535): warning:  #550-D: variable "directoryEntry" was set but never used
compiling Interpreter.c...
compiling Lab5.c...
compiling OS.c...
compiling retarget.c...
compiling UART.c...
assembling startup.s...
assembling OSasm.s...
compiling PLL.c...
compiling ADC.c...
linking...
Program Size: Code=8452 RO-data=52 RW-data=156 ZI-data=22228  
".\Lab 5.axf" - 0 Errors, 1 Warning(s).
Rebuild target 'Lab5'
compiling edisk.c...
compiling efile.c...
efile.c(535): warning:  #550-D: variable "directoryEntry" was set but never used
compiling Interpreter.c...
compiling Lab5.c...
compiling OS.c...
compiling retarget.c...
compiling UART.c...
assembling startup.s...
assembling OSasm.s...
compiling PLL.c...
compiling ADC.c...
linking...
Program Size: Code=11564 RO-data=324 RW-data=160 ZI-data=22224  
".\Lab 5.axf" - 0 Errors, 1 Warning(s).
Load "C:\\Users\\Meksla\\Dropbox\\EE445MLab5\\Lab 5.axf" 
Connecting: Mode=JTAG, Speed=1000000Hz
Erase Done.
Programming Done.
Verify OK.
