ARM Linker, 5.03 [Build 76] [MDK-ARM Lite]

==============================================================================

Section Cross References

    edisk.o(i.SSI0_Init) refers to edisk.o(i.CS_Init) for CS_Init
    edisk.o(i.chk_power) refers to edisk.o(.data) for PowerFlag
    edisk.o(i.disk_ioctl) refers to edisk.o(i.chk_power) for chk_power
    edisk.o(i.disk_ioctl) refers to edisk.o(i.power_off) for power_off
    edisk.o(i.disk_ioctl) refers to edisk.o(i.power_on) for power_on
    edisk.o(i.disk_ioctl) refers to edisk.o(i.SELECT) for SELECT
    edisk.o(i.disk_ioctl) refers to edisk.o(i.send_cmd) for send_cmd
    edisk.o(i.disk_ioctl) refers to edisk.o(i.rcvr_datablock) for rcvr_datablock
    edisk.o(i.disk_ioctl) refers to edisk.o(i.wait_ready) for wait_ready
    edisk.o(i.disk_ioctl) refers to edisk.o(i.rcvr_spi) for rcvr_spi
    edisk.o(i.disk_ioctl) refers to edisk.o(i.DESELECT) for DESELECT
    edisk.o(i.disk_ioctl) refers to edisk.o(.data) for Stat
    edisk.o(i.disk_timerproc) refers to edisk.o(.data) for Timer1
    edisk.o(i.eDisk_Init) refers to edisk.o(i.power_on) for power_on
    edisk.o(i.eDisk_Init) refers to edisk.o(i.send_initial_clock_train) for send_initial_clock_train
    edisk.o(i.eDisk_Init) refers to edisk.o(i.SELECT) for SELECT
    edisk.o(i.eDisk_Init) refers to edisk.o(i.send_cmd) for send_cmd
    edisk.o(i.eDisk_Init) refers to edisk.o(i.rcvr_spi) for rcvr_spi
    edisk.o(i.eDisk_Init) refers to edisk.o(i.DESELECT) for DESELECT
    edisk.o(i.eDisk_Init) refers to edisk.o(i.set_max_speed) for set_max_speed
    edisk.o(i.eDisk_Init) refers to edisk.o(i.power_off) for power_off
    edisk.o(i.eDisk_Init) refers to edisk.o(.data) for Stat
    edisk.o(i.eDisk_Read) refers to edisk.o(i.SELECT) for SELECT
    edisk.o(i.eDisk_Read) refers to edisk.o(i.send_cmd) for send_cmd
    edisk.o(i.eDisk_Read) refers to edisk.o(i.rcvr_datablock) for rcvr_datablock
    edisk.o(i.eDisk_Read) refers to edisk.o(i.DESELECT) for DESELECT
    edisk.o(i.eDisk_Read) refers to edisk.o(i.rcvr_spi) for rcvr_spi
    edisk.o(i.eDisk_Read) refers to edisk.o(.data) for Stat
    edisk.o(i.eDisk_ReadBlock) refers to edisk.o(i.eDisk_Read) for eDisk_Read
    edisk.o(i.eDisk_Status) refers to edisk.o(.data) for Stat
    edisk.o(i.eDisk_Write) refers to edisk.o(i.SELECT) for SELECT
    edisk.o(i.eDisk_Write) refers to edisk.o(i.send_cmd) for send_cmd
    edisk.o(i.eDisk_Write) refers to edisk.o(i.xmit_datablock) for xmit_datablock
    edisk.o(i.eDisk_Write) refers to edisk.o(i.DESELECT) for DESELECT
    edisk.o(i.eDisk_Write) refers to edisk.o(i.rcvr_spi) for rcvr_spi
    edisk.o(i.eDisk_Write) refers to edisk.o(.data) for Stat
    edisk.o(i.eDisk_WriteBlock) refers to edisk.o(i.eDisk_Write) for eDisk_Write
    edisk.o(i.power_off) refers to edisk.o(.data) for PowerFlag
    edisk.o(i.power_on) refers to edisk.o(i.SSI0_Init) for SSI0_Init
    edisk.o(i.power_on) refers to edisk.o(i.send_initial_clock_train) for send_initial_clock_train
    edisk.o(i.power_on) refers to edisk.o(.data) for PowerFlag
    edisk.o(i.rcvr_datablock) refers to edisk.o(i.rcvr_spi) for rcvr_spi
    edisk.o(i.rcvr_datablock) refers to edisk.o(i.rcvr_spi_m) for rcvr_spi_m
    edisk.o(i.rcvr_datablock) refers to edisk.o(.data) for Timer1
    edisk.o(i.rcvr_spi_m) refers to edisk.o(i.rcvr_spi) for rcvr_spi
    edisk.o(i.send_cmd) refers to edisk.o(i.wait_ready) for wait_ready
    edisk.o(i.send_cmd) refers to edisk.o(i.xmit_spi) for xmit_spi
    edisk.o(i.send_cmd) refers to edisk.o(i.rcvr_spi) for rcvr_spi
    edisk.o(i.send_initial_clock_train) refers to edisk.o(i.DESELECT) for DESELECT
    edisk.o(i.send_initial_clock_train) refers to edisk.o(i.MakeTxhigh) for MakeTxhigh
    edisk.o(i.send_initial_clock_train) refers to edisk.o(i.SSI0_Out) for SSI0_Out
    edisk.o(i.send_initial_clock_train) refers to edisk.o(i.MakeTxSSI) for MakeTxSSI
    edisk.o(i.set_max_speed) refers to edisk.o(i.SSI0_Init) for SSI0_Init
    edisk.o(i.wait_ready) refers to edisk.o(i.rcvr_spi) for rcvr_spi
    edisk.o(i.wait_ready) refers to edisk.o(.data) for Timer2
    edisk.o(i.xmit_datablock) refers to edisk.o(i.wait_ready) for wait_ready
    edisk.o(i.xmit_datablock) refers to edisk.o(i.xmit_spi) for xmit_spi
    edisk.o(i.xmit_datablock) refers to edisk.o(i.rcvr_spi) for rcvr_spi
    efile.o(i.eFile_Close) refers to efile.o(.data) for fileStatus
    efile.o(i.eFile_Create) refers to edisk.o(i.eDisk_ReadBlock) for eDisk_ReadBlock
    efile.o(i.eFile_Create) refers to edisk.o(i.eDisk_WriteBlock) for eDisk_WriteBlock
    efile.o(i.eFile_Create) refers to efile.o(.data) for directoryCacheStatus
    efile.o(i.eFile_Create) refers to efile.o(.bss) for directoryBuffer
    efile.o(i.eFile_Delete) refers to edisk.o(i.eDisk_ReadBlock) for eDisk_ReadBlock
    efile.o(i.eFile_Delete) refers to edisk.o(i.eDisk_WriteBlock) for eDisk_WriteBlock
    efile.o(i.eFile_Delete) refers to efile.o(.data) for directoryCacheStatus
[...]
    rtentry.o(.ARM.Collect$$rtentry$$00000000) refers (Special) to rtentry4.o(.ARM.Collect$$rtentry$$00000004) for __rt_entry_sh
    _printf_intcommon.o(.text) refers (Weak) to _printf_pad.o(.text) for _printf_pre_padding
    _printf_intcommon.o(.text) refers (Weak) to _printf_pad.o(.text) for _printf_pre_padding
    _printf_intcommon.o(.text) refers (Weak) to _printf_pad.o(.text) for _printf_post_padding
    _printf_char_common.o(.text) refers to __printf_flags_wp.o(.text) for __printf
    _printf_char.o(.text) refers (Weak) to _printf_str.o(.text) for _printf_str
    _printf_char_file.o(.text) refers to _printf_char_common.o(.text) for _printf_char_common
    _printf_char_file.o(.text) refers to retarget.o(i.ferror) for ferror
    _printf_char_file.o(.text) refers to retarget.o(i.fputc) for fputc
    scanf_char_file.o(.text) refers to scanf_char.o(.text) for __vfscanf_char
    scanf_char_file.o(.text) refers to retarget.o(i.fgetc) for fgetc
    scanf_char_file.o(.text) refers to backspace.o(.text) for __backspace
    strtok_int.o(.text) refers to strspn.o(.text) for strspn
    strtok_int.o(.text) refers to strcspn.o(.text) for strcspn
    rtentry2.o(.ARM.Collect$$rtentry$$00000008) refers to boardinit2.o(.text) for _platform_post_stackheap_init
    rtentry2.o(.ARM.Collect$$rtentry$$0000000A) refers to libinit.o(.ARM.Collect$$libinit$$00000000) for __rt_lib_init
    rtentry2.o(.ARM.Collect$$rtentry$$0000000B) refers to boardinit3.o(.text) for _platform_post_lib_init
    rtentry2.o(.ARM.Collect$$rtentry$$0000000D) refers to lab5.o(i.main) for main
    rtentry2.o(.ARM.Collect$$rtentry$$0000000D) refers to exit.o(.text) for exit
    rtentry2.o(.ARM.exidx) refers to rtentry2.o(.ARM.Collect$$rtentry$$00000001) for .ARM.Collect$$rtentry$$00000001
    rtentry2.o(.ARM.exidx) refers to rtentry2.o(.ARM.Collect$$rtentry$$00000008) for .ARM.Collect$$rtentry$$00000008
    rtentry2.o(.ARM.exidx) refers to rtentry2.o(.ARM.Collect$$rtentry$$0000000A) for .ARM.Collect$$rtentry$$0000000A
    rtentry2.o(.ARM.exidx) refers to rtentry2.o(.ARM.Collect$$rtentry$$0000000B) for .ARM.Collect$$rtentry$$0000000B
    rtentry2.o(.ARM.exidx) refers to rtentry2.o(.ARM.Collect$$rtentry$$0000000D) for .ARM.Collect$$rtentry$$0000000D
    rtentry4.o(.ARM.Collect$$rtentry$$00000004) refers to sys_stackheap_outer.o(.text) for __user_setup_stackheap
    rtentry4.o(.ARM.exidx) refers to rtentry4.o(.ARM.Collect$$rtentry$$00000004) for .ARM.Collect$$rtentry$$00000004
    scanf_char.o(.text) refers to _scanf.o(.text) for __vfscanf
    scanf_char.o(.text) refers to isspace.o(.text) for isspace
    backspace.o(.text) refers to ungetc.o(.text) for _ungetc_internal
    sys_stackheap_outer.o(.text) refers to libspace.o(.text) for __user_perproc_libspace
    sys_stackheap_outer.o(.text) refers to startup.o(.text) for __user_initial_stackheap
    isspace.o(.text) refers to rt_ctype_table.o(.text) for __rt_ctype_table
    _scanf.o(.text) refers (Weak) to _scanf_str.o(.text) for _scanf_string
    exit.o(.text) refers to rtexit.o(.ARM.Collect$$rtexit$$00000000) for __rt_exit
    libinit.o(.ARM.Collect$$libinit$$00000000) refers (Special) to libinit2.o(.ARM.Collect$$libinit$$0000002C) for __rt_lib_init_alloca_1
    libinit.o(.ARM.Collect$$libinit$$00000000) refers (Special) to libinit2.o(.ARM.Collect$$libinit$$0000002A) for __rt_lib_init_argv_1
    libinit.o(.ARM.Collect$$libinit$$00000000) refers (Special) to libinit2.o(.ARM.Collect$$libinit$$00000019) for __rt_lib_init_atexit_1
    libinit.o(.ARM.Collect$$libinit$$00000000) refers (Special) to libinit2.o(.ARM.Collect$$libinit$$0000001F) for __rt_lib_init_clock_1
    libinit.o(.ARM.Collect$$libinit$$00000000) refers (Special) to libinit2.o(.ARM.Collect$$libinit$$00000030) for __rt_lib_init_cpp_1
    libinit.o(.ARM.Collect$$libinit$$00000000) refers (Special) to libinit2.o(.ARM.Collect$$libinit$$0000002E) for __rt_lib_init_exceptions_1
    libinit.o(.ARM.Collect$$libinit$$00000000) refers (Special) to libinit2.o(.ARM.Collect$$libinit$$00000002) for __rt_lib_init_fp_1
    libinit.o(.ARM.Collect$$libinit$$00000000) refers (Special) to libinit2.o(.ARM.Collect$$libinit$$0000001D) for __rt_lib_init_fp_trap_1
    libinit.o(.ARM.Collect$$libinit$$00000000) refers (Special) to libinit2.o(.ARM.Collect$$libinit$$00000021) for __rt_lib_init_getenv_1
    libinit.o(.ARM.Collect$$libinit$$00000000) refers (Special) to libinit2.o(.ARM.Collect$$libinit$$00000008) for __rt_lib_init_heap_1
    libinit.o(.ARM.Collect$$libinit$$00000000) refers (Special) to libinit2.o(.ARM.Collect$$libinit$$0000000F) for __rt_lib_init_lc_collate_1
    libinit.o(.ARM.Collect$$libinit$$00000000) refers (Special) to libinit2.o(.ARM.Collect$$libinit$$00000011) for __rt_lib_init_lc_ctype_1
    libinit.o(.ARM.Collect$$libinit$$00000000) refers (Special) to libinit2.o(.ARM.Collect$$libinit$$00000013) for __rt_lib_init_lc_monetary_1
    libinit.o(.ARM.Collect$$libinit$$00000000) refers (Special) to libinit2.o(.ARM.Collect$$libinit$$00000015) for __rt_lib_init_lc_numeric_1
    libinit.o(.ARM.Collect$$libinit$$00000000) refers (Special) to libinit2.o(.ARM.Collect$$libinit$$00000017) for __rt_lib_init_lc_time_1
    libinit.o(.ARM.Collect$$libinit$$00000000) refers (Special) to libinit2.o(.ARM.Collect$$libinit$$0000000C) for __rt_lib_init_rand_1
    libinit.o(.ARM.Collect$$libinit$$00000000) refers (Special) to libinit2.o(.ARM.Collect$$libinit$$00000031) for __rt_lib_init_return
    libinit.o(.ARM.Collect$$libinit$$00000000) refers (Special) to libinit2.o(.ARM.Collect$$libinit$$0000001B) for __rt_lib_init_signal_1
    libinit.o(.ARM.Collect$$libinit$$00000000) refers (Special) to libinit2.o(.ARM.Collect$$libinit$$00000023) for __rt_lib_init_stdio_1
    libinit.o(.ARM.Collect$$libinit$$00000000) refers (Special) to libinit2.o(.ARM.Collect$$libinit$$0000000A) for __rt_lib_init_user_alloc_1
    libspace.o(.text) refers to libspace.o(.bss) for __libspace_start
    rtexit.o(.ARM.Collect$$rtexit$$00000000) refers (Special) to rtexit2.o(.ARM.Collect$$rtexit$$00000004) for __rt_exit_exit
    rtexit.o(.ARM.Collect$$rtexit$$00000000) refers (Special) to rtexit2.o(.ARM.Collect$$rtexit$$00000003) for __rt_exit_ls
    rtexit.o(.ARM.Collect$$rtexit$$00000000) refers (Special) to rtexit2.o(.ARM.Collect$$rtexit$$00000002) for __rt_exit_prels_1
    rtexit.o(.ARM.exidx) refers (Special) to rtexit2.o(.ARM.Collect$$rtexit$$00000004) for __rt_exit_exit
    rtexit.o(.ARM.exidx) refers (Special) to rtexit2.o(.ARM.Collect$$rtexit$$00000003) for __rt_exit_ls
    rtexit.o(.ARM.exidx) refers (Special) to rtexit2.o(.ARM.Collect$$rtexit$$00000002) for __rt_exit_prels_1
    rtexit.o(.ARM.exidx) refers to rtexit.o(.ARM.Collect$$rtexit$$00000000) for .ARM.Collect$$rtexit$$00000000
    rt_ctype_table.o(.text) refers to rt_locale_intlibspace.o(.text) for __rt_locale
    rt_ctype_table.o(.text) refers to lc_ctype_c.o(locale$$code) for _get_lc_ctype
    libinit2.o(.ARM.Collect$$libinit$$0000000D) refers (Weak) to rt_locale_intlibspace.o(.text) for __rt_locale
    libinit2.o(.ARM.Collect$$libinit$$0000000E) refers to libinit2.o(.ARM.Collect$$libinit$$0000000D) for .ARM.Collect$$libinit$$0000000D
    libinit2.o(.ARM.Collect$$libinit$$00000010) refers to libinit2.o(.ARM.Collect$$libinit$$0000000D) for .ARM.Collect$$libinit$$0000000D
    libinit2.o(.ARM.Collect$$libinit$$00000010) refers (Weak) to lc_ctype_c.o(locale$$code) for _get_lc_ctype
    libinit2.o(.ARM.Collect$$libinit$$00000012) refers to libinit2.o(.ARM.Collect$$libinit$$0000000D) for .ARM.Collect$$libinit$$0000000D
    libinit2.o(.ARM.Collect$$libinit$$00000014) refers to libinit2.o(.ARM.Collect$$libinit$$0000000D) for .ARM.Collect$$libinit$$0000000D
    libinit2.o(.ARM.Collect$$libinit$$00000016) refers to libinit2.o(.ARM.Collect$$libinit$$0000000D) for .ARM.Collect$$libinit$$0000000D
    libinit2.o(.ARM.Collect$$libinit$$00000024) refers to argv_veneer.o(.emb_text) for __ARM_argv_veneer
    libinit2.o(.ARM.Collect$$libinit$$00000025) refers to argv_veneer.o(.emb_text) for __ARM_argv_veneer
    rtexit2.o(.ARM.Collect$$rtexit$$00000003) refers to libshutdown.o(.ARM.Collect$$libshutdown$$00000000) for __rt_lib_shutdown
    rtexit2.o(.ARM.Collect$$rtexit$$00000004) refers to retarget.o(i._sys_exit) for _sys_exit
    rtexit2.o(.ARM.exidx) refers to rtexit2.o(.ARM.Collect$$rtexit$$00000001) for .ARM.Collect$$rtexit$$00000001
    rtexit2.o(.ARM.exidx) refers to rtexit2.o(.ARM.Collect$$rtexit$$00000003) for .ARM.Collect$$rtexit$$00000003
    rtexit2.o(.ARM.exidx) refers to rtexit2.o(.ARM.Collect$$rtexit$$00000004) for .ARM.Collect$$rtexit$$00000004
    rt_locale.o(.text) refers to rt_locale.o(.bss) for __rt_locale_data
    rt_locale_intlibspace.o(.text) refers to libspace.o(.bss) for __libspace_start
    lc_ctype_c.o(locale$$data) refers (Special) to libinit2.o(.ARM.Collect$$libinit$$00000010) for __rt_lib_init_lc_ctype_2
    lc_ctype_c.o(locale$$code) refers (Special) to libinit2.o(.ARM.Collect$$libinit$$00000010) for __rt_lib_init_lc_ctype_2
    lc_ctype_c.o(locale$$code) refers to strcmpv7m.o(.text) for strcmp
    lc_ctype_c.o(locale$$code) refers to lc_ctype_c.o(locale$$data) for __lcctype_c_name
    argv_veneer.o(.emb_text) refers to no_argv.o(.text) for __ARM_get_argv
    _get_argv_nomalloc.o(.text) refers (Special) to hrguard.o(.text) for __heap_region$guard
    _get_argv_nomalloc.o(.text) refers to defsig_rtmem_outer.o(.text) for __rt_SIGRTMEM
    _get_argv_nomalloc.o(.text) refers to sys_command.o(.text) for _sys_command_string
    libshutdown.o(.ARM.Collect$$libshutdown$$00000000) refers (Special) to libshutdown2.o(.ARM.Collect$$libshutdown$$00000006) for __rt_lib_shutdown_fp_trap_1
    libshutdown.o(.ARM.Collect$$libshutdown$$00000000) refers (Special) to libshutdown2.o(.ARM.Collect$$libshutdown$$0000000E) for __rt_lib_shutdown_heap_1
    libshutdown.o(.ARM.Collect$$libshutdown$$00000000) refers (Special) to libshutdown2.o(.ARM.Collect$$libshutdown$$0000000F) for __rt_lib_shutdown_return
    libshutdown.o(.ARM.Collect$$libshutdown$$00000000) refers (Special) to libshutdown2.o(.ARM.Collect$$libshutdown$$00000009) for __rt_lib_shutdown_signal_1
    libshutdown.o(.ARM.Collect$$libshutdown$$00000000) refers (Special) to libshutdown2.o(.ARM.Collect$$libshutdown$$00000003) for __rt_lib_shutdown_stdio_1
    libshutdown.o(.ARM.Collect$$libshutdown$$00000000) refers (Special) to libshutdown2.o(.ARM.Collect$$libshutdown$$0000000B) for __rt_lib_shutdown_user_alloc_1
    sys_command.o(.text) refers (Special) to use_no_semi.o(.text) for __I$use$semihosting
    sys_command.o(.text) refers (Special) to indicate_semi.o(.text) for __semihosting_library_function
    defsig_rtmem_outer.o(.text) refers to defsig_rtmem_inner.o(.text) for __rt_SIGRTMEM_inner
    defsig_rtmem_outer.o(.text) refers to defsig_exit.o(.text) for __sig_exit
    defsig_rtmem_formal.o(.text) refers to rt_raise.o(.text) for __rt_raise
    rt_raise.o(.text) refers to __raise.o(.text) for __raise
    rt_raise.o(.text) refers to retarget.o(i._sys_exit) for _sys_exit
    defsig_exit.o(.text) refers to retarget.o(i._sys_exit) for _sys_exit
    defsig_rtmem_inner.o(.text) refers to defsig_general.o(.text) for __default_signal_display
    __raise.o(.text) refers to defsig.o(CL$$defsig) for __default_signal_handler
    defsig_general.o(.text) refers to sys_wrch.o(.text) for _ttywrch
    sys_wrch.o(.text) refers (Special) to use_no_semi.o(.text) for __I$use$semihosting
    sys_wrch.o(.text) refers (Special) to indicate_semi.o(.text) for __semihosting_library_function
    defsig.o(CL$$defsig) refers to defsig_rtmem_inner.o(.text) for __rt_SIGRTMEM_inner
    defsig_abrt_inner.o(.text) refers to defsig_general.o(.text) for __default_signal_display
    defsig_fpe_inner.o(.text) refers to defsig_general.o(.text) for __default_signal_display
    defsig_rtred_inner.o(.text) refers to defsig_general.o(.text) for __default_signal_display
    defsig_stak_inner.o(.text) refers to defsig_general.o(.text) for __default_signal_display
    defsig_pvfn_inner.o(.text) refers to defsig_general.o(.text) for __default_signal_display
    defsig_cppl_inner.o(.text) refers to defsig_general.o(.text) for __default_signal_display
    defsig_segv_inner.o(.text) refers to defsig_general.o(.text) for __default_signal_display
    defsig_other.o(.text) refers to defsig_general.o(.text) for __default_signal_display


==============================================================================

Removing Unused input sections from the image.

    Removing edisk.o(i.chk_power), (12 bytes).
    Removing edisk.o(i.disk_ioctl), (424 bytes).
    Removing edisk.o(i.disk_timerproc), (44 bytes).
    Removing edisk.o(i.eDisk_Status), (20 bytes).
    Removing edisk.o(i.get_fattime), (8 bytes).
    Removing efile.o(i.eFile_Close), (28 bytes).
    Removing efile.o(i.eFile_Directory), (88 bytes).
    Removing efile.o(i.eFile_RClose), (48 bytes).
    Removing efile.o(i.eFile_RedirectToFile), (36 bytes).
    Removing interpreter.o(i.Interpreter), (540 bytes).
    Removing interpreter.o(i.Lights), (44 bytes).
    Removing interpreter.o(i.OutLine1), (16 bytes).
    Removing interpreter.o(i.dummy2), (2 bytes).
    Removing interpreter.o(.bss), (800 bytes).
    Removing interpreter.o(.constdata), (32 bytes).
    Removing interpreter.o(.data), (8 bytes).
    Removing lab5.o(i.ButtonPush), (48 bytes).
    Removing lab5.o(i.DownPush), (2 bytes).
    Removing lab5.o(i.IdleTask), (20 bytes).
    Removing lab5.o(i.Producer), (56 bytes).
    Removing lab5.o(i.Robot), (224 bytes).
    Removing lab5.o(i.RunTest), (32 bytes).
    Removing lab5.o(i.TestDisk), (436 bytes).
    Removing lab5.o(i.TestFile), (480 bytes).
    Removing lab5.o(i.TestFile2), (548 bytes).
    Removing lab5.o(i.main2), (92 bytes).
    Removing lab5.o(i.realmain), (168 bytes).
    Removing lab5.o(i.testmain), (92 bytes).
    Removing lab5.o(.bss), (512 bytes).
    Removing lab5.o(.data), (20 bytes).
    Removing os.o(i.OS_AddPeriodicThread), (22 bytes).
    Removing os.o(i.OS_AddSW1Task), (180 bytes).
    Removing os.o(i.OS_ClearMsTime), (16 bytes).
    Removing os.o(i.OS_ClearPeriodicTime), (12 bytes).
    Removing os.o(i.OS_Fifo_Get), (76 bytes).
    Removing os.o(i.OS_Fifo_Init), (64 bytes).
    Removing os.o(i.OS_Fifo_Put), (84 bytes).
    Removing os.o(i.OS_Fifo_Size), (12 bytes).
    Removing os.o(i.OS_Id), (12 bytes).
    Removing os.o(i.OS_InitSemaphore), (22 bytes).
    Removing os.o(i.OS_Launch), (22 bytes).
    Removing os.o(i.OS_MailBox_Init), (28 bytes).
    Removing os.o(i.OS_MailBox_Recv), (36 bytes).
    Removing os.o(i.OS_MailBox_Send), (36 bytes).
    Removing os.o(i.OS_MsTime), (24 bytes).
    Removing os.o(i.OS_ReadPeriodicTime), (12 bytes).
    Removing os.o(i.OS_Signal), (24 bytes).
    Removing os.o(i.OS_Time), (12 bytes).
    Removing os.o(i.OS_TimeDifference), (6 bytes).
    Removing os.o(i.OS_Wait), (36 bytes).
    Removing os.o(i.OS_bSignal), (22 bytes).
    Removing os.o(i.OS_bWait), (34 bytes).
    Removing os.o(i.Timer5_Init), (140 bytes).
    Removing os.o(i.dummy3), (2 bytes).
    Removing retarget.o(i.fgetc), (10 bytes).
    Removing uart.o(i.RxFifo_Get), (60 bytes).
    Removing uart.o(i.UART_InChar), (20 bytes).
    Removing uart.o(i.UART_InString), (70 bytes).
    Removing uart.o(i.UART_InUDec), (76 bytes).
    Removing uart.o(i.UART_InUHex), (108 bytes).
    Removing uart.o(i.UART_OutString), (24 bytes).
    Removing uart.o(i.UART_OutUDec), (42 bytes).
    Removing uart.o(i.UART_OutUHex), (52 bytes).
    Removing adc.o(i.ADC_Collect), (44 bytes).
    Removing adc.o(i.ADC_In), (52 bytes).
    Removing adc.o(i.ADC_Init), (1004 bytes).
    Removing adc.o(i.ADC_Open), (1092 bytes).
    Removing adc.o(i.ADC_Status), (10 bytes).

68 unused section(s) (total 8478 bytes) removed from the image.

==============================================================================

Image Symbol Table

    Local Symbols

    Symbol Name                              Value     Ov Type        Size  Object(Section)

    RESET                                    0x00000000   Section      644  startup.o(RESET)
    ../clib/angel/boardlib.s                 0x00000000   Number         0  boardinit3.o ABSOLUTE
    ../clib/angel/boardlib.s                 0x00000000   Number         0  boardshut.o ABSOLUTE
    ../clib/angel/boardlib.s                 0x00000000   Number         0  boardinit1.o ABSOLUTE
    ../clib/angel/boardlib.s                 0x00000000   Number         0  boardinit2.o ABSOLUTE
    ../clib/angel/handlers.s                 0x00000000   Number         0  __scatter_copy.o ABSOLUTE
    ../clib/angel/handlers.s                 0x00000000   Number         0  __scatter_zi.o ABSOLUTE
    ../clib/angel/kernel.s                   0x00000000   Number         0  rtentry.o ABSOLUTE
    ../clib/angel/kernel.s                   0x00000000   Number         0  rtexit.o ABSOLUTE
    ../clib/angel/kernel.s                   0x00000000   Number         0  rtentry4.o ABSOLUTE
    ../clib/angel/kernel.s                   0x00000000   Number         0  rtentry2.o ABSOLUTE
    ../clib/angel/kernel.s                   0x00000000   Number         0  rtexit2.o ABSOLUTE
    ../clib/angel/rt.s                       0x00000000   Number         0  rt_raise.o ABSOLUTE
    ../clib/angel/rt.s                       0x00000000   Number         0  rt_ctype_table.o ABSOLUTE
    ../clib/angel/rt.s                       0x00000000   Number         0  rt_locale_intlibspace.o ABSOLUTE
    ../clib/angel/rt.s                       0x00000000   Number         0  rt_locale.o ABSOLUTE
    ../clib/angel/scatter.s                  0x00000000   Number         0  __scatter.o ABSOLUTE
    ../clib/angel/startup.s                  0x00000000   Number         0  __main.o ABSOLUTE
    ../clib/angel/sys.s                      0x00000000   Number         0  indicate_semi.o ABSOLUTE
    ../clib/angel/sys.s                      0x00000000   Number         0  libspace.o ABSOLUTE
    ../clib/angel/sys.s                      0x00000000   Number         0  sys_stackheap_outer.o ABSOLUTE
    ../clib/angel/sys.s                      0x00000000   Number         0  use_no_semi.o ABSOLUTE
    ../clib/angel/sysapp.c                   0x00000000   Number         0  sys_wrch.o ABSOLUTE
    ../clib/angel/sysapp.c                   0x00000000   Number         0  sys_command.o ABSOLUTE
    ../clib/armsys.c                         0x00000000   Number         0  argv_veneer.o ABSOLUTE
    ../clib/armsys.c                         0x00000000   Number         0  no_argv.o ABSOLUTE
    ../clib/armsys.c                         0x00000000   Number         0  _get_argv_nomalloc.o ABSOLUTE
    ../clib/armsys.c                         0x00000000   Number         0  argv_veneer.o ABSOLUTE
    ../clib/ctype.c                          0x00000000   Number         0  isspace.o ABSOLUTE
    ../clib/heapalloc.c                      0x00000000   Number         0  hrguard.o ABSOLUTE
    ../clib/heapaux.c                        0x00000000   Number         0  heapauxi.o ABSOLUTE
    ../clib/libinit.s                        0x00000000   Number         0  libinit2.o ABSOLUTE
    ../clib/libinit.s                        0x00000000   Number         0  libshutdown.o ABSOLUTE
    ../clib/libinit.s                        0x00000000   Number         0  libshutdown2.o ABSOLUTE
    ../clib/libinit.s                        0x00000000   Number         0  libinit.o ABSOLUTE
    ../clib/locale.s                         0x00000000   Number         0  lc_ctype_c.o ABSOLUTE
    ../clib/memcpset.s                       0x00000000   Number         0  strcmpv7m.o ABSOLUTE
    ../clib/misc.s                           0x00000000   Number         0  printf_stubs.o ABSOLUTE
    ../clib/printf.c                         0x00000000   Number         0  _printf_dec.o ABSOLUTE
    ../clib/printf.c                         0x00000000   Number         0  _printf_str.o ABSOLUTE
    ../clib/printf.c                         0x00000000   Number         0  _printf_pad.o ABSOLUTE
    ../clib/printf.c                         0x00000000   Number         0  __printf.o ABSOLUTE
    ../clib/printf.c                         0x00000000   Number         0  noretval__2sprintf.o ABSOLUTE
    ../clib/printf.c                         0x00000000   Number         0  noretval__2printf.o ABSOLUTE
    ../clib/printf.c                         0x00000000   Number         0  _sputc.o ABSOLUTE
    ../clib/printf.c                         0x00000000   Number         0  __printf_nopercent.o ABSOLUTE
    ../clib/printf.c                         0x00000000   Number         0  __2sprintf.o ABSOLUTE
    ../clib/printf.c                         0x00000000   Number         0  _printf_char_common.o ABSOLUTE
    ../clib/printf.c                         0x00000000   Number         0  __printf_flags_ss.o ABSOLUTE
    ../clib/printf.c                         0x00000000   Number         0  __2printf.o ABSOLUTE
    ../clib/printf.c                         0x00000000   Number         0  _printf_intcommon.o ABSOLUTE
    ../clib/printf.c                         0x00000000   Number         0  __printf_flags_ss_wp.o ABSOLUTE
    ../clib/printf.c                         0x00000000   Number         0  __printf_wp.o ABSOLUTE
    ../clib/printf.c                         0x00000000   Number         0  __printf_ss_wp.o ABSOLUTE
    ../clib/printf.c                         0x00000000   Number         0  __printf_flags_wp.o ABSOLUTE
    ../clib/printf.c                         0x00000000   Number         0  __printf_flags.o ABSOLUTE
    ../clib/printf.c                         0x00000000   Number         0  __printf_ss.o ABSOLUTE
    ../clib/printf.c                         0x00000000   Number         0  _printf_char.o ABSOLUTE
    ../clib/printf.c                         0x00000000   Number         0  _printf_char_file.o ABSOLUTE
    ../clib/printf_percent.s                 0x00000000   Number         0  _printf_percent.o ABSOLUTE
    ../clib/printf_percent.s                 0x00000000   Number         0  _printf_s.o ABSOLUTE
    ../clib/printf_percent.s                 0x00000000   Number         0  _printf_d.o ABSOLUTE
    ../clib/printf_percent.s                 0x00000000   Number         0  _printf_u.o ABSOLUTE
    ../clib/printf_percent.s                 0x00000000   Number         0  _printf_percent_end.o ABSOLUTE
    ../clib/scanf.c                          0x00000000   Number         0  _scanf_str.o ABSOLUTE
    ../clib/scanf.c                          0x00000000   Number         0  scanf_char_file.o ABSOLUTE
    ../clib/scanf.c                          0x00000000   Number         0  scanf_char.o ABSOLUTE
    ../clib/scanf.c                          0x00000000   Number         0  _scanf.o ABSOLUTE
    ../clib/scanf.c                          0x00000000   Number         0  __0scanf.o ABSOLUTE
    ../clib/signal.c                         0x00000000   Number         0  defsig_abrt_inner.o ABSOLUTE
    ../clib/signal.c                         0x00000000   Number         0  defsig_fpe_inner.o ABSOLUTE
    ../clib/signal.c                         0x00000000   Number         0  defsig_exit.o ABSOLUTE
    ../clib/signal.c                         0x00000000   Number         0  defsig_rtmem_outer.o ABSOLUTE
    ../clib/signal.c                         0x00000000   Number         0  defsig_stak_inner.o ABSOLUTE
    ../clib/signal.c                         0x00000000   Number         0  defsig_pvfn_inner.o ABSOLUTE
    ../clib/signal.c                         0x00000000   Number         0  defsig_cppl_inner.o ABSOLUTE
    ../clib/signal.c                         0x00000000   Number         0  defsig_segv_inner.o ABSOLUTE
    ../clib/signal.c                         0x00000000   Number         0  defsig_other.o ABSOLUTE
    ../clib/signal.c                         0x00000000   Number         0  defsig_rtred_inner.o ABSOLUTE
    ../clib/signal.c                         0x00000000   Number         0  defsig_rtmem_formal.o ABSOLUTE
    ../clib/signal.c                         0x00000000   Number         0  defsig_rtmem_inner.o ABSOLUTE
    ../clib/signal.c                         0x00000000   Number         0  __raise.o ABSOLUTE
    ../clib/signal.c                         0x00000000   Number         0  defsig_general.o ABSOLUTE
    ../clib/signal.s                         0x00000000   Number         0  defsig.o ABSOLUTE
    ../clib/stdio.c                          0x00000000   Number         0  backspace.o ABSOLUTE
    ../clib/stdio.c                          0x00000000   Number         0  backspace_locked.o ABSOLUTE
    ../clib/stdio.c                          0x00000000   Number         0  ungetc.o ABSOLUTE
    ../clib/stdlib.c                         0x00000000   Number         0  exit.o ABSOLUTE
    ../clib/string.c                         0x00000000   Number         0  strtok.o ABSOLUTE
    ../clib/string.c                         0x00000000   Number         0  strcspn.o ABSOLUTE
    ../clib/string.c                         0x00000000   Number         0  strtok_int.o ABSOLUTE
    ../clib/string.c                         0x00000000   Number         0  strspn.o ABSOLUTE
    ../fplib/fpinit.s                        0x00000000   Number         0  fpinit.o ABSOLUTE
    ADC.c                                    0x00000000   Number         0  adc.o ABSOLUTE
    Interpreter.c                            0x00000000   Number         0  interpreter.o ABSOLUTE
    Lab5.c                                   0x00000000   Number         0  lab5.o ABSOLUTE
    OS.c                                     0x00000000   Number         0  os.o ABSOLUTE
    OSasm.s                                  0x00000000   Number         0  osasm.o ABSOLUTE
    PLL.c                                    0x00000000   Number         0  pll.o ABSOLUTE
    UART.c                                   0x00000000   Number         0  uart.o ABSOLUTE
    dc.s                                     0x00000000   Number         0  dc.o ABSOLUTE
    edisk.c                                  0x00000000   Number         0  edisk.o ABSOLUTE
    efile.c                                  0x00000000   Number         0  efile.o ABSOLUTE
    retarget.c                               0x00000000   Number         0  retarget.o ABSOLUTE
    startup.s                                0x00000000   Number         0  startup.o ABSOLUTE
    !!!main                                  0x00000284   Section        8  __main.o(!!!main)
    !!!scatter                               0x0000028c   Section       52  __scatter.o(!!!scatter)
    !!handler_copy                           0x000002c0   Section       26  __scatter_copy.o(!!handler_copy)
    !!handler_zi                             0x000002dc   Section       28  __scatter_zi.o(!!handler_zi)
    .ARM.Collect$$_printf_percent$$00000000  0x000002f8   Section        0  _printf_percent.o(.ARM.Collect$$_printf_percent$$00000000)
    .ARM.Collect$$_printf_percent$$0000000A  0x000002f8   Section        6  _printf_u.o(.ARM.Collect$$_printf_percent$$0000000A)
    .ARM.Collect$$_printf_percent$$00000017  0x000002fe   Section        4  _printf_percent_end.o(.ARM.Collect$$_printf_percent$$00000017)
    .ARM.Collect$$libinit$$00000000          0x00000302   Section        2  libinit.o(.ARM.Collect$$libinit$$00000000)
    .ARM.Collect$$libinit$$00000002          0x00000304   Section        0  libinit2.o(.ARM.Collect$$libinit$$00000002)
    .ARM.Collect$$libinit$$00000008          0x00000304   Section        0  libinit2.o(.ARM.Collect$$libinit$$00000008)
    .ARM.Collect$$libinit$$0000000A          0x00000304   Section        0  libinit2.o(.ARM.Collect$$libinit$$0000000A)
    .ARM.Collect$$libinit$$0000000C          0x00000304   Section        0  libinit2.o(.ARM.Collect$$libinit$$0000000C)
    .ARM.Collect$$libinit$$0000000F          0x00000304   Section        0  libinit2.o(.ARM.Collect$$libinit$$0000000F)
    .ARM.Collect$$libinit$$00000011          0x00000304   Section        0  libinit2.o(.ARM.Collect$$libinit$$00000011)
    .ARM.Collect$$libinit$$00000013          0x00000304   Section        0  libinit2.o(.ARM.Collect$$libinit$$00000013)
    .ARM.Collect$$libinit$$00000015          0x00000304   Section        0  libinit2.o(.ARM.Collect$$libinit$$00000015)
    .ARM.Collect$$libinit$$00000017          0x00000304   Section        0  libinit2.o(.ARM.Collect$$libinit$$00000017)
    .ARM.Collect$$libinit$$00000019          0x00000304   Section        0  libinit2.o(.ARM.Collect$$libinit$$00000019)
    .ARM.Collect$$libinit$$0000001B          0x00000304   Section        0  libinit2.o(.ARM.Collect$$libinit$$0000001B)
    .ARM.Collect$$libinit$$0000001D          0x00000304   Section        0  libinit2.o(.ARM.Collect$$libinit$$0000001D)
    .ARM.Collect$$libinit$$0000001F          0x00000304   Section        0  libinit2.o(.ARM.Collect$$libinit$$0000001F)
    .ARM.Collect$$libinit$$00000021          0x00000304   Section        0  libinit2.o(.ARM.Collect$$libinit$$00000021)
    .ARM.Collect$$libinit$$00000023          0x00000304   Section        0  libinit2.o(.ARM.Collect$$libinit$$00000023)
    .ARM.Collect$$libinit$$0000002A          0x00000304   Section        0  libinit2.o(.ARM.Collect$$libinit$$0000002A)
    .ARM.Collect$$libinit$$0000002C          0x00000304   Section        0  libinit2.o(.ARM.Collect$$libinit$$0000002C)
    .ARM.Collect$$libinit$$0000002E          0x00000304   Section        0  libinit2.o(.ARM.Collect$$libinit$$0000002E)
    .ARM.Collect$$libinit$$00000030          0x00000304   Section        0  libinit2.o(.ARM.Collect$$libinit$$00000030)
    .ARM.Collect$$libinit$$00000031          0x00000304   Section        2  libinit2.o(.ARM.Collect$$libinit$$00000031)
    .ARM.Collect$$libshutdown$$00000000      0x00000306   Section        2  libshutdown.o(.ARM.Collect$$libshutdown$$00000000)
    .ARM.Collect$$libshutdown$$00000003      0x00000308   Section        0  libshutdown2.o(.ARM.Collect$$libshutdown$$00000003)
    .ARM.Collect$$libshutdown$$00000006      0x00000308   Section        0  libshutdown2.o(.ARM.Collect$$libshutdown$$00000006)
    .ARM.Collect$$libshutdown$$00000009      0x00000308   Section        0  libshutdown2.o(.ARM.Collect$$libshutdown$$00000009)
    .ARM.Collect$$libshutdown$$0000000B      0x00000308   Section        0  libshutdown2.o(.ARM.Collect$$libshutdown$$0000000B)
    .ARM.Collect$$libshutdown$$0000000E      0x00000308   Section        0  libshutdown2.o(.ARM.Collect$$libshutdown$$0000000E)
    .ARM.Collect$$libshutdown$$0000000F      0x00000308   Section        2  libshutdown2.o(.ARM.Collect$$libshutdown$$0000000F)
    .ARM.Collect$$rtentry$$00000000          0x0000030a   Section        0  rtentry.o(.ARM.Collect$$rtentry$$00000000)
    .ARM.Collect$$rtentry$$00000002          0x0000030a   Section        0  rtentry2.o(.ARM.Collect$$rtentry$$00000002)
    .ARM.Collect$$rtentry$$00000004          0x0000030a   Section        6  rtentry4.o(.ARM.Collect$$rtentry$$00000004)
    .ARM.Collect$$rtentry$$00000009          0x00000310   Section        0  rtentry2.o(.ARM.Collect$$rtentry$$00000009)
    .ARM.Collect$$rtentry$$0000000A          0x00000310   Section        4  rtentry2.o(.ARM.Collect$$rtentry$$0000000A)
    .ARM.Collect$$rtentry$$0000000C          0x00000314   Section        0  rtentry2.o(.ARM.Collect$$rtentry$$0000000C)
    .ARM.Collect$$rtentry$$0000000D          0x00000314   Section        8  rtentry2.o(.ARM.Collect$$rtentry$$0000000D)
    .ARM.Collect$$rtexit$$00000000           0x0000031c   Section        2  rtexit.o(.ARM.Collect$$rtexit$$00000000)
    .ARM.Collect$$rtexit$$00000002           0x0000031e   Section        0  rtexit2.o(.ARM.Collect$$rtexit$$00000002)
    .ARM.Collect$$rtexit$$00000003           0x0000031e   Section        4  rtexit2.o(.ARM.Collect$$rtexit$$00000003)
    .ARM.Collect$$rtexit$$00000004           0x00000322   Section        6  rtexit2.o(.ARM.Collect$$rtexit$$00000004)
    .text                                    0x00000328   Section       48  startup.o(.text)
    .text                                    0x00000358   Section      120  osasm.o(.text)
    .text                                    0x000003d0   Section        2  use_no_semi.o(.text)
    .text                                    0x000003d4   Section        0  noretval__2printf.o(.text)
    .text                                    0x000003ec   Section        0  _printf_dec.o(.text)
    .text                                    0x00000464   Section        0  __printf_flags_wp.o(.text)
    .text                                    0x000005a0   Section        0  heapauxi.o(.text)
    .text                                    0x000005a6   Section        0  _printf_intcommon.o(.text)
    .text                                    0x00000660   Section        0  _printf_char_common.o(.text)
    _printf_input_char                       0x00000661   Thumb Code    10  _printf_char_common.o(.text)
    .text                                    0x00000690   Section        0  _printf_char_file.o(.text)
    .text                                    0x000006b4   Section       74  sys_stackheap_outer.o(.text)
    .text                                    0x000006fe   Section        0  exit.o(.text)
    .text                                    0x0000070c   Section        8  libspace.o(.text)
    i.ADC0Seq0_Handler                       0x00000714   Section        0  adc.o(i.ADC0Seq0_Handler)
    i.CS_Init                                0x00000744   Section        0  edisk.o(i.CS_Init)
    i.DESELECT                               0x000007e8   Section        0  edisk.o(i.DESELECT)
    DESELECT                                 0x000007e9   Thumb Code     8  edisk.o(i.DESELECT)
    i.DebounceTaskPF4                        0x000007f4   Section        0  os.o(i.DebounceTaskPF4)
    DebounceTaskPF4                          0x000007f5   Thumb Code    34  os.o(i.DebounceTaskPF4)
    i.GPIOPortF_Handler                      0x00000824   Section        0  os.o(i.GPIOPortF_Handler)
    i.GPIO_Init                              0x0000088c   Section        0  os.o(i.GPIO_Init)
    i.MakeTxSSI                              0x0000095c   Section        0  edisk.o(i.MakeTxSSI)
    i.MakeTxhigh                             0x00000984   Section        0  edisk.o(i.MakeTxhigh)
    i.OS_AddThread                           0x000009bc   Section        0  os.o(i.OS_AddThread)
    i.OS_Init                                0x00000bbc   Section        0  os.o(i.OS_Init)
    i.OS_Kill                                0x00000c08   Section        0  os.o(i.OS_Kill)
    i.OS_Sleep                               0x00000c94   Section        0  os.o(i.OS_Sleep)
    i.OS_Suspend                             0x00000ca4   Section        0  os.o(i.OS_Suspend)
    i.PLL_Init                               0x00000cbc   Section        0  pll.o(i.PLL_Init)
    i.RxFifo_Init                            0x00000d38   Section        0  uart.o(i.RxFifo_Init)
    i.RxFifo_Put                             0x00000d5c   Section        0  uart.o(i.RxFifo_Put)
    i.RxFifo_Size                            0x00000d98   Section        0  uart.o(i.RxFifo_Size)
    i.SELECT                                 0x00000db0   Section        0  edisk.o(i.SELECT)
    SELECT                                   0x00000db1   Thumb Code     8  edisk.o(i.SELECT)
    i.SSI0_Init                              0x00000dbc   Section        0  edisk.o(i.SSI0_Init)
    i.SSI0_Out                               0x00000ec8   Section        0  edisk.o(i.SSI0_Out)
    i.SetInitialStack                        0x00000ef4   Section        0  os.o(i.SetInitialStack)
    i.Timer1A_Handler                        0x00001048   Section        0  os.o(i.Timer1A_Handler)
    i.Timer1_Init                            0x00001054   Section        0  os.o(i.Timer1_Init)
    i.Timer5A_Handler                        0x000010d0   Section        0  os.o(i.Timer5A_Handler)
    i.TxFifo_Get                             0x000010e8   Section        0  uart.o(i.TxFifo_Get)
    i.TxFifo_Init                            0x00001124   Section        0  uart.o(i.TxFifo_Init)
    i.TxFifo_Put                             0x00001148   Section        0  uart.o(i.TxFifo_Put)
    i.TxFifo_Size                            0x00001184   Section        0  uart.o(i.TxFifo_Size)
    i.UART0_Handler                          0x0000119c   Section        0  uart.o(i.UART0_Handler)
    i.UART_Init                              0x000011f4   Section        0  uart.o(i.UART_Init)
    i.UART_OutChar                           0x000012bc   Section        0  uart.o(i.UART_OutChar)
    i._is_digit                              0x000012f0   Section        0  __printf_wp.o(i._is_digit)
    i._sys_exit                              0x000012fe   Section        0  retarget.o(i._sys_exit)
    i.copyHardwareToSoftware                 0x00001304   Section        0  uart.o(i.copyHardwareToSoftware)
    copyHardwareToSoftware                   0x00001305   Thumb Code    36  uart.o(i.copyHardwareToSoftware)
    i.copySoftwareToHardware                 0x0000132c   Section        0  uart.o(i.copySoftwareToHardware)
    copySoftwareToHardware                   0x0000132d   Thumb Code    38  uart.o(i.copySoftwareToHardware)
    i.diskError                              0x00001358   Section        0  lab5.o(i.diskError)
    i.eDisk_Init                             0x00001384   Section        0  edisk.o(i.eDisk_Init)
    i.eDisk_Read                             0x000014f0   Section        0  edisk.o(i.eDisk_Read)
    i.eDisk_ReadBlock                        0x0000158c   Section        0  edisk.o(i.eDisk_ReadBlock)
    i.eDisk_Write                            0x000015a0   Section        0  edisk.o(i.eDisk_Write)
    i.eDisk_WriteBlock                       0x00001664   Section        0  edisk.o(i.eDisk_WriteBlock)
    i.eFile_Create                           0x00001678   Section        0  efile.o(i.eFile_Create)
    i.eFile_Delete                           0x00001740   Section        0  efile.o(i.eFile_Delete)
    i.eFile_EndRedirectToFile                0x0000180c   Section        0  efile.o(i.eFile_EndRedirectToFile)
    i.eFile_Format                           0x00001828   Section        0  efile.o(i.eFile_Format)
    i.eFile_Init                             0x000018b4   Section        0  efile.o(i.eFile_Init)
    i.eFile_ROpen                            0x000018c8   Section        0  efile.o(i.eFile_ROpen)
    i.eFile_ReadNext                         0x00001970   Section        0  efile.o(i.eFile_ReadNext)
    i.eFile_WClose                           0x000019f4   Section        0  efile.o(i.eFile_WClose)
    i.eFile_WOpen                            0x00001a1c   Section        0  efile.o(i.eFile_WOpen)
    i.eFile_Write                            0x00001adc   Section        0  efile.o(i.eFile_Write)
    i.ferror                                 0x00001bcc   Section        0  retarget.o(i.ferror)
    i.fputc                                  0x00001bd4   Section        0  retarget.o(i.fputc)
    i.getFreeBlock                           0x00001c00   Section        0  efile.o(i.getFreeBlock)
    i.main                                   0x00001c50   Section        0  lab5.o(i.main)
    i.power_off                              0x00001dd0   Section        0  edisk.o(i.power_off)
    power_off                                0x00001dd1   Thumb Code     8  edisk.o(i.power_off)
    i.power_on                               0x00001ddc   Section        0  edisk.o(i.power_on)
    power_on                                 0x00001ddd   Thumb Code    20  edisk.o(i.power_on)
    i.rcvr_datablock                         0x00001df4   Section        0  edisk.o(i.rcvr_datablock)
    rcvr_datablock                           0x00001df5   Thumb Code    76  edisk.o(i.rcvr_datablock)
    i.rcvr_spi                               0x00001e44   Section        0  edisk.o(i.rcvr_spi)
    rcvr_spi                                 0x00001e45   Thumb Code    38  edisk.o(i.rcvr_spi)
    i.rcvr_spi_m                             0x00001e70   Section        0  edisk.o(i.rcvr_spi_m)
    rcvr_spi_m                               0x00001e71   Thumb Code    12  edisk.o(i.rcvr_spi_m)
    i.send_cmd                               0x00001e7c   Section        0  edisk.o(i.send_cmd)
    send_cmd                                 0x00001e7d   Thumb Code   112  edisk.o(i.send_cmd)
    i.send_initial_clock_train               0x00001eec   Section        0  edisk.o(i.send_initial_clock_train)
    send_initial_clock_train                 0x00001eed   Thumb Code    32  edisk.o(i.send_initial_clock_train)
    i.set_max_speed                          0x00001f0c   Section        0  edisk.o(i.set_max_speed)
    set_max_speed                            0x00001f0d   Thumb Code    10  edisk.o(i.set_max_speed)
    i.streamToFile                           0x00001f18   Section        0  efile.o(i.streamToFile)
    i.wait_ready                             0x00001f24   Section        0  edisk.o(i.wait_ready)
    wait_ready                               0x00001f25   Thumb Code    36  edisk.o(i.wait_ready)
    i.xmit_datablock                         0x00001f4c   Section        0  edisk.o(i.xmit_datablock)
    xmit_datablock                           0x00001f4d   Thumb Code    94  edisk.o(i.xmit_datablock)
    i.xmit_spi                               0x00001fac   Section        0  edisk.o(i.xmit_spi)
    xmit_spi                                 0x00001fad   Thumb Code    38  edisk.o(i.xmit_spi)
    .constdata                               0x00001fd8   Section       17  __printf_flags_wp.o(.constdata)
    maptable                                 0x00001fd8   Data          17  __printf_flags_wp.o(.constdata)
    .data                                    0x20000000   Section        5  edisk.o(.data)
    Stat                                     0x20000000   Data           1  edisk.o(.data)
    PowerFlag                                0x20000001   Data           1  edisk.o(.data)
    Timer1                                   0x20000002   Data           1  edisk.o(.data)
    Timer2                                   0x20000003   Data           1  edisk.o(.data)
    CardType                                 0x20000004   Data           1  edisk.o(.data)
    .data                                    0x20000008   Section       28  efile.o(.data)
    .data                                    0x20000024   Section       60  os.o(.data)
    LastPF4                                  0x20000038   Data           4  os.o(.data)
    .data                                    0x20000060   Section        8  retarget.o(.data)
    .data                                    0x20000068   Section       16  uart.o(.data)
    .data                                    0x20000078   Section       16  adc.o(.data)
    .bss                                     0x20000088   Section     1536  efile.o(.bss)
    .bss                                     0x20000688   Section    20336  os.o(.bss)
    .bss                                     0x200055f8   Section      256  uart.o(.bss)
    RxFifo                                   0x200055f8   Data         128  uart.o(.bss)
    TxFifo                                   0x20005678   Data         128  uart.o(.bss)
    .bss                                     0x200056f8   Section       96  libspace.o(.bss)
    HEAP                                     0x20005758   Section        0  startup.o(HEAP)
    STACK                                    0x20005758   Section     1024  startup.o(STACK)
    HeapMem                                  0x20005758   Data           0  startup.o(HEAP)
    StackMem                                 0x20005758   Data           0  startup.o(STACK)

    Global Symbols

    Symbol Name                              Value     Ov Type        Size  Object(Section)

    BuildAttributes$$THM_ISAv4$E$P$D$K$B$S$7EM$PE$A:L22UL41UL21$X:L11$S22US41US21$IEEE1$IW$USESV6$~STKCKD$USESV7$~SHL$OSPACE$ROPI$EBA8$UX$STANDARDLIB$REQ8$PRES8$EABIv2 0x00000000   Number         0  anon$$obj.o ABSOLUTE
    __ARM_use_no_argv                        0x00000000   Number         0  lab5.o ABSOLUTE
    __Vectors                                0x00000000   Data           0  startup.o(RESET)
    _printf_flags                            0x00000000   Number         0  printf_stubs.o ABSOLUTE
    _printf_return_value                     0x00000000   Number         0  printf_stubs.o ABSOLUTE
    _printf_sizespec                         0x00000000   Number         0  printf_stubs.o ABSOLUTE
    _printf_widthprec                        0x00000000   Number         0  printf_stubs.o ABSOLUTE
    __ARM_exceptions_init                     - Undefined Weak Reference
    __alloca_initialize                       - Undefined Weak Reference
    __cpp_initialize__aeabi_                  - Undefined Weak Reference
    __cxa_finalize                            - Undefined Weak Reference
    __sigvec_lookup                           - Undefined Weak Reference
    _atexit_init                              - Undefined Weak Reference
    _call_atexit_fns                          - Undefined Weak Reference
    _clock_init                               - Undefined Weak Reference
    _fp_trap_init                             - Undefined Weak Reference
    _fp_trap_shutdown                         - Undefined Weak Reference
    _get_lc_collate                           - Undefined Weak Reference
    _get_lc_monetary                          - Undefined Weak Reference
    _get_lc_numeric                           - Undefined Weak Reference
    _get_lc_time                              - Undefined Weak Reference
    _getenv_init                              - Undefined Weak Reference
    _handle_redirection                       - Undefined Weak Reference
    _init_alloc                               - Undefined Weak Reference
    _init_user_alloc                          - Undefined Weak Reference
    _initio                                   - Undefined Weak Reference
    _mutex_acquire                            - Undefined Weak Reference
    _mutex_release                            - Undefined Weak Reference
    _printf_mbtowc                            - Undefined Weak Reference
    _printf_truncate_signed                   - Undefined Weak Reference
    _printf_truncate_unsigned                 - Undefined Weak Reference
    _rand_init                                - Undefined Weak Reference
    _scanf_int                                - Undefined Weak Reference
    _scanf_longlong                           - Undefined Weak Reference
    _scanf_mbtowc                             - Undefined Weak Reference
    _scanf_real                               - Undefined Weak Reference
    _scanf_wctomb                             - Undefined Weak Reference
    _scanf_wstring                            - Undefined Weak Reference
    _signal_finish                            - Undefined Weak Reference
    _signal_init                              - Undefined Weak Reference
    _terminate_alloc                          - Undefined Weak Reference
    _terminate_user_alloc                     - Undefined Weak Reference
    _terminateio                              - Undefined Weak Reference
    Reset_Handler                            0x0000026d   Thumb Code     0  startup.o(RESET)
    NMI_Handler                              0x00000271   Thumb Code     2  startup.o(RESET)
    HardFault_Handler                        0x00000273   Thumb Code     2  startup.o(RESET)
    MemManage_Handler                        0x00000275   Thumb Code     2  startup.o(RESET)
    BusFault_Handler                         0x00000277   Thumb Code     2  startup.o(RESET)
    UsageFault_Handler                       0x00000279   Thumb Code     2  startup.o(RESET)
    SVC_Handler                              0x0000027b   Thumb Code     2  startup.o(RESET)
    DebugMon_Handler                         0x0000027d   Thumb Code     2  startup.o(RESET)
    PendSV_Handler                           0x0000027f   Thumb Code     2  startup.o(RESET)
    ADC0Seq1_Handler                         0x00000283   Thumb Code     0  startup.o(RESET)
    ADC0Seq2_Handler                         0x00000283   Thumb Code     0  startup.o(RESET)
    ADC0Seq3_Handler                         0x00000283   Thumb Code     0  startup.o(RESET)
    ADC1Seq0_Handler                         0x00000283   Thumb Code     0  startup.o(RESET)
    ADC1Seq1_Handler                         0x00000283   Thumb Code     0  startup.o(RESET)
    ADC1Seq2_Handler                         0x00000283   Thumb Code     0  startup.o(RESET)
    ADC1Seq3_Handler                         0x00000283   Thumb Code     0  startup.o(RESET)
    CAN0_Handler                             0x00000283   Thumb Code     0  startup.o(RESET)
    CAN1_Handler                             0x00000283   Thumb Code     0  startup.o(RESET)
    CAN2_Handler                             0x00000283   Thumb Code     0  startup.o(RESET)
    Comp0_Handler                            0x00000283   Thumb Code     0  startup.o(RESET)
    Comp1_Handler                            0x00000283   Thumb Code     0  startup.o(RESET)
    Comp2_Handler                            0x00000283   Thumb Code     0  startup.o(RESET)
    Ethernet_Handler                         0x00000283   Thumb Code     0  startup.o(RESET)
    ExtBus_Handler                           0x00000283   Thumb Code     0  startup.o(RESET)
    FPU_Handler                              0x00000283   Thumb Code     0  startup.o(RESET)
    Fan0_Handler                             0x00000283   Thumb Code     0  startup.o(RESET)
    FlashCtl_Handler                         0x00000283   Thumb Code     0  startup.o(RESET)
    GPIOPortA_Handler                        0x00000283   Thumb Code     0  startup.o(RESET)
    GPIOPortB_Handler                        0x00000283   Thumb Code     0  startup.o(RESET)
    GPIOPortC_Handler                        0x00000283   Thumb Code     0  startup.o(RESET)
    GPIOPortD_Handler                        0x00000283   Thumb Code     0  startup.o(RESET)
    GPIOPortE_Handler                        0x00000283   Thumb Code     0  startup.o(RESET)
    GPIOPortG_Handler                        0x00000283   Thumb Code     0  startup.o(RESET)
    GPIOPortH_Handler                        0x00000283   Thumb Code     0  startup.o(RESET)
    GPIOPortJ_Handler                        0x00000283   Thumb Code     0  startup.o(RESET)
    GPIOPortK_Handler                        0x00000283   Thumb Code     0  startup.o(RESET)
    GPIOPortL_Handler                        0x00000283   Thumb Code     0  startup.o(RESET)
    GPIOPortM_Handler                        0x00000283   Thumb Code     0  startup.o(RESET)
    GPIOPortN_Handler                        0x00000283   Thumb Code     0  startup.o(RESET)
    GPIOPortP1_Handler                       0x00000283   Thumb Code     0  startup.o(RESET)
    GPIOPortP2_Handler                       0x00000283   Thumb Code     0  startup.o(RESET)
    GPIOPortP3_Handler                       0x00000283   Thumb Code     0  startup.o(RESET)
    GPIOPortP4_Handler                       0x00000283   Thumb Code     0  startup.o(RESET)
    GPIOPortP5_Handler                       0x00000283   Thumb Code     0  startup.o(RESET)
    GPIOPortP6_Handler                       0x00000283   Thumb Code     0  startup.o(RESET)
    GPIOPortP7_Handler                       0x00000283   Thumb Code     0  startup.o(RESET)
    GPIOPortP_Handler                        0x00000283   Thumb Code     0  startup.o(RESET)
    GPIOPortQ1_Handler                       0x00000283   Thumb Code     0  startup.o(RESET)
    GPIOPortQ2_Handler                       0x00000283   Thumb Code     0  startup.o(RESET)
    GPIOPortQ3_Handler                       0x00000283   Thumb Code     0  startup.o(RESET)
    GPIOPortQ4_Handler                       0x00000283   Thumb Code     0  startup.o(RESET)
    GPIOPortQ5_Handler                       0x00000283   Thumb Code     0  startup.o(RESET)
    GPIOPortQ6_Handler                       0x00000283   Thumb Code     0  startup.o(RESET)
    GPIOPortQ7_Handler                       0x00000283   Thumb Code     0  startup.o(RESET)
    GPIOPortQ_Handler                        0x00000283   Thumb Code     0  startup.o(RESET)
    GPIOPortR_Handler                        0x00000283   Thumb Code     0  startup.o(RESET)
    GPIOPortS_Handler                        0x00000283   Thumb Code     0  startup.o(RESET)
    Hibernate_Handler                        0x00000283   Thumb Code     0  startup.o(RESET)
    I2C0_Handler                             0x00000283   Thumb Code     0  startup.o(RESET)
    I2C1_Handler                             0x00000283   Thumb Code     0  startup.o(RESET)
    I2C2_Handler                             0x00000283   Thumb Code     0  startup.o(RESET)
    I2C3_Handler                             0x00000283   Thumb Code     0  startup.o(RESET)
    I2C4_Handler                             0x00000283   Thumb Code     0  startup.o(RESET)
    I2C5_Handler                             0x00000283   Thumb Code     0  startup.o(RESET)
    I2S0_Handler                             0x00000283   Thumb Code     0  startup.o(RESET)
    LPC0_Handler                             0x00000283   Thumb Code     0  startup.o(RESET)
    PECI0_Handler                            0x00000283   Thumb Code     0  startup.o(RESET)
    PWM0Fault_Handler                        0x00000283   Thumb Code     0  startup.o(RESET)
    PWM0Generator0_Handler                   0x00000283   Thumb Code     0  startup.o(RESET)
    PWM0Generator1_Handler                   0x00000283   Thumb Code     0  startup.o(RESET)
    PWM0Generator2_Handler                   0x00000283   Thumb Code     0  startup.o(RESET)
    PWM0Generator3_Handler                   0x00000283   Thumb Code     0  startup.o(RESET)
    PWM1Fault_Handler                        0x00000283   Thumb Code     0  startup.o(RESET)
    PWM1Generator0_Handler                   0x00000283   Thumb Code     0  startup.o(RESET)
    PWM1Generator1_Handler                   0x00000283   Thumb Code     0  startup.o(RESET)
    PWM1Generator2_Handler                   0x00000283   Thumb Code     0  startup.o(RESET)
    PWM1Generator3_Handler                   0x00000283   Thumb Code     0  startup.o(RESET)
    Quadrature0_Handler                      0x00000283   Thumb Code     0  startup.o(RESET)
    Quadrature1_Handler                      0x00000283   Thumb Code     0  startup.o(RESET)
    Quadrature2_Handler                      0x00000283   Thumb Code     0  startup.o(RESET)
    SSI0_Handler                             0x00000283   Thumb Code     0  startup.o(RESET)
    SSI1_Handler                             0x00000283   Thumb Code     0  startup.o(RESET)
    SSI2_Handler                             0x00000283   Thumb Code     0  startup.o(RESET)
    SSI3_Handler                             0x00000283   Thumb Code     0  startup.o(RESET)
    SysCtl_Handler                           0x00000283   Thumb Code     0  startup.o(RESET)
    Timer0A_Handler                          0x00000283   Thumb Code     0  startup.o(RESET)
    Timer0B_Handler                          0x00000283   Thumb Code     0  startup.o(RESET)
    Timer1B_Handler                          0x00000283   Thumb Code     0  startup.o(RESET)
    Timer2A_Handler                          0x00000283   Thumb Code     0  startup.o(RESET)
    Timer2B_Handler                          0x00000283   Thumb Code     0  startup.o(RESET)
    Timer3A_Handler                          0x00000283   Thumb Code     0  startup.o(RESET)
    Timer3B_Handler                          0x00000283   Thumb Code     0  startup.o(RESET)
    Timer4A_Handler                          0x00000283   Thumb Code     0  startup.o(RESET)
    Timer4B_Handler                          0x00000283   Thumb Code     0  startup.o(RESET)
    Timer5B_Handler                          0x00000283   Thumb Code     0  startup.o(RESET)
    UART1_Handler                            0x00000283   Thumb Code     0  startup.o(RESET)
    UART2_Handler                            0x00000283   Thumb Code     0  startup.o(RESET)
    UART3_Handler                            0x00000283   Thumb Code     0  startup.o(RESET)
    UART4_Handler                            0x00000283   Thumb Code     0  startup.o(RESET)
    UART5_Handler                            0x00000283   Thumb Code     0  startup.o(RESET)
    UART6_Handler                            0x00000283   Thumb Code     0  startup.o(RESET)
    UART7_Handler                            0x00000283   Thumb Code     0  startup.o(RESET)
    USB0_Handler                             0x00000283   Thumb Code     0  startup.o(RESET)
    WDT_Handler                              0x00000283   Thumb Code     0  startup.o(RESET)
    WideTimer0A_Handler                      0x00000283   Thumb Code     0  startup.o(RESET)
    WideTimer0B_Handler                      0x00000283   Thumb Code     0  startup.o(RESET)
    WideTimer1A_Handler                      0x00000283   Thumb Code     0  startup.o(RESET)
    WideTimer1B_Handler                      0x00000283   Thumb Code     0  startup.o(RESET)
    WideTimer2A_Handler                      0x00000283   Thumb Code     0  startup.o(RESET)
    WideTimer2B_Handler                      0x00000283   Thumb Code     0  startup.o(RESET)
    WideTimer3A_Handler                      0x00000283   Thumb Code     0  startup.o(RESET)
    WideTimer3B_Handler                      0x00000283   Thumb Code     0  startup.o(RESET)
    WideTimer4A_Handler                      0x00000283   Thumb Code     0  startup.o(RESET)
    WideTimer4B_Handler                      0x00000283   Thumb Code     0  startup.o(RESET)
    WideTimer5A_Handler                      0x00000283   Thumb Code     0  startup.o(RESET)
    WideTimer5B_Handler                      0x00000283   Thumb Code     0  startup.o(RESET)
    uDMA_Error                               0x00000283   Thumb Code     0  startup.o(RESET)
    uDMA_Handler                             0x00000283   Thumb Code     0  startup.o(RESET)
    __main                                   0x00000285   Thumb Code     8  __main.o(!!!main)
    __scatterload                            0x0000028d   Thumb Code     0  __scatter.o(!!!scatter)
    __scatterload_rt2                        0x0000028d   Thumb Code    44  __scatter.o(!!!scatter)
    __scatterload_rt2_thumb_only             0x0000028d   Thumb Code     0  __scatter.o(!!!scatter)
    __scatterload_null                       0x0000029b   Thumb Code     0  __scatter.o(!!!scatter)
    __scatterload_copy                       0x000002c1   Thumb Code    26  __scatter_copy.o(!!handler_copy)
    __scatterload_zeroinit                   0x000002dd   Thumb Code    28  __scatter_zi.o(!!handler_zi)
    _printf_percent                          0x000002f9   Thumb Code     0  _printf_percent.o(.ARM.Collect$$_printf_percent$$00000000)
    _printf_u                                0x000002f9   Thumb Code     0  _printf_u.o(.ARM.Collect$$_printf_percent$$0000000A)
    _printf_percent_end                      0x000002ff   Thumb Code     0  _printf_percent_end.o(.ARM.Collect$$_printf_percent$$00000017)
    __rt_lib_init                            0x00000303   Thumb Code     0  libinit.o(.ARM.Collect$$libinit$$00000000)
    __rt_lib_init_alloca_1                   0x00000305   Thumb Code     0  libinit2.o(.ARM.Collect$$libinit$$0000002C)
    __rt_lib_init_argv_1                     0x00000305   Thumb Code     0  libinit2.o(.ARM.Collect$$libinit$$0000002A)
    __rt_lib_init_atexit_1                   0x00000305   Thumb Code     0  libinit2.o(.ARM.Collect$$libinit$$00000019)
    __rt_lib_init_clock_1                    0x00000305   Thumb Code     0  libinit2.o(.ARM.Collect$$libinit$$0000001F)
    __rt_lib_init_cpp_1                      0x00000305   Thumb Code     0  libinit2.o(.ARM.Collect$$libinit$$00000030)
    __rt_lib_init_exceptions_1               0x00000305   Thumb Code     0  libinit2.o(.ARM.Collect$$libinit$$0000002E)
    __rt_lib_init_fp_1                       0x00000305   Thumb Code     0  libinit2.o(.ARM.Collect$$libinit$$00000002)
    __rt_lib_init_fp_trap_1                  0x00000305   Thumb Code     0  libinit2.o(.ARM.Collect$$libinit$$0000001D)
    __rt_lib_init_getenv_1                   0x00000305   Thumb Code     0  libinit2.o(.ARM.Collect$$libinit$$00000021)
    __rt_lib_init_heap_1                     0x00000305   Thumb Code     0  libinit2.o(.ARM.Collect$$libinit$$00000008)
    __rt_lib_init_lc_collate_1               0x00000305   Thumb Code     0  libinit2.o(.ARM.Collect$$libinit$$0000000F)
    __rt_lib_init_lc_ctype_1                 0x00000305   Thumb Code     0  libinit2.o(.ARM.Collect$$libinit$$00000011)
    __rt_lib_init_lc_monetary_1              0x00000305   Thumb Code     0  libinit2.o(.ARM.Collect$$libinit$$00000013)
    __rt_lib_init_lc_numeric_1               0x00000305   Thumb Code     0  libinit2.o(.ARM.Collect$$libinit$$00000015)
    __rt_lib_init_lc_time_1                  0x00000305   Thumb Code     0  libinit2.o(.ARM.Collect$$libinit$$00000017)
    __rt_lib_init_rand_1                     0x00000305   Thumb Code     0  libinit2.o(.ARM.Collect$$libinit$$0000000C)
    __rt_lib_init_return                     0x00000305   Thumb Code     0  libinit2.o(.ARM.Collect$$libinit$$00000031)
    __rt_lib_init_signal_1                   0x00000305   Thumb Code     0  libinit2.o(.ARM.Collect$$libinit$$0000001B)
    __rt_lib_init_stdio_1                    0x00000305   Thumb Code     0  libinit2.o(.ARM.Collect$$libinit$$00000023)
    __rt_lib_init_user_alloc_1               0x00000305   Thumb Code     0  libinit2.o(.ARM.Collect$$libinit$$0000000A)
    __rt_lib_shutdown                        0x00000307   Thumb Code     0  libshutdown.o(.ARM.Collect$$libshutdown$$00000000)
    __rt_lib_shutdown_fp_trap_1              0x00000309   Thumb Code     0  libshutdown2.o(.ARM.Collect$$libshutdown$$00000006)
    __rt_lib_shutdown_heap_1                 0x00000309   Thumb Code     0  libshutdown2.o(.ARM.Collect$$libshutdown$$0000000E)
    __rt_lib_shutdown_return                 0x00000309   Thumb Code     0  libshutdown2.o(.ARM.Collect$$libshutdown$$0000000F)
    __rt_lib_shutdown_signal_1               0x00000309   Thumb Code     0  libshutdown2.o(.ARM.Collect$$libshutdown$$00000009)
    __rt_lib_shutdown_stdio_1                0x00000309   Thumb Code     0  libshutdown2.o(.ARM.Collect$$libshutdown$$00000003)
    __rt_lib_shutdown_user_alloc_1           0x00000309   Thumb Code     0  libshutdown2.o(.ARM.Collect$$libshutdown$$0000000B)
    __rt_entry                               0x0000030b   Thumb Code     0  rtentry.o(.ARM.Collect$$rtentry$$00000000)
    __rt_entry_presh_1                       0x0000030b   Thumb Code     0  rtentry2.o(.ARM.Collect$$rtentry$$00000002)
    __rt_entry_sh                            0x0000030b   Thumb Code     0  rtentry4.o(.ARM.Collect$$rtentry$$00000004)
    __rt_entry_li                            0x00000311   Thumb Code     0  rtentry2.o(.ARM.Collect$$rtentry$$0000000A)
    __rt_entry_postsh_1                      0x00000311   Thumb Code     0  rtentry2.o(.ARM.Collect$$rtentry$$00000009)
    __rt_entry_main                          0x00000315   Thumb Code     0  rtentry2.o(.ARM.Collect$$rtentry$$0000000D)
    __rt_entry_postli_1                      0x00000315   Thumb Code     0  rtentry2.o(.ARM.Collect$$rtentry$$0000000C)
    __rt_exit                                0x0000031d   Thumb Code     0  rtexit.o(.ARM.Collect$$rtexit$$00000000)
    __rt_exit_ls                             0x0000031f   Thumb Code     0  rtexit2.o(.ARM.Collect$$rtexit$$00000003)
    __rt_exit_prels_1                        0x0000031f   Thumb Code     0  rtexit2.o(.ARM.Collect$$rtexit$$00000002)
    __rt_exit_exit                           0x00000323   Thumb Code     0  rtexit2.o(.ARM.Collect$$rtexit$$00000004)
    DisableInterrupts                        0x00000329   Thumb Code     0  startup.o(.text)
    EnableInterrupts                         0x0000032d   Thumb Code     0  startup.o(.text)
    StartCritical                            0x00000331   Thumb Code     0  startup.o(.text)
    EndCritical                              0x00000339   Thumb Code     0  startup.o(.text)
    WaitForInterrupt                         0x0000033f   Thumb Code     0  startup.o(.text)
    __user_initial_stackheap                 0x00000343   Thumb Code     0  startup.o(.text)
    OS_DisableInterrupts                     0x00000359   Thumb Code     0  osasm.o(.text)
    OS_EnableInterrupts                      0x0000035d   Thumb Code     0  osasm.o(.text)
    SysTick_Handler                          0x00000361   Thumb Code     0  osasm.o(.text)
    StartOS                                  0x0000038f   Thumb Code     0  osasm.o(.text)
    Thread_Switch                            0x000003af   Thumb Code     0  osasm.o(.text)
    __I$use$semihosting                      0x000003d1   Thumb Code     0  use_no_semi.o(.text)
    __use_no_semihosting_swi                 0x000003d1   Thumb Code     2  use_no_semi.o(.text)
    __2printf                                0x000003d5   Thumb Code    20  noretval__2printf.o(.text)
    _printf_int_dec                          0x000003ed   Thumb Code   102  _printf_dec.o(.text)
    __printf                                 0x00000465   Thumb Code   310  __printf_flags_wp.o(.text)
    __use_two_region_memory                  0x000005a1   Thumb Code     2  heapauxi.o(.text)
    __rt_heap_escrow$2region                 0x000005a3   Thumb Code     2  heapauxi.o(.text)
    __rt_heap_expand$2region                 0x000005a5   Thumb Code     2  heapauxi.o(.text)
    _printf_int_common                       0x000005a7   Thumb Code   184  _printf_intcommon.o(.text)
    _printf_char_common                      0x0000066b   Thumb Code    32  _printf_char_common.o(.text)
    _printf_char_file                        0x00000691   Thumb Code    32  _printf_char_file.o(.text)
    __user_setup_stackheap                   0x000006b5   Thumb Code    74  sys_stackheap_outer.o(.text)
    exit                                     0x000006ff   Thumb Code    12  exit.o(.text)
    __user_libspace                          0x0000070d   Thumb Code     8  libspace.o(.text)
    __user_perproc_libspace                  0x0000070d   Thumb Code     0  libspace.o(.text)
    __user_perthread_libspace                0x0000070d   Thumb Code     0  libspace.o(.text)
    ADC0Seq0_Handler                         0x00000715   Thumb Code    34  adc.o(i.ADC0Seq0_Handler)
    CS_Init                                  0x00000745   Thumb Code   136  edisk.o(i.CS_Init)
    GPIOPortF_Handler                        0x00000825   Thumb Code    86  os.o(i.GPIOPortF_Handler)
    GPIO_Init                                0x0000088d   Thumb Code   182  os.o(i.GPIO_Init)
    MakeTxSSI                                0x0000095d   Thumb Code    30  edisk.o(i.MakeTxSSI)
    MakeTxhigh                               0x00000985   Thumb Code    42  edisk.o(i.MakeTxhigh)
    OS_AddThread                             0x000009bd   Thumb Code   492  os.o(i.OS_AddThread)
    OS_Init                                  0x00000bbd   Thumb Code    68  os.o(i.OS_Init)
    OS_Kill                                  0x00000c09   Thumb Code   126  os.o(i.OS_Kill)
    OS_Sleep                                 0x00000c95   Thumb Code    10  os.o(i.OS_Sleep)
    OS_Suspend                               0x00000ca5   Thumb Code    18  os.o(i.OS_Suspend)
    PLL_Init                                 0x00000cbd   Thumb Code   118  pll.o(i.PLL_Init)
    RxFifo_Init                              0x00000d39   Thumb Code    26  uart.o(i.RxFifo_Init)
    RxFifo_Put                               0x00000d5d   Thumb Code    48  uart.o(i.RxFifo_Put)
    RxFifo_Size                              0x00000d99   Thumb Code    14  uart.o(i.RxFifo_Size)
    SSI0_Init                                0x00000dbd   Thumb Code   240  edisk.o(i.SSI0_Init)
    SSI0_Out                                 0x00000ec9   Thumb Code    38  edisk.o(i.SSI0_Out)
    SetInitialStack                          0x00000ef5   Thumb Code   326  os.o(i.SetInitialStack)
    Timer1A_Handler                          0x00001049   Thumb Code     8  os.o(i.Timer1A_Handler)
    Timer1_Init                              0x00001055   Thumb Code   108  os.o(i.Timer1_Init)
    Timer5A_Handler                          0x000010d1   Thumb Code    16  os.o(i.Timer5A_Handler)
    TxFifo_Get                               0x000010e9   Thumb Code    46  uart.o(i.TxFifo_Get)
    TxFifo_Init                              0x00001125   Thumb Code    26  uart.o(i.TxFifo_Init)
    TxFifo_Put                               0x00001149   Thumb Code    48  uart.o(i.TxFifo_Put)
    TxFifo_Size                              0x00001185   Thumb Code    14  uart.o(i.TxFifo_Size)
    UART0_Handler                            0x0000119d   Thumb Code    82  uart.o(i.UART0_Handler)
    UART_Init                                0x000011f5   Thumb Code   174  uart.o(i.UART_Init)
    UART_OutChar                             0x000012bd   Thumb Code    46  uart.o(i.UART_OutChar)
    _is_digit                                0x000012f1   Thumb Code    14  __printf_wp.o(i._is_digit)
    _sys_exit                                0x000012ff   Thumb Code     4  retarget.o(i._sys_exit)
    diskError                                0x00001359   Thumb Code    26  lab5.o(i.diskError)
    eDisk_Init                               0x00001385   Thumb Code   352  edisk.o(i.eDisk_Init)
    eDisk_Read                               0x000014f1   Thumb Code   146  edisk.o(i.eDisk_Read)
    eDisk_ReadBlock                          0x0000158d   Thumb Code    20  edisk.o(i.eDisk_ReadBlock)
    eDisk_Write                              0x000015a1   Thumb Code   188  edisk.o(i.eDisk_Write)
    eDisk_WriteBlock                         0x00001665   Thumb Code    20  edisk.o(i.eDisk_WriteBlock)
    eFile_Create                             0x00001679   Thumb Code   188  efile.o(i.eFile_Create)
    eFile_Delete                             0x00001741   Thumb Code   190  efile.o(i.eFile_Delete)
    eFile_EndRedirectToFile                  0x0000180d   Thumb Code    22  efile.o(i.eFile_EndRedirectToFile)
    eFile_Format                             0x00001829   Thumb Code   130  efile.o(i.eFile_Format)
    eFile_Init                               0x000018b5   Thumb Code    20  efile.o(i.eFile_Init)
    eFile_ROpen                              0x000018c9   Thumb Code   138  efile.o(i.eFile_ROpen)
    eFile_ReadNext                           0x00001971   Thumb Code   120  efile.o(i.eFile_ReadNext)
    eFile_WClose                             0x000019f5   Thumb Code    30  efile.o(i.eFile_WClose)
    eFile_WOpen                              0x00001a1d   Thumb Code   162  efile.o(i.eFile_WOpen)
    eFile_Write                              0x00001add   Thumb Code   216  efile.o(i.eFile_Write)
    ferror                                   0x00001bcd   Thumb Code     8  retarget.o(i.ferror)
    fputc                                    0x00001bd5   Thumb Code    42  retarget.o(i.fputc)
    getFreeBlock                             0x00001c01   Thumb Code    70  efile.o(i.getFreeBlock)
    main                                     0x00001c51   Thumb Code   222  lab5.o(i.main)
    streamToFile                             0x00001f19   Thumb Code     6  efile.o(i.streamToFile)
    Region$$Table$$Base                      0x00001fec   Number         0  anon$$obj.o(Region$$Table)
    Region$$Table$$Limit                     0x0000200c   Number         0  anon$$obj.o(Region$$Table)
    StreamToFile                             0x20000008   Data           4  efile.o(.data)
    fileDirectoryIndex                       0x2000000c   Data           4  efile.o(.data)
    directoryCacheStatus                     0x20000010   Data           4  efile.o(.data)
    fileBlockIndex                           0x20000014   Data           4  efile.o(.data)
    fileStatus                               0x20000018   Data           4  efile.o(.data)
    writeStatus                              0x2000001c   Data           4  efile.o(.data)
    readIndex                                0x20000020   Data           4  efile.o(.data)
    numThreadsCreated                        0x20000024   Data           4  os.o(.data)
    PeriodicTask                             0x20000028   Data           4  os.o(.data)
    RunPt                                    0x2000002c   Data           4  os.o(.data)
    switchTaskPF0                            0x20000030   Data           4  os.o(.data)
    switchTaskPF4                            0x20000034   Data           4  os.o(.data)
    switchTask                               0x2000003c   Data           4  os.o(.data)
    mail                                     0x20000040   Data           4  os.o(.data)
    mailBoxSendSema4                         0x20000044   Data           4  os.o(.data)
    mailBoxAckSema4                          0x20000048   Data           4  os.o(.data)
    mutex                                    0x2000004c   Data           4  os.o(.data)
    currentSize                              0x20000050   Data           4  os.o(.data)
    putPt                                    0x20000054   Data           4  os.o(.data)
    getPt                                    0x20000058   Data           4  os.o(.data)
    lostData                                 0x2000005c   Data           4  os.o(.data)
    __stdout                                 0x20000060   Data           4  retarget.o(.data)
    __stdin                                  0x20000064   Data           4  retarget.o(.data)
    RxPutI                                   0x20000068   Data           4  uart.o(.data)
    RxGetI                                   0x2000006c   Data           4  uart.o(.data)
    TxPutI                                   0x20000070   Data           4  uart.o(.data)
    TxGetI                                   0x20000074   Data           4  uart.o(.data)
    ADCcount                                 0x20000078   Data           4  adc.o(.data)
    ADCtask                                  0x2000007c   Data           4  adc.o(.data)
    ADCvalue                                 0x20000080   Data           4  adc.o(.data)
    ADCvalue2                                0x20000084   Data           4  adc.o(.data)
    blockBuffer                              0x20000088   Data         512  efile.o(.bss)
    directoryBuffer                          0x20000288   Data         512  efile.o(.bss)
    fileBuffer                               0x20000488   Data         512  efile.o(.bss)
    tcbs                                     0x20000688   Data         252  os.o(.bss)
    activeThreads                            0x20000784   Data          36  os.o(.bss)
    Stacks                                   0x200007a8   Data       18000  os.o(.bss)
    fifo                                     0x20004df8   Data        2048  os.o(.bss)
    __libspace_start                         0x200056f8   Data          96  libspace.o(.bss)
    __temporary_stack_top$libspace           0x20005758   Data           0  libspace.o(.bss)



==============================================================================

Memory Map of the image

  Image Entry point : 0x0000026d

  Load Region LR_1 (Base: 0x00000000, Size: 0x00002094, Max: 0xffffffff, ABSOLUTE)

    Execution Region ER_RO (Base: 0x00000000, Size: 0x0000200c, Max: 0xffffffff, ABSOLUTE)

    Base Addr    Size         Type   Attr      Idx    E Section Name        Object

    0x00000000   0x00000284   Code   RO          830  * RESET               startup.o
    0x00000284   0x00000008   Code   RO          953  * !!!main             c_w.l(__main.o)
    0x0000028c   0x00000034   Code   RO         1146    !!!scatter          c_w.l(__scatter.o)
    0x000002c0   0x0000001a   Code   RO         1148    !!handler_copy      c_w.l(__scatter_copy.o)
    0x000002da   0x00000002   PAD
    0x000002dc   0x0000001c   Code   RO         1150    !!handler_zi        c_w.l(__scatter_zi.o)
    0x000002f8   0x00000000   Code   RO          941    .ARM.Collect$$_printf_percent$$00000000  c_w.l(_printf_percent.o)
    0x000002f8   0x00000006   Code   RO          940    .ARM.Collect$$_printf_percent$$0000000A  c_w.l(_printf_u.o)
    0x000002fe   0x00000004   Code   RO          966    .ARM.Collect$$_printf_percent$$00000017  c_w.l(_printf_percent_end.o)
    0x00000302   0x00000002   Code   RO         1013    .ARM.Collect$$libinit$$00000000  c_w.l(libinit.o)
    0x00000304   0x00000000   Code   RO         1022    .ARM.Collect$$libinit$$00000002  c_w.l(libinit2.o)
    0x00000304   0x00000000   Code   RO         1025    .ARM.Collect$$libinit$$00000008  c_w.l(libinit2.o)
    0x00000304   0x00000000   Code   RO         1027    .ARM.Collect$$libinit$$0000000A  c_w.l(libinit2.o)
    0x00000304   0x00000000   Code   RO         1029    .ARM.Collect$$libinit$$0000000C  c_w.l(libinit2.o)
    0x00000304   0x00000000   Code   RO         1032    .ARM.Collect$$libinit$$0000000F  c_w.l(libinit2.o)
    0x00000304   0x00000000   Code   RO         1034    .ARM.Collect$$libinit$$00000011  c_w.l(libinit2.o)
    0x00000304   0x00000000   Code   RO         1036    .ARM.Collect$$libinit$$00000013  c_w.l(libinit2.o)
    0x00000304   0x00000000   Code   RO         1038    .ARM.Collect$$libinit$$00000015  c_w.l(libinit2.o)
    0x00000304   0x00000000   Code   RO         1040    .ARM.Collect$$libinit$$00000017  c_w.l(libinit2.o)
    0x00000304   0x00000000   Code   RO         1042    .ARM.Collect$$libinit$$00000019  c_w.l(libinit2.o)
    0x00000304   0x00000000   Code   RO         1044    .ARM.Collect$$libinit$$0000001B  c_w.l(libinit2.o)
    0x00000304   0x00000000   Code   RO         1046    .ARM.Collect$$libinit$$0000001D  c_w.l(libinit2.o)
    0x00000304   0x00000000   Code   RO         1048    .ARM.Collect$$libinit$$0000001F  c_w.l(libinit2.o)
    0x00000304   0x00000000   Code   RO         1050    .ARM.Collect$$libinit$$00000021  c_w.l(libinit2.o)
    0x00000304   0x00000000   Code   RO         1052    .ARM.Collect$$libinit$$00000023  c_w.l(libinit2.o)
    0x00000304   0x00000000   Code   RO         1056    .ARM.Collect$$libinit$$0000002A  c_w.l(libinit2.o)
    0x00000304   0x00000000   Code   RO         1058    .ARM.Collect$$libinit$$0000002C  c_w.l(libinit2.o)
    0x00000304   0x00000000   Code   RO         1060    .ARM.Collect$$libinit$$0000002E  c_w.l(libinit2.o)
    0x00000304   0x00000000   Code   RO         1062    .ARM.Collect$$libinit$$00000030  c_w.l(libinit2.o)
    0x00000304   0x00000002   Code   RO         1063    .ARM.Collect$$libinit$$00000031  c_w.l(libinit2.o)
    0x00000306   0x00000002   Code   RO         1089    .ARM.Collect$$libshutdown$$00000000  c_w.l(libshutdown.o)
    0x00000308   0x00000000   Code   RO         1100    .ARM.Collect$$libshutdown$$00000003  c_w.l(libshutdown2.o)
    0x00000308   0x00000000   Code   RO         1103    .ARM.Collect$$libshutdown$$00000006  c_w.l(libshutdown2.o)
    0x00000308   0x00000000   Code   RO         1106    .ARM.Collect$$libshutdown$$00000009  c_w.l(libshutdown2.o)
    0x00000308   0x00000000   Code   RO         1108    .ARM.Collect$$libshutdown$$0000000B  c_w.l(libshutdown2.o)
    0x00000308   0x00000000   Code   RO         1111    .ARM.Collect$$libshutdown$$0000000E  c_w.l(libshutdown2.o)
    0x00000308   0x00000002   Code   RO         1112    .ARM.Collect$$libshutdown$$0000000F  c_w.l(libshutdown2.o)
    0x0000030a   0x00000000   Code   RO          955    .ARM.Collect$$rtentry$$00000000  c_w.l(rtentry.o)
    0x0000030a   0x00000000   Code   RO          972    .ARM.Collect$$rtentry$$00000002  c_w.l(rtentry2.o)
    0x0000030a   0x00000006   Code   RO          984    .ARM.Collect$$rtentry$$00000004  c_w.l(rtentry4.o)
    0x00000310   0x00000000   Code   RO          974    .ARM.Collect$$rtentry$$00000009  c_w.l(rtentry2.o)
    0x00000310   0x00000004   Code   RO          975    .ARM.Collect$$rtentry$$0000000A  c_w.l(rtentry2.o)
    0x00000314   0x00000000   Code   RO          977    .ARM.Collect$$rtentry$$0000000C  c_w.l(rtentry2.o)
    0x00000314   0x00000008   Code   RO          978    .ARM.Collect$$rtentry$$0000000D  c_w.l(rtentry2.o)
    0x0000031c   0x00000002   Code   RO         1017    .ARM.Collect$$rtexit$$00000000  c_w.l(rtexit.o)
    0x0000031e   0x00000000   Code   RO         1065    .ARM.Collect$$rtexit$$00000002  c_w.l(rtexit2.o)
    0x0000031e   0x00000004   Code   RO         1066    .ARM.Collect$$rtexit$$00000003  c_w.l(rtexit2.o)
    0x00000322   0x00000006   Code   RO         1067    .ARM.Collect$$rtexit$$00000004  c_w.l(rtexit2.o)
    0x00000328   0x00000030   Code   RO          831    .text               startup.o
    0x00000358   0x00000078   Code   RO          838    .text               osasm.o
    0x000003d0   0x00000002   Code   RO          900    .text               c_w.l(use_no_semi.o)
    0x000003d2   0x00000002   PAD
    0x000003d4   0x00000018   Code   RO          906    .text               c_w.l(noretval__2printf.o)
    0x000003ec   0x00000078   Code   RO          916    .text               c_w.l(_printf_dec.o)
    0x00000464   0x0000013c   Code   RO          930    .text               c_w.l(__printf_flags_wp.o)
    0x000005a0   0x00000006   Code   RO          951    .text               c_w.l(heapauxi.o)
    0x000005a6   0x000000b8   Code   RO          956    .text               c_w.l(_printf_intcommon.o)
    0x0000065e   0x00000002   PAD
    0x00000660   0x00000030   Code   RO          958    .text               c_w.l(_printf_char_common.o)
    0x00000690   0x00000024   Code   RO          964    .text               c_w.l(_printf_char_file.o)
    0x000006b4   0x0000004a   Code   RO          998    .text               c_w.l(sys_stackheap_outer.o)
    0x000006fe   0x0000000c   Code   RO         1006    .text               c_w.l(exit.o)
    0x0000070a   0x00000002   PAD
    0x0000070c   0x00000008   Code   RO         1014    .text               c_w.l(libspace.o)
    0x00000714   0x00000030   Code   RO          853    i.ADC0Seq0_Handler  adc.o
    0x00000744   0x000000a4   Code   RO            1    i.CS_Init           edisk.o
    0x000007e8   0x0000000c   Code   RO            2    i.DESELECT          edisk.o
    0x000007f4   0x00000030   Code   RO          432    i.DebounceTaskPF4   os.o
    0x00000824   0x00000068   Code   RO          433    i.GPIOPortF_Handler  os.o
    0x0000088c   0x000000d0   Code   RO          434    i.GPIO_Init         os.o
    0x0000095c   0x00000028   Code   RO            3    i.MakeTxSSI         edisk.o
    0x00000984   0x00000038   Code   RO            4    i.MakeTxhigh        edisk.o
    0x000009bc   0x00000200   Code   RO          437    i.OS_AddThread      os.o
    0x00000bbc   0x0000004c   Code   RO          445    i.OS_Init           os.o
    0x00000c08   0x0000008c   Code   RO          447    i.OS_Kill           os.o
    0x00000c94   0x00000010   Code   RO          455    i.OS_Sleep          os.o
    0x00000ca4   0x00000018   Code   RO          456    i.OS_Suspend        os.o
    0x00000cbc   0x0000007c   Code   RO          841    i.PLL_Init          pll.o
    0x00000d38   0x00000024   Code   RO          698    i.RxFifo_Init       uart.o
    0x00000d5c   0x0000003c   Code   RO          699    i.RxFifo_Put        uart.o
    0x00000d98   0x00000018   Code   RO          700    i.RxFifo_Size       uart.o
    0x00000db0   0x0000000c   Code   RO            5    i.SELECT            edisk.o
    0x00000dbc   0x0000010c   Code   RO            6    i.SSI0_Init         edisk.o
    0x00000ec8   0x0000002c   Code   RO            7    i.SSI0_Out          edisk.o
    0x00000ef4   0x00000154   Code   RO          462    i.SetInitialStack   os.o
    0x00001048   0x0000000c   Code   RO          463    i.Timer1A_Handler   os.o
    0x00001054   0x0000007c   Code   RO          464    i.Timer1_Init       os.o
    0x000010d0   0x00000018   Code   RO          465    i.Timer5A_Handler   os.o
    0x000010e8   0x0000003c   Code   RO          701    i.TxFifo_Get        uart.o
    0x00001124   0x00000024   Code   RO          702    i.TxFifo_Init       uart.o
    0x00001148   0x0000003c   Code   RO          703    i.TxFifo_Put        uart.o
    0x00001184   0x00000018   Code   RO          704    i.TxFifo_Size       uart.o
    0x0000119c   0x00000058   Code   RO          705    i.UART0_Handler     uart.o
    0x000011f4   0x000000c8   Code   RO          710    i.UART_Init         uart.o
    0x000012bc   0x00000034   Code   RO          711    i.UART_OutChar      uart.o
    0x000012f0   0x0000000e   Code   RO          928    i._is_digit         c_w.l(__printf_wp.o)
    0x000012fe   0x00000004   Code   RO          660    i._sys_exit         retarget.o
    0x00001302   0x00000002   PAD
    0x00001304   0x00000028   Code   RO          715    i.copyHardwareToSoftware  uart.o
    0x0000132c   0x0000002c   Code   RO          716    i.copySoftwareToHardware  uart.o
    0x00001358   0x0000002c   Code   RO          344    i.diskError         lab5.o
    0x00001384   0x0000016c   Code   RO           11    i.eDisk_Init        edisk.o
    0x000014f0   0x0000009c   Code   RO           12    i.eDisk_Read        edisk.o
    0x0000158c   0x00000014   Code   RO           13    i.eDisk_ReadBlock   edisk.o
    0x000015a0   0x000000c4   Code   RO           15    i.eDisk_Write       edisk.o
    0x00001664   0x00000014   Code   RO           16    i.eDisk_WriteBlock  edisk.o
    0x00001678   0x000000c8   Code   RO          175    i.eFile_Create      efile.o
    0x00001740   0x000000cc   Code   RO          176    i.eFile_Delete      efile.o
    0x0000180c   0x0000001c   Code   RO          178    i.eFile_EndRedirectToFile  efile.o
    0x00001828   0x0000008c   Code   RO          179    i.eFile_Format      efile.o
    0x000018b4   0x00000014   Code   RO          180    i.eFile_Init        efile.o
    0x000018c8   0x000000a8   Code   RO          182    i.eFile_ROpen       efile.o
    0x00001970   0x00000084   Code   RO          183    i.eFile_ReadNext    efile.o
    0x000019f4   0x00000028   Code   RO          185    i.eFile_WClose      efile.o
    0x00001a1c   0x000000c0   Code   RO          186    i.eFile_WOpen       efile.o
    0x00001adc   0x000000f0   Code   RO          187    i.eFile_Write       efile.o
    0x00001bcc   0x00000008   Code   RO          661    i.ferror            retarget.o
    0x00001bd4   0x0000002a   Code   RO          663    i.fputc             retarget.o
    0x00001bfe   0x00000002   PAD
    0x00001c00   0x00000050   Code   RO          188    i.getFreeBlock      efile.o
    0x00001c50   0x00000180   Code   RO          345    i.main              lab5.o
    0x00001dd0   0x0000000c   Code   RO           18    i.power_off         edisk.o
    0x00001ddc   0x00000018   Code   RO           19    i.power_on          edisk.o
    0x00001df4   0x00000050   Code   RO           20    i.rcvr_datablock    edisk.o
    0x00001e44   0x0000002c   Code   RO           21    i.rcvr_spi          edisk.o
    0x00001e70   0x0000000c   Code   RO           22    i.rcvr_spi_m        edisk.o
    0x00001e7c   0x00000070   Code   RO           23    i.send_cmd          edisk.o
    0x00001eec   0x00000020   Code   RO           24    i.send_initial_clock_train  edisk.o
    0x00001f0c   0x0000000a   Code   RO           25    i.set_max_speed     edisk.o
    0x00001f16   0x00000002   PAD
    0x00001f18   0x0000000c   Code   RO          189    i.streamToFile      efile.o
    0x00001f24   0x00000028   Code   RO           26    i.wait_ready        edisk.o
    0x00001f4c   0x0000005e   Code   RO           27    i.xmit_datablock    edisk.o
    0x00001faa   0x00000002   PAD
    0x00001fac   0x0000002c   Code   RO           28    i.xmit_spi          edisk.o
    0x00001fd8   0x00000011   Data   RO          931    .constdata          c_w.l(__printf_flags_wp.o)
    0x00001fe9   0x00000003   PAD
    0x00001fec   0x00000020   Data   RO         1144    Region$$Table       anon$$obj.o


    Execution Region ER_RW (Base: 0x20000000, Size: 0x00000088, Max: 0xffffffff, ABSOLUTE)

    Base Addr    Size         Type   Attr      Idx    E Section Name        Object

    0x20000000   0x00000005   Data   RW           29    .data               edisk.o
    0x20000005   0x00000003   PAD
    0x20000008   0x0000001c   Data   RW          191    .data               efile.o
    0x20000024   0x0000003c   Data   RW          469    .data               os.o
    0x20000060   0x00000008   Data   RW          664    .data               retarget.o
    0x20000068   0x00000010   Data   RW          718    .data               uart.o
    0x20000078   0x00000010   Data   RW          859    .data               adc.o


    Execution Region ER_ZI (Base: 0x20000088, Size: 0x00005ad0, Max: 0xffffffff, ABSOLUTE)

    Base Addr    Size         Type   Attr      Idx    E Section Name        Object

    0x20000088   0x00000600   Zero   RW          190    .bss                efile.o
    0x20000688   0x00004f70   Zero   RW          468    .bss                os.o
    0x200055f8   0x00000100   Zero   RW          717    .bss                uart.o
    0x200056f8   0x00000060   Zero   RW         1015    .bss                c_w.l(libspace.o)
    0x20005758   0x00000000   Zero   RW          829    HEAP                startup.o
    0x20005758   0x00000400   Zero   RW          828    STACK               startup.o


==============================================================================

Image component sizes


      Code (inc. data)   RO Data    RW Data    ZI Data      Debug   Object Name

        48         14          0         16          0       1865   adc.o
      1856        152          0          5          0      16491   edisk.o
      1456        164          0         28       1536       8234   efile.o
         0          0          0          0          0        384   interpreter.o
       428        180          0          0          0       1023   lab5.o
      1628        154          0         60      20336       7369   os.o
       120          4          0          0          0        220   osasm.o
       124          6          0          0          0        379   pll.o
        54          0          0          8          0       2951   retarget.o
       692        632          0          0       1024        900   startup.o
       724        126          0         16        256       6104   uart.o

    ----------------------------------------------------------------------
      7138       1432         32        136      23152      45920   Object Totals
         0          0         32          0          0          0   (incl. Generated)
         8          0          0          3          0          0   (incl. Padding)

    ----------------------------------------------------------------------

      Code (inc. data)   RO Data    RW Data    ZI Data      Debug   Library Member Name

         8          0          0          0          0         68   __main.o
       316          6         17          0          0         92   __printf_flags_wp.o
        14          0          0          0          0         68   __printf_wp.o
        52          8          0          0          0          0   __scatter.o
        26          0          0          0          0          0   __scatter_copy.o
        28          0          0          0          0          0   __scatter_zi.o
        48          6          0          0          0         96   _printf_char_common.o
        36          4          0          0          0         80   _printf_char_file.o
       120         18          0          0          0         92   _printf_dec.o
       184          0          0          0          0         88   _printf_intcommon.o
         0          0          0          0          0          0   _printf_percent.o
         4          0          0          0          0          0   _printf_percent_end.o
         6          0          0          0          0          0   _printf_u.o
        12          0          0          0          0         72   exit.o
         6          0          0          0          0        152   heapauxi.o
         2          0          0          0          0          0   libinit.o
         2          0          0          0          0          0   libinit2.o
         2          0          0          0          0          0   libshutdown.o
         2          0          0          0          0          0   libshutdown2.o
         8          4          0          0         96         68   libspace.o
        24          4          0          0          0         84   noretval__2printf.o
         0          0          0          0          0          0   rtentry.o
        12          0          0          0          0          0   rtentry2.o
         6          0          0          0          0          0   rtentry4.o
         2          0          0          0          0          0   rtexit.o
        10          0          0          0          0          0   rtexit2.o
        74          0          0          0          0         80   sys_stackheap_outer.o
         2          0          0          0          0         68   use_no_semi.o

    ----------------------------------------------------------------------
      1014         50         20          0         96       1108   Library Totals
         8          0          3          0          0          0   (incl. Padding)

    ----------------------------------------------------------------------

      Code (inc. data)   RO Data    RW Data    ZI Data      Debug   Library Name

      1006         50         17          0         96       1108   c_w.l

    ----------------------------------------------------------------------
      1014         50         20          0         96       1108   Library Totals

    ----------------------------------------------------------------------

==============================================================================


      Code (inc. data)   RO Data    RW Data    ZI Data      Debug   

      8152       1482         52        136      23248      43180   Grand Totals
      8152       1482         52        136      23248      43180   ELF Image Totals
      8152       1482         52        136          0          0   ROM Totals

==============================================================================

    Total RO  Size (Code + RO Data)                 8204 (   8.01kB)
    Total RW  Size (RW Data + ZI Data)             23384 (  22.84kB)
    Total ROM Size (Code + RO Data + RW Data)       8340 (   8.14kB)

==============================================================================

