<html>
<body>
<pre>
<h1>µVision Build Log</h1>
<h2>Project:</h2>
C:\Users\Dat\Documents\GitHub\EE445M-Lab5\UARTInts_4C123\UARTInts.uvproj
Project File Date:  03/06/2015

<h2>Output:</h2>
Rebuild target 'UARTInts'
assembling startup.s...
compiling PLL.c...
compiling UART.c...
compiling ADC.c...
compiling Interpreter.c...
compiling retarget.c...
compiling OS.c...
OS.c(70): warning:  #177-D: variable "LastPF0" was declared but never referenced
  uint32_t static LastPF0;  //Previous value
OS.c: 1 warning, 0 errors
compiling ST7735.c...
ST7735.c(1604): warning:  #167-D: argument of type "char *" is incompatible with parameter of type "uint8_t *"
        ST7735_OutString(string);
ST7735.c(1606): warning:  #167-D: argument of type "char *" is incompatible with parameter of type "uint8_t *"
        ST7735_OutString(buffer);
ST7735.c: 2 warnings, 0 errors
assembling OSasm.s...
compiling Lab5.c...
compiling comp.c...
compiling edisk.c...
compiling efile.c...
efile.c(54): warning:  #177-D: variable "status" was declared but never referenced
        int status;
efile.c(254): warning:  #177-D: variable "blockIndex" was declared but never referenced
        BYTE blockIndex;
efile.c(256): warning:  #550-D: variable "directoryEntry" was set but never used
        directoryEntryStruct directoryEntry;
efile.c: 3 warnings, 0 errors
compiling gpio.c...
compiling ssi.c...
compiling sysctl.c...
compiling systick.c...
compiling sysexc.c...
compiling timer.c...
compiling interrupt.c...
compiling eeprom.c...
compiling cpu.c...
linking...
Program Size: Code=8216 RO-data=512 RW-data=176 ZI-data=23736  
".\UARTInts.axf" - 0 Error(s), 6 Warning(s).
UM, &writeByte, directoryEntry.startIndex, 0)){
efile.c(153): warning:  #223-D: function "eDiskWrite" declared implicitly
                        if(eDiskWrite(DRIVE_NUM, &writeByte, directoryEntry.startIndex, 0)){
efile.c: 4 warnings, 9 errors
".\UARTInts.axf" - 9 Error(s), 4 Warning(s).
Target not created
