ARM Linker, 5.03 [Build 76] [MDK-ARM Lite]

==============================================================================

Section Cross References

    startup.o(STACK) refers (Special) to heapauxi.o(.text) for __use_two_region_memory
    startup.o(HEAP) refers (Special) to heapauxi.o(.text) for __use_two_region_memory
    startup.o(RESET) refers (Special) to heapauxi.o(.text) for __use_two_region_memory
    startup.o(RESET) refers to startup.o(STACK) for StackMem
    startup.o(RESET) refers to osasm.o(.text) for SysTick_Handler
    startup.o(RESET) refers to uart.o(i.UART0_Handler) for UART0_Handler
    startup.o(RESET) refers to adc.o(i.ADC0Seq0_Handler) for ADC0Seq0_Handler
    startup.o(RESET) refers to os.o(i.Timer1A_Handler) for Timer1A_Handler
    startup.o(RESET) refers to os.o(i.GPIOPortF_Handler) for GPIOPortF_Handler
    startup.o(RESET) refers to os.o(i.Timer5A_Handler) for Timer5A_Handler
    startup.o(RESET) refers to __main.o(!!!main) for __main
    startup.o(.text) refers (Special) to heapauxi.o(.text) for __use_two_region_memory
    startup.o(.text) refers to startup.o(HEAP) for HeapMem
    startup.o(.text) refers to startup.o(STACK) for StackMem
    uart.o(i.RxFifo_Get) refers to uart.o(.data) for RxPutI
    uart.o(i.RxFifo_Get) refers to uart.o(.bss) for RxFifo
    uart.o(i.RxFifo_Init) refers to startup.o(.text) for StartCritical
    uart.o(i.RxFifo_Init) refers to uart.o(.data) for RxGetI
    uart.o(i.RxFifo_Put) refers to uart.o(.data) for RxPutI
    uart.o(i.RxFifo_Put) refers to uart.o(.bss) for RxFifo
    uart.o(i.RxFifo_Size) refers to uart.o(.data) for RxPutI
    uart.o(i.TxFifo_Get) refers to uart.o(.data) for TxPutI
    uart.o(i.TxFifo_Get) refers to uart.o(.bss) for TxFifo
    uart.o(i.TxFifo_Init) refers to startup.o(.text) for StartCritical
    uart.o(i.TxFifo_Init) refers to uart.o(.data) for TxGetI
    uart.o(i.TxFifo_Put) refers to uart.o(.data) for TxPutI
    uart.o(i.TxFifo_Put) refers to uart.o(.bss) for TxFifo
    uart.o(i.TxFifo_Size) refers to uart.o(.data) for TxPutI
    uart.o(i.UART0_Handler) refers to uart.o(i.copySoftwareToHardware) for copySoftwareToHardware
    uart.o(i.UART0_Handler) refers to uart.o(i.TxFifo_Size) for TxFifo_Size
    uart.o(i.UART0_Handler) refers to uart.o(i.copyHardwareToSoftware) for copyHardwareToSoftware
    uart.o(i.UART_InChar) refers to uart.o(i.RxFifo_Get) for RxFifo_Get
    uart.o(i.UART_InString) refers to uart.o(i.UART_InChar) for UART_InChar
    uart.o(i.UART_InString) refers to uart.o(i.UART_OutChar) for UART_OutChar
    uart.o(i.UART_InUDec) refers to uart.o(i.UART_InChar) for UART_InChar
    uart.o(i.UART_InUDec) refers to uart.o(i.UART_OutChar) for UART_OutChar
    uart.o(i.UART_InUHex) refers to uart.o(i.UART_InChar) for UART_InChar
    uart.o(i.UART_InUHex) refers to uart.o(i.UART_OutChar) for UART_OutChar
    uart.o(i.UART_Init) refers to uart.o(i.RxFifo_Init) for RxFifo_Init
    uart.o(i.UART_Init) refers to uart.o(i.TxFifo_Init) for TxFifo_Init
    uart.o(i.UART_Init) refers to startup.o(.text) for EnableInterrupts
    uart.o(i.UART_OutChar) refers to uart.o(i.TxFifo_Put) for TxFifo_Put
    uart.o(i.UART_OutChar) refers to uart.o(i.copySoftwareToHardware) for copySoftwareToHardware
    uart.o(i.UART_OutString) refers to uart.o(i.UART_OutChar) for UART_OutChar
    uart.o(i.UART_OutUDec) refers to uart.o(i.UART_OutChar) for UART_OutChar
    uart.o(i.UART_OutUHex) refers to uart.o(i.UART_OutChar) for UART_OutChar
    uart.o(i.copyHardwareToSoftware) refers to uart.o(i.RxFifo_Put) for RxFifo_Put
    uart.o(i.copyHardwareToSoftware) refers to uart.o(i.RxFifo_Size) for RxFifo_Size
    uart.o(i.copySoftwareToHardware) refers to uart.o(i.TxFifo_Get) for TxFifo_Get
    uart.o(i.copySoftwareToHardware) refers to uart.o(i.TxFifo_Size) for TxFifo_Size
    adc.o(i.ADC0Seq0_Handler) refers to adc.o(.data) for ADCvalue2
    adc.o(i.ADC0Seq0_Handler) refers to lab5.o(.bss) for ADCarray
    adc.o(i.ADC_Collect) refers to adc.o(i.ADC_Open) for ADC_Open
    adc.o(i.ADC_Collect) refers to adc.o(.data) for ADCtask
    adc.o(i.ADC_In) refers to adc.o(.data) for ADCvalue
    adc.o(i.ADC_In) refers to lab5.o(.bss) for ADCarray2
    adc.o(i.ADC_Init) refers to startup.o(.text) for StartCritical
    adc.o(i.ADC_Open) refers to startup.o(.text) for StartCritical
    adc.o(i.ADC_Status) refers to startup.o(.text) for WaitForInterrupt
    interpreter.o(i.Interpreter) refers to _scanf_str.o(.text) for _scanf_string
    interpreter.o(i.Interpreter) refers to _printf_percent.o(.ARM.Collect$$_printf_percent$$00000000) for _printf_percent
    interpreter.o(i.Interpreter) refers to _printf_s.o(.ARM.Collect$$_printf_percent$$00000014) for _printf_s
    interpreter.o(i.Interpreter) refers to _printf_str.o(.text) for _printf_str
    interpreter.o(i.Interpreter) refers to _printf_u.o(.ARM.Collect$$_printf_percent$$0000000A) for _printf_u
    interpreter.o(i.Interpreter) refers to _printf_dec.o(.text) for _printf_int_dec
[...]
    Removing gpio.o(i.GPIOPinTypeCAN), (30 bytes).
    Removing gpio.o(i.GPIOPinTypeComparator), (30 bytes).
    Removing gpio.o(i.GPIOPinTypeEPI), (30 bytes).
    Removing gpio.o(i.GPIOPinTypeEthernetLED), (30 bytes).
    Removing gpio.o(i.GPIOPinTypeEthernetMII), (30 bytes).
    Removing gpio.o(i.GPIOPinTypeFan), (30 bytes).
    Removing gpio.o(i.GPIOPinTypeGPIOInput), (30 bytes).
    Removing gpio.o(i.GPIOPinTypeGPIOOutputOD), (30 bytes).
    Removing gpio.o(i.GPIOPinTypeI2C), (30 bytes).
    Removing gpio.o(i.GPIOPinTypeI2CSCL), (148 bytes).
    Removing gpio.o(i.GPIOPinTypeI2S), (30 bytes).
    Removing gpio.o(i.GPIOPinTypeLPC), (30 bytes).
    Removing gpio.o(i.GPIOPinTypePECIRx), (30 bytes).
    Removing gpio.o(i.GPIOPinTypePECITx), (30 bytes).
    Removing gpio.o(i.GPIOPinTypePWM), (30 bytes).
    Removing gpio.o(i.GPIOPinTypeQEI), (30 bytes).
    Removing gpio.o(i.GPIOPinTypeTimer), (30 bytes).
    Removing gpio.o(i.GPIOPinTypeUART), (30 bytes).
    Removing gpio.o(i.GPIOPinTypeUSBAnalog), (30 bytes).
    Removing gpio.o(i.GPIOPinTypeUSBDigital), (30 bytes).
    Removing gpio.o(i.GPIOPortIntRegister), (30 bytes).
    Removing gpio.o(i.GPIOPortIntUnregister), (26 bytes).
    Removing gpio.o(.constdata), (120 bytes).
    Removing ssi.o(i.SSIBusy), (10 bytes).
    Removing ssi.o(i.SSIClockSourceGet), (10 bytes).
    Removing ssi.o(i.SSIClockSourceSet), (8 bytes).
    Removing ssi.o(i.SSIDMADisable), (8 bytes).
    Removing ssi.o(i.SSIDMAEnable), (8 bytes).
    Removing ssi.o(i.SSIDataGetNonBlocking), (22 bytes).
    Removing ssi.o(i.SSIDataPutNonBlocking), (20 bytes).
    Removing ssi.o(i.SSIIntClear), (4 bytes).
    Removing ssi.o(i.SSIIntDisable), (8 bytes).
    Removing ssi.o(i.SSIIntEnable), (8 bytes).
    Removing ssi.o(i.SSIIntNumberGet), (44 bytes).
    Removing ssi.o(i.SSIIntRegister), (30 bytes).
    Removing ssi.o(i.SSIIntStatus), (12 bytes).
    Removing ssi.o(i.SSIIntUnregister), (26 bytes).
    Removing ssi.o(.constdata), (32 bytes).
    Removing sysctl.o(.emb_text), (6 bytes).
    Removing sysctl.o(i.SysCtlADCSpeedGet), (16 bytes).
    Removing sysctl.o(i.SysCtlADCSpeedSet), (48 bytes).
    Removing sysctl.o(i.SysCtlBrownOutConfigSet), (16 bytes).
    Removing sysctl.o(i.SysCtlClkVerificationClear), (28 bytes).
    Removing sysctl.o(i.SysCtlClockSet), (368 bytes).
    Removing sysctl.o(i.SysCtlDeepSleep), (36 bytes).
    Removing sysctl.o(i.SysCtlDeepSleepClockSet), (12 bytes).
    Removing sysctl.o(i.SysCtlFlashSizeGet), (20 bytes).
    Removing sysctl.o(i.SysCtlGPIOAHBDisable), (20 bytes).
    Removing sysctl.o(i.SysCtlGPIOAHBEnable), (20 bytes).
    Removing sysctl.o(i.SysCtlI2SMClkSet), (232 bytes).
    Removing sysctl.o(i.SysCtlIOSCVerificationSet), (36 bytes).
    Removing sysctl.o(i.SysCtlIntClear), (12 bytes).
    Removing sysctl.o(i.SysCtlIntDisable), (16 bytes).
    Removing sysctl.o(i.SysCtlIntEnable), (16 bytes).
    Removing sysctl.o(i.SysCtlIntRegister), (20 bytes).
    Removing sysctl.o(i.SysCtlIntStatus), (20 bytes).
    Removing sysctl.o(i.SysCtlIntUnregister), (16 bytes).
    Removing sysctl.o(i.SysCtlLDOConfigSet), (12 bytes).
    Removing sysctl.o(i.SysCtlLDOGet), (12 bytes).
    Removing sysctl.o(i.SysCtlLDOSet), (12 bytes).
    Removing sysctl.o(i.SysCtlMOSCConfigSet), (12 bytes).
    Removing sysctl.o(i.SysCtlMOSCVerificationSet), (36 bytes).
    Removing sysctl.o(i.SysCtlPIOSCCalibrate), (92 bytes).
    Removing sysctl.o(i.SysCtlPLLVerificationSet), (36 bytes).
    Removing sysctl.o(i.SysCtlPWMClockGet), (28 bytes).
    Removing sysctl.o(i.SysCtlPWMClockSet), (20 bytes).
    Removing sysctl.o(i.SysCtlPeripheralClockGating), (36 bytes).
    Removing sysctl.o(i.SysCtlPeripheralDeepSleepDisable), (104 bytes).
    Removing sysctl.o(i.SysCtlPeripheralDeepSleepEnable), (104 bytes).
    Removing sysctl.o(i.SysCtlPeripheralDisable), (104 bytes).
    Removing sysctl.o(i.SysCtlPeripheralMapToNew), (40 bytes).
    Removing sysctl.o(i.SysCtlPeripheralPowerOff), (60 bytes).
    Removing sysctl.o(i.SysCtlPeripheralPowerOn), (60 bytes).
    Removing sysctl.o(i.SysCtlPeripheralPresent), (132 bytes).
    Removing sysctl.o(i.SysCtlPeripheralReady), (60 bytes).
    Removing sysctl.o(i.SysCtlPeripheralReset), (220 bytes).
    Removing sysctl.o(i.SysCtlPeripheralSleepDisable), (104 bytes).
    Removing sysctl.o(i.SysCtlPeripheralSleepEnable), (104 bytes).
    Removing sysctl.o(i.SysCtlPinPresent), (24 bytes).
    Removing sysctl.o(i.SysCtlReset), (20 bytes).
    Removing sysctl.o(i.SysCtlResetCauseClear), (16 bytes).
    Removing sysctl.o(i.SysCtlResetCauseGet), (12 bytes).
    Removing sysctl.o(i.SysCtlSRAMSizeGet), (20 bytes).
    Removing sysctl.o(i.SysCtlSleep), (8 bytes).
    Removing sysctl.o(i.SysCtlUSBPLLDisable), (20 bytes).
    Removing sysctl.o(i.SysCtlUSBPLLEnable), (20 bytes).
    Removing sysctl.o(.data), (13 bytes).
    Removing systick.o(i.SysTickDisable), (18 bytes).
    Removing systick.o(i.SysTickEnable), (18 bytes).
    Removing systick.o(i.SysTickIntDisable), (18 bytes).
    Removing systick.o(i.SysTickIntEnable), (18 bytes).
    Removing systick.o(i.SysTickIntRegister), (30 bytes).
    Removing systick.o(i.SysTickIntUnregister), (26 bytes).
    Removing systick.o(i.SysTickPeriodGet), (10 bytes).
    Removing systick.o(i.SysTickPeriodSet), (10 bytes).
    Removing systick.o(i.SysTickValueGet), (8 bytes).
    Removing sysexc.o(i.SysExcIntClear), (12 bytes).
    Removing sysexc.o(i.SysExcIntDisable), (16 bytes).
    Removing sysexc.o(i.SysExcIntEnable), (16 bytes).
    Removing sysexc.o(i.SysExcIntRegister), (20 bytes).
    Removing sysexc.o(i.SysExcIntStatus), (20 bytes).
    Removing sysexc.o(i.SysExcIntUnregister), (16 bytes).
    Removing timer.o(i.TimerConfigure), (34 bytes).
    Removing timer.o(i.TimerControlEvent), (22 bytes).
    Removing timer.o(i.TimerControlLevel), (22 bytes).
    Removing timer.o(i.TimerControlStall), (22 bytes).
    Removing timer.o(i.TimerControlTrigger), (22 bytes).
    Removing timer.o(i.TimerControlWaitOnTrigger), (54 bytes).
    Removing timer.o(i.TimerDisable), (14 bytes).
    Removing timer.o(i.TimerEnable), (14 bytes).
    Removing timer.o(i.TimerIntClear), (4 bytes).
    Removing timer.o(i.TimerIntDisable), (8 bytes).
    Removing timer.o(i.TimerIntEnable), (8 bytes).
    Removing timer.o(i.TimerIntNumberGet), (44 bytes).
    Removing timer.o(i.TimerIntRegister), (58 bytes).
    Removing timer.o(i.TimerIntStatus), (12 bytes).
    Removing timer.o(i.TimerIntUnregister), (52 bytes).
    Removing timer.o(i.TimerLoadGet), (14 bytes).
    Removing timer.o(i.TimerLoadGet64), (26 bytes).
    Removing timer.o(i.TimerLoadSet), (18 bytes).
    Removing timer.o(i.TimerLoadSet64), (6 bytes).
    Removing timer.o(i.TimerMatchGet), (14 bytes).
    Removing timer.o(i.TimerMatchGet64), (26 bytes).
    Removing timer.o(i.TimerMatchSet), (18 bytes).
    Removing timer.o(i.TimerMatchSet64), (6 bytes).
    Removing timer.o(i.TimerPrescaleGet), (14 bytes).
    Removing timer.o(i.TimerPrescaleMatchGet), (14 bytes).
    Removing timer.o(i.TimerPrescaleMatchSet), (18 bytes).
    Removing timer.o(i.TimerPrescaleSet), (18 bytes).
    Removing timer.o(i.TimerQuiesce), (72 bytes).
    Removing timer.o(i.TimerRTCDisable), (10 bytes).
    Removing timer.o(i.TimerRTCEnable), (10 bytes).
    Removing timer.o(i.TimerSynchronize), (4 bytes).
    Removing timer.o(i.TimerValueGet), (14 bytes).
    Removing timer.o(i.TimerValueGet64), (26 bytes).
    Removing timer.o(.constdata), (96 bytes).
    Removing interrupt.o(i.IntDefaultHandler), (4 bytes).
    Removing interrupt.o(i.IntDisable), (116 bytes).
    Removing interrupt.o(i.IntEnable), (116 bytes).
    Removing interrupt.o(i.IntIsEnabled), (108 bytes).
    Removing interrupt.o(i.IntMasterDisable), (10 bytes).
    Removing interrupt.o(i.IntMasterEnable), (10 bytes).
    Removing interrupt.o(i.IntPendClear), (76 bytes).
    Removing interrupt.o(i.IntPendSet), (96 bytes).
    Removing interrupt.o(i.IntPriorityGet), (28 bytes).
    Removing interrupt.o(i.IntPriorityGroupingGet), (44 bytes).
    Removing interrupt.o(i.IntPriorityGroupingSet), (28 bytes).
    Removing interrupt.o(i.IntPriorityMaskGet), (8 bytes).
    Removing interrupt.o(i.IntPriorityMaskSet), (12 bytes).
    Removing interrupt.o(i.IntPrioritySet), (52 bytes).
    Removing interrupt.o(i.IntRegister), (60 bytes).
    Removing interrupt.o(i.IntUnregister), (20 bytes).
    Removing interrupt.o(.constdata), (268 bytes).
    Removing interrupt.o(vtable), (620 bytes).
    Removing eeprom.o(i.EEPROMBlockCountGet), (16 bytes).
    Removing eeprom.o(i.EEPROMBlockHide), (16 bytes).
    Removing eeprom.o(i.EEPROMBlockLock), (24 bytes).
    Removing eeprom.o(i.EEPROMBlockPasswordSet), (52 bytes).
    Removing eeprom.o(i.EEPROMBlockProtectGet), (16 bytes).
    Removing eeprom.o(i.EEPROMBlockProtectSet), (32 bytes).
    Removing eeprom.o(i.EEPROMBlockUnlock), (48 bytes).
    Removing eeprom.o(i.EEPROMClearSectorMask), (60 bytes).
    Removing eeprom.o(i.EEPROMInit), (68 bytes).
    Removing eeprom.o(i.EEPROMIntClear), (56 bytes).
    Removing eeprom.o(i.EEPROMIntDisable), (36 bytes).
    Removing eeprom.o(i.EEPROMIntEnable), (36 bytes).
    Removing eeprom.o(i.EEPROMIntStatus), (48 bytes).
    Removing eeprom.o(i.EEPROMMassErase), (88 bytes).
    Removing eeprom.o(i.EEPROMProgram), (204 bytes).
    Removing eeprom.o(i.EEPROMProgramNonBlocking), (72 bytes).
    Removing eeprom.o(i.EEPROMRead), (56 bytes).
    Removing eeprom.o(i.EEPROMSetSectorMask), (68 bytes).
    Removing eeprom.o(i.EEPROMSizeGet), (16 bytes).
    Removing eeprom.o(i.EEPROMStatusGet), (12 bytes).
    Removing eeprom.o(i.EEPROMWaitForDone), (20 bytes).
    Removing cpu.o(.emb_text), (38 bytes).

313 unused section(s) (total 23093 bytes) removed from the image.

==============================================================================

Image Symbol Table

    Local Symbols

    Symbol Name                              Value     Ov Type        Size  Object(Section)

    RESET                                    0x00000000   Section      644  startup.o(RESET)
    ../clib/angel/boardlib.s                 0x00000000   Number         0  boardinit1.o ABSOLUTE
    ../clib/angel/boardlib.s                 0x00000000   Number         0  boardinit2.o ABSOLUTE
    ../clib/angel/boardlib.s                 0x00000000   Number         0  boardinit3.o ABSOLUTE
    ../clib/angel/boardlib.s                 0x00000000   Number         0  boardshut.o ABSOLUTE
    ../clib/angel/handlers.s                 0x00000000   Number         0  __scatter_copy.o ABSOLUTE
    ../clib/angel/handlers.s                 0x00000000   Number         0  __scatter_zi.o ABSOLUTE
    ../clib/angel/kernel.s                   0x00000000   Number         0  rtentry4.o ABSOLUTE
    ../clib/angel/kernel.s                   0x00000000   Number         0  rtexit.o ABSOLUTE
    ../clib/angel/kernel.s                   0x00000000   Number         0  rtentry.o ABSOLUTE
    ../clib/angel/kernel.s                   0x00000000   Number         0  rtentry2.o ABSOLUTE
    ../clib/angel/kernel.s                   0x00000000   Number         0  rtexit2.o ABSOLUTE
    ../clib/angel/rt.s                       0x00000000   Number         0  rt_errno_addr_intlibspace.o ABSOLUTE
    ../clib/angel/rt.s                       0x00000000   Number         0  rt_errno_addr.o ABSOLUTE
    ../clib/angel/rt.s                       0x00000000   Number         0  rt_raise.o ABSOLUTE
    ../clib/angel/rt.s                       0x00000000   Number         0  rt_ctype_table.o ABSOLUTE
    ../clib/angel/rt.s                       0x00000000   Number         0  rt_locale_intlibspace.o ABSOLUTE
    ../clib/angel/rt.s                       0x00000000   Number         0  rt_locale.o ABSOLUTE
    ../clib/angel/scatter.s                  0x00000000   Number         0  __scatter.o ABSOLUTE
    ../clib/angel/startup.s                  0x00000000   Number         0  __main.o ABSOLUTE
    ../clib/angel/sys.s                      0x00000000   Number         0  sys_stackheap_outer.o ABSOLUTE
    ../clib/angel/sys.s                      0x00000000   Number         0  use_no_semi.o ABSOLUTE
    ../clib/angel/sys.s                      0x00000000   Number         0  indicate_semi.o ABSOLUTE
    ../clib/angel/sys.s                      0x00000000   Number         0  libspace.o ABSOLUTE
    ../clib/angel/sysapp.c                   0x00000000   Number         0  sys_command.o ABSOLUTE
    ../clib/angel/sysapp.c                   0x00000000   Number         0  sys_wrch.o ABSOLUTE
    ../clib/armsys.c                         0x00000000   Number         0  _get_argv_nomalloc.o ABSOLUTE
    ../clib/armsys.c                         0x00000000   Number         0  argv_veneer.o ABSOLUTE
    ../clib/armsys.c                         0x00000000   Number         0  argv_veneer.o ABSOLUTE
    ../clib/armsys.c                         0x00000000   Number         0  no_argv.o ABSOLUTE
    ../clib/ctype.c                          0x00000000   Number         0  isspace.o ABSOLUTE
    ../clib/heapalloc.c                      0x00000000   Number         0  hrguard.o ABSOLUTE
    ../clib/heapaux.c                        0x00000000   Number         0  heapauxi.o ABSOLUTE
    ../clib/libinit.s                        0x00000000   Number         0  libinit.o ABSOLUTE
    ../clib/libinit.s                        0x00000000   Number         0  libshutdown.o ABSOLUTE
    ../clib/libinit.s                        0x00000000   Number         0  libshutdown2.o ABSOLUTE
    ../clib/libinit.s                        0x00000000   Number         0  libinit2.o ABSOLUTE
    ../clib/locale.s                         0x00000000   Number         0  lc_ctype_c.o ABSOLUTE
    ../clib/memcpset.s                       0x00000000   Number         0  strcmpv7m.o ABSOLUTE
    ../clib/misc.s                           0x00000000   Number         0  printf_stubs.o ABSOLUTE
    ../clib/printf.c                         0x00000000   Number         0  __printf_flags_ss.o ABSOLUTE
    ../clib/printf.c                         0x00000000   Number         0  __printf_wp.o ABSOLUTE
    ../clib/printf.c                         0x00000000   Number         0  __printf_flags_wp.o ABSOLUTE
    ../clib/printf.c                         0x00000000   Number         0  __printf_ss_wp.o ABSOLUTE
    ../clib/printf.c                         0x00000000   Number         0  _printf_dec.o ABSOLUTE
    ../clib/printf.c                         0x00000000   Number         0  _sputc.o ABSOLUTE
    ../clib/printf.c                         0x00000000   Number         0  __printf_ss.o ABSOLUTE
    ../clib/printf.c                         0x00000000   Number         0  noretval__2sprintf.o ABSOLUTE
    ../clib/printf.c                         0x00000000   Number         0  __printf_nopercent.o ABSOLUTE
    ../clib/printf.c                         0x00000000   Number         0  _printf_char.o ABSOLUTE
    ../clib/printf.c                         0x00000000   Number         0  __printf.o ABSOLUTE
    ../clib/printf.c                         0x00000000   Number         0  _printf_char_file.o ABSOLUTE
    ../clib/printf.c                         0x00000000   Number         0  _printf_intcommon.o ABSOLUTE
    ../clib/printf.c                         0x00000000   Number         0  _printf_char_common.o ABSOLUTE
    ../clib/printf.c                         0x00000000   Number         0  _printf_str.o ABSOLUTE
    ../clib/printf.c                         0x00000000   Number         0  _printf_pad.o ABSOLUTE
    ../clib/printf.c                         0x00000000   Number         0  __2printf.o ABSOLUTE
    ../clib/printf.c                         0x00000000   Number         0  __2sprintf.o ABSOLUTE
    ../clib/printf.c                         0x00000000   Number         0  noretval__2printf.o ABSOLUTE
    ../clib/printf.c                         0x00000000   Number         0  __printf_flags_ss_wp.o ABSOLUTE
    ../clib/printf.c                         0x00000000   Number         0  __printf_flags.o ABSOLUTE
    ../clib/printf_percent.s                 0x00000000   Number         0  _printf_u.o ABSOLUTE
    ../clib/printf_percent.s                 0x00000000   Number         0  _printf_d.o ABSOLUTE
    ../clib/printf_percent.s                 0x00000000   Number         0  _printf_s.o ABSOLUTE
    ../clib/printf_percent.s                 0x00000000   Number         0  _printf_percent_end.o ABSOLUTE
    ../clib/printf_percent.s                 0x00000000   Number         0  _printf_percent.o ABSOLUTE
    ../clib/scanf.c                          0x00000000   Number         0  _chval.o ABSOLUTE
    ../clib/scanf.c                          0x00000000   Number         0  _scanf.o ABSOLUTE
    ../clib/scanf.c                          0x00000000   Number         0  atoi.o ABSOLUTE
    ../clib/scanf.c                          0x00000000   Number         0  _strtoul.o ABSOLUTE
    ../clib/scanf.c                          0x00000000   Number         0  _scanf_str.o ABSOLUTE
    ../clib/scanf.c                          0x00000000   Number         0  strtol.o ABSOLUTE
    ../clib/scanf.c                          0x00000000   Number         0  scanf_char_file.o ABSOLUTE
    ../clib/scanf.c                          0x00000000   Number         0  scanf_char.o ABSOLUTE
    ../clib/scanf.c                          0x00000000   Number         0  __0scanf.o ABSOLUTE
    ../clib/signal.c                         0x00000000   Number         0  defsig_exit.o ABSOLUTE
    ../clib/signal.c                         0x00000000   Number         0  defsig_rtmem_inner.o ABSOLUTE
    ../clib/signal.c                         0x00000000   Number         0  defsig_general.o ABSOLUTE
    ../clib/signal.c                         0x00000000   Number         0  defsig_rtmem_outer.o ABSOLUTE
    ../clib/signal.c                         0x00000000   Number         0  defsig_abrt_inner.o ABSOLUTE
    ../clib/signal.c                         0x00000000   Number         0  defsig_fpe_inner.o ABSOLUTE
    ../clib/signal.c                         0x00000000   Number         0  defsig_rtred_inner.o ABSOLUTE
    ../clib/signal.c                         0x00000000   Number         0  defsig_stak_inner.o ABSOLUTE
    ../clib/signal.c                         0x00000000   Number         0  defsig_pvfn_inner.o ABSOLUTE
    ../clib/signal.c                         0x00000000   Number         0  defsig_cppl_inner.o ABSOLUTE
    ../clib/signal.c                         0x00000000   Number         0  defsig_segv_inner.o ABSOLUTE
    ../clib/signal.c                         0x00000000   Number         0  defsig_other.o ABSOLUTE
    ../clib/signal.c                         0x00000000   Number         0  __raise.o ABSOLUTE
    ../clib/signal.c                         0x00000000   Number         0  defsig_rtmem_formal.o ABSOLUTE
    ../clib/signal.s                         0x00000000   Number         0  defsig.o ABSOLUTE
    ../clib/stdio.c                          0x00000000   Number         0  backspace_locked.o ABSOLUTE
    ../clib/stdio.c                          0x00000000   Number         0  ungetc.o ABSOLUTE
    ../clib/stdio.c                          0x00000000   Number         0  backspace.o ABSOLUTE
    ../clib/stdlib.c                         0x00000000   Number         0  exit.o ABSOLUTE
    ../clib/string.c                         0x00000000   Number         0  strspn.o ABSOLUTE
    ../clib/string.c                         0x00000000   Number         0  strcspn.o ABSOLUTE
    ../clib/string.c                         0x00000000   Number         0  strlen.o ABSOLUTE
    ../clib/string.c                         0x00000000   Number         0  strtok.o ABSOLUTE
    ../clib/string.c                         0x00000000   Number         0  strtok_int.o ABSOLUTE
    ../fplib/fpinit.s                        0x00000000   Number         0  fpinit.o ABSOLUTE
    ADC.c                                    0x00000000   Number         0  adc.o ABSOLUTE
    Interpreter.c                            0x00000000   Number         0  interpreter.o ABSOLUTE
    Lab5.c                                   0x00000000   Number         0  lab5.o ABSOLUTE
    OS.c                                     0x00000000   Number         0  os.o ABSOLUTE
    OSasm.s                                  0x00000000   Number         0  osasm.o ABSOLUTE
    PLL.c                                    0x00000000   Number         0  pll.o ABSOLUTE
    ST7735.c                                 0x00000000   Number         0  st7735.o ABSOLUTE
    UART.c                                   0x00000000   Number         0  uart.o ABSOLUTE
    comp.c                                   0x00000000   Number         0  comp.o ABSOLUTE
    cpu.c                                    0x00000000   Number         0  cpu.o ABSOLUTE
    cpu.c                                    0x00000000   Number         0  cpu.o ABSOLUTE
    dc.s                                     0x00000000   Number         0  dc.o ABSOLUTE
    edisk.c                                  0x00000000   Number         0  edisk.o ABSOLUTE
    eeprom.c                                 0x00000000   Number         0  eeprom.o ABSOLUTE
    efile.c                                  0x00000000   Number         0  efile.o ABSOLUTE
    gpio.c                                   0x00000000   Number         0  gpio.o ABSOLUTE
    interrupt.c                              0x00000000   Number         0  interrupt.o ABSOLUTE
    retarget.c                               0x00000000   Number         0  retarget.o ABSOLUTE
    ssi.c                                    0x00000000   Number         0  ssi.o ABSOLUTE
    startup.s                                0x00000000   Number         0  startup.o ABSOLUTE
    sysctl.c                                 0x00000000   Number         0  sysctl.o ABSOLUTE
    sysctl.c                                 0x00000000   Number         0  sysctl.o ABSOLUTE
    sysexc.c                                 0x00000000   Number         0  sysexc.o ABSOLUTE
    systick.c                                0x00000000   Number         0  systick.o ABSOLUTE
    timer.c                                  0x00000000   Number         0  timer.o ABSOLUTE
    !!!main                                  0x00000284   Section        8  __main.o(!!!main)
    !!!scatter                               0x0000028c   Section       52  __scatter.o(!!!scatter)
    !!handler_copy                           0x000002c0   Section       26  __scatter_copy.o(!!handler_copy)
    !!handler_zi                             0x000002dc   Section       28  __scatter_zi.o(!!handler_zi)
    .ARM.Collect$$_printf_percent$$00000000  0x000002f8   Section        0  _printf_percent.o(.ARM.Collect$$_printf_percent$$00000000)
    .ARM.Collect$$_printf_percent$$0000000A  0x000002f8   Section        6  _printf_u.o(.ARM.Collect$$_printf_percent$$0000000A)
    .ARM.Collect$$_printf_percent$$00000017  0x000002fe   Section        4  _printf_percent_end.o(.ARM.Collect$$_printf_percent$$00000017)
    .ARM.Collect$$libinit$$00000000          0x00000302   Section        2  libinit.o(.ARM.Collect$$libinit$$00000000)
    .ARM.Collect$$libinit$$00000002          0x00000304   Section        0  libinit2.o(.ARM.Collect$$libinit$$00000002)
    .ARM.Collect$$libinit$$00000008          0x00000304   Section        0  libinit2.o(.ARM.Collect$$libinit$$00000008)
    .ARM.Collect$$libinit$$0000000A          0x00000304   Section        0  libinit2.o(.ARM.Collect$$libinit$$0000000A)
    .ARM.Collect$$libinit$$0000000C          0x00000304   Section        0  libinit2.o(.ARM.Collect$$libinit$$0000000C)
    .ARM.Collect$$libinit$$0000000F          0x00000304   Section        0  libinit2.o(.ARM.Collect$$libinit$$0000000F)
    .ARM.Collect$$libinit$$00000011          0x00000304   Section        0  libinit2.o(.ARM.Collect$$libinit$$00000011)
    .ARM.Collect$$libinit$$00000013          0x00000304   Section        0  libinit2.o(.ARM.Collect$$libinit$$00000013)
    .ARM.Collect$$libinit$$00000015          0x00000304   Section        0  libinit2.o(.ARM.Collect$$libinit$$00000015)
    .ARM.Collect$$libinit$$00000017          0x00000304   Section        0  libinit2.o(.ARM.Collect$$libinit$$00000017)
    .ARM.Collect$$libinit$$00000019          0x00000304   Section        0  libinit2.o(.ARM.Collect$$libinit$$00000019)
    .ARM.Collect$$libinit$$0000001B          0x00000304   Section        0  libinit2.o(.ARM.Collect$$libinit$$0000001B)
    .ARM.Collect$$libinit$$0000001D          0x00000304   Section        0  libinit2.o(.ARM.Collect$$libinit$$0000001D)
    .ARM.Collect$$libinit$$0000001F          0x00000304   Section        0  libinit2.o(.ARM.Collect$$libinit$$0000001F)
    .ARM.Collect$$libinit$$00000021          0x00000304   Section        0  libinit2.o(.ARM.Collect$$libinit$$00000021)
    .ARM.Collect$$libinit$$00000023          0x00000304   Section        0  libinit2.o(.ARM.Collect$$libinit$$00000023)
    .ARM.Collect$$libinit$$0000002A          0x00000304   Section        0  libinit2.o(.ARM.Collect$$libinit$$0000002A)
    .ARM.Collect$$libinit$$0000002C          0x00000304   Section        0  libinit2.o(.ARM.Collect$$libinit$$0000002C)
    .ARM.Collect$$libinit$$0000002E          0x00000304   Section        0  libinit2.o(.ARM.Collect$$libinit$$0000002E)
    .ARM.Collect$$libinit$$00000030          0x00000304   Section        0  libinit2.o(.ARM.Collect$$libinit$$00000030)
    .ARM.Collect$$libinit$$00000031          0x00000304   Section        2  libinit2.o(.ARM.Collect$$libinit$$00000031)
    .ARM.Collect$$libshutdown$$00000000      0x00000306   Section        2  libshutdown.o(.ARM.Collect$$libshutdown$$00000000)
    .ARM.Collect$$libshutdown$$00000003      0x00000308   Section        0  libshutdown2.o(.ARM.Collect$$libshutdown$$00000003)
    .ARM.Collect$$libshutdown$$00000006      0x00000308   Section        0  libshutdown2.o(.ARM.Collect$$libshutdown$$00000006)
    .ARM.Collect$$libshutdown$$00000009      0x00000308   Section        0  libshutdown2.o(.ARM.Collect$$libshutdown$$00000009)
    .ARM.Collect$$libshutdown$$0000000B      0x00000308   Section        0  libshutdown2.o(.ARM.Collect$$libshutdown$$0000000B)
    .ARM.Collect$$libshutdown$$0000000E      0x00000308   Section        0  libshutdown2.o(.ARM.Collect$$libshutdown$$0000000E)
    .ARM.Collect$$libshutdown$$0000000F      0x00000308   Section        2  libshutdown2.o(.ARM.Collect$$libshutdown$$0000000F)
    .ARM.Collect$$rtentry$$00000000          0x0000030a   Section        0  rtentry.o(.ARM.Collect$$rtentry$$00000000)
    .ARM.Collect$$rtentry$$00000002          0x0000030a   Section        0  rtentry2.o(.ARM.Collect$$rtentry$$00000002)
    .ARM.Collect$$rtentry$$00000004          0x0000030a   Section        6  rtentry4.o(.ARM.Collect$$rtentry$$00000004)
    .ARM.Collect$$rtentry$$00000009          0x00000310   Section        0  rtentry2.o(.ARM.Collect$$rtentry$$00000009)
    .ARM.Collect$$rtentry$$0000000A          0x00000310   Section        4  rtentry2.o(.ARM.Collect$$rtentry$$0000000A)
    .ARM.Collect$$rtentry$$0000000C          0x00000314   Section        0  rtentry2.o(.ARM.Collect$$rtentry$$0000000C)
    .ARM.Collect$$rtentry$$0000000D          0x00000314   Section        8  rtentry2.o(.ARM.Collect$$rtentry$$0000000D)
    .ARM.Collect$$rtexit$$00000000           0x0000031c   Section        2  rtexit.o(.ARM.Collect$$rtexit$$00000000)
    .ARM.Collect$$rtexit$$00000002           0x0000031e   Section        0  rtexit2.o(.ARM.Collect$$rtexit$$00000002)
    .ARM.Collect$$rtexit$$00000003           0x0000031e   Section        4  rtexit2.o(.ARM.Collect$$rtexit$$00000003)
    .ARM.Collect$$rtexit$$00000004           0x00000322   Section        6  rtexit2.o(.ARM.Collect$$rtexit$$00000004)
    .text                                    0x00000328   Section       48  startup.o(.text)
    .text                                    0x00000358   Section      120  osasm.o(.text)
    .text                                    0x000003d0   Section        2  use_no_semi.o(.text)
    .text                                    0x000003d4   Section        0  noretval__2printf.o(.text)
    .text                                    0x000003ec   Section        0  _printf_dec.o(.text)
    .text                                    0x00000464   Section        0  __printf_flags_ss_wp.o(.text)
    .text                                    0x000005f0   Section        0  heapauxi.o(.text)
    .text                                    0x000005f6   Section        0  _printf_intcommon.o(.text)
    .text                                    0x000006b0   Section        0  _printf_char_common.o(.text)
    _printf_input_char                       0x000006b1   Thumb Code    10  _printf_char_common.o(.text)
    .text                                    0x000006e0   Section        0  _printf_char_file.o(.text)
    .text                                    0x00000704   Section        8  libspace.o(.text)
    .text                                    0x0000070c   Section       74  sys_stackheap_outer.o(.text)
    .text                                    0x00000756   Section        0  exit.o(.text)
    i.ADC0Seq0_Handler                       0x00000764   Section        0  adc.o(i.ADC0Seq0_Handler)
    i.DESELECT                               0x000007dc   Section        0  edisk.o(i.DESELECT)
    DESELECT                                 0x000007dd   Thumb Code    14  edisk.o(i.DESELECT)
    i.DebounceTaskPF4                        0x000007f0   Section        0  os.o(i.DebounceTaskPF4)
    DebounceTaskPF4                          0x000007f1   Thumb Code    34  os.o(i.DebounceTaskPF4)
    i.GPIODirModeSet                         0x00000820   Section        0  gpio.o(i.GPIODirModeSet)
    i.GPIOPadConfigSet                       0x00000860   Section        0  gpio.o(i.GPIOPadConfigSet)
    i.GPIOPinTypeGPIOOutput                  0x00000966   Section        0  gpio.o(i.GPIOPinTypeGPIOOutput)
    i.GPIOPinTypeSSI                         0x00000984   Section        0  gpio.o(i.GPIOPinTypeSSI)
    i.GPIOPinWrite                           0x000009a2   Section        0  gpio.o(i.GPIOPinWrite)
    i.GPIOPortF_Handler                      0x000009ac   Section        0  os.o(i.GPIOPortF_Handler)
    i.IdleTask                               0x00000a30   Section        0  lab5.o(i.IdleTask)
    i.OS_AddPeriodicThread                   0x00000a44   Section        0  os.o(i.OS_AddPeriodicThread)
    i.OS_AddSW1Task                          0x00000a5c   Section        0  os.o(i.OS_AddSW1Task)
    i.OS_AddThread                           0x00000b10   Section        0  os.o(i.OS_AddThread)
    i.OS_Init                                0x00000d10   Section        0  os.o(i.OS_Init)
    i.OS_Kill                                0x00000d5c   Section        0  os.o(i.OS_Kill)
    i.OS_Launch                              0x00000de8   Section        0  os.o(i.OS_Launch)
    i.OS_Sleep                               0x00000e00   Section        0  os.o(i.OS_Sleep)
    i.OS_Suspend                             0x00000e10   Section        0  os.o(i.OS_Suspend)
    i.PLL_Init                               0x00000e28   Section        0  pll.o(i.PLL_Init)
    i.RunTest                                0x00000ea4   Section        0  lab5.o(i.RunTest)
    i.RxFifo_Init                            0x00000ec4   Section        0  uart.o(i.RxFifo_Init)
    i.RxFifo_Put                             0x00000ee8   Section        0  uart.o(i.RxFifo_Put)
    i.RxFifo_Size                            0x00000f24   Section        0  uart.o(i.RxFifo_Size)
    i.SELECT                                 0x00000f3c   Section        0  edisk.o(i.SELECT)
    SELECT                                   0x00000f3d   Thumb Code    14  edisk.o(i.SELECT)
    i.SSIConfigSetExpClk                     0x00000f50   Section        0  ssi.o(i.SSIConfigSetExpClk)
    i.SSIDataGet                             0x00000fb6   Section        0  ssi.o(i.SSIDataGet)
    i.SSIDataPut                             0x00000fc6   Section        0  ssi.o(i.SSIDataPut)
    i.SSIDisable                             0x00000fd4   Section        0  ssi.o(i.SSIDisable)
    i.SSIEnable                              0x00000fde   Section        0  ssi.o(i.SSIEnable)
    i.SetInitialStack                        0x00000fe8   Section        0  os.o(i.SetInitialStack)
    i.SysCtlClockGet                         0x0000113c   Section        0  sysctl.o(i.SysCtlClockGet)
    i.SysCtlPeripheralEnable                 0x00001378   Section        0  sysctl.o(i.SysCtlPeripheralEnable)
    i.TestDisk                               0x000013e0   Section        0  lab5.o(i.TestDisk)
    i.Timer1A_Handler                        0x000015b0   Section        0  os.o(i.Timer1A_Handler)
    i.Timer1_Init                            0x000015c8   Section        0  os.o(i.Timer1_Init)
    i.Timer5A_Handler                        0x00001644   Section        0  os.o(i.Timer5A_Handler)
    i.Timer5_Init                            0x0000165c   Section        0  os.o(i.Timer5_Init)
    i.TxFifo_Get                             0x000016e8   Section        0  uart.o(i.TxFifo_Get)
    i.TxFifo_Init                            0x00001724   Section        0  uart.o(i.TxFifo_Init)
    i.TxFifo_Put                             0x00001748   Section        0  uart.o(i.TxFifo_Put)
    i.TxFifo_Size                            0x00001784   Section        0  uart.o(i.TxFifo_Size)
    i.UART0_Handler                          0x0000179c   Section        0  uart.o(i.UART0_Handler)
    i.UART_Init                              0x000017f4   Section        0  uart.o(i.UART_Init)
    i.UART_OutChar                           0x000018bc   Section        0  uart.o(i.UART_OutChar)
    i._is_digit                              0x000018f0   Section        0  __printf_wp.o(i._is_digit)
    i._sys_exit                              0x000018fe   Section        0  retarget.o(i._sys_exit)
    i.copyHardwareToSoftware                 0x00001904   Section        0  uart.o(i.copyHardwareToSoftware)
    copyHardwareToSoftware                   0x00001905   Thumb Code    36  uart.o(i.copyHardwareToSoftware)
    i.copySoftwareToHardware                 0x0000192c   Section        0  uart.o(i.copySoftwareToHardware)
    copySoftwareToHardware                   0x0000192d   Thumb Code    38  uart.o(i.copySoftwareToHardware)
    i.diskError                              0x00001958   Section        0  lab5.o(i.diskError)
    i.disk_timerproc                         0x00001984   Section        0  edisk.o(i.disk_timerproc)
    i.eDisk_Init                             0x000019b0   Section        0  edisk.o(i.eDisk_Init)
    i.eDisk_Read                             0x00001b1c   Section        0  edisk.o(i.eDisk_Read)
    i.eDisk_ReadBlock                        0x00001bb8   Section        0  edisk.o(i.eDisk_ReadBlock)
    i.eDisk_Write                            0x00001bcc   Section        0  edisk.o(i.eDisk_Write)
    i.eDisk_WriteBlock                       0x00001c90   Section        0  edisk.o(i.eDisk_WriteBlock)
    i.eFile_EndRedirectToFile                0x00001ca4   Section        0  efile.o(i.eFile_EndRedirectToFile)
    i.eFile_WClose                           0x00001cc0   Section        0  efile.o(i.eFile_WClose)
    i.eFile_Write                            0x00001cc4   Section        0  efile.o(i.eFile_Write)
    i.ferror                                 0x00001cca   Section        0  retarget.o(i.ferror)
    i.fputc                                  0x00001cd4   Section        0  retarget.o(i.fputc)
    i.main                                   0x00001d04   Section        0  lab5.o(i.main)
    i.power_off                              0x00001d6c   Section        0  edisk.o(i.power_off)
    power_off                                0x00001d6d   Thumb Code     8  edisk.o(i.power_off)
    i.power_on                               0x00001d78   Section        0  edisk.o(i.power_on)
    power_on                                 0x00001d79   Thumb Code   114  edisk.o(i.power_on)
    i.rcvr_datablock                         0x00001e04   Section        0  edisk.o(i.rcvr_datablock)
    rcvr_datablock                           0x00001e05   Thumb Code    76  edisk.o(i.rcvr_datablock)
    i.rcvr_spi                               0x00001e54   Section        0  edisk.o(i.rcvr_spi)
    rcvr_spi                                 0x00001e55   Thumb Code    24  edisk.o(i.rcvr_spi)
    i.rcvr_spi_m                             0x00001e70   Section        0  edisk.o(i.rcvr_spi_m)
    rcvr_spi_m                               0x00001e71   Thumb Code    12  edisk.o(i.rcvr_spi_m)
    i.send_cmd                               0x00001e7c   Section        0  edisk.o(i.send_cmd)
    send_cmd                                 0x00001e7d   Thumb Code   112  edisk.o(i.send_cmd)
    i.send_initial_clock_train               0x00001eec   Section        0  edisk.o(i.send_initial_clock_train)
    send_initial_clock_train                 0x00001eed   Thumb Code    66  edisk.o(i.send_initial_clock_train)
    i.set_max_speed                          0x00001f34   Section        0  edisk.o(i.set_max_speed)
    set_max_speed                            0x00001f35   Thumb Code    54  edisk.o(i.set_max_speed)
    i.wait_ready                             0x00001f74   Section        0  edisk.o(i.wait_ready)
    wait_ready                               0x00001f75   Thumb Code    36  edisk.o(i.wait_ready)
    i.xmit_datablock                         0x00001f9c   Section        0  edisk.o(i.xmit_datablock)
    xmit_datablock                           0x00001f9d   Thumb Code    94  edisk.o(i.xmit_datablock)
    i.xmit_spi                               0x00001ffc   Section        0  edisk.o(i.xmit_spi)
    xmit_spi                                 0x00001ffd   Thumb Code    22  edisk.o(i.xmit_spi)
    .constdata                               0x00002018   Section      460  sysctl.o(.constdata)
    g_pulDCRegs                              0x00002018   Data          16  sysctl.o(.constdata)
    g_pulSRCRRegs                            0x00002028   Data          12  sysctl.o(.constdata)
    g_pulRCGCRegs                            0x00002034   Data          12  sysctl.o(.constdata)
    g_pulSCGCRegs                            0x00002040   Data          12  sysctl.o(.constdata)
    g_pulDCGCRegs                            0x0000204c   Data          12  sysctl.o(.constdata)
    g_pulXtals                               0x00002058   Data         108  sysctl.o(.constdata)
    g_ppulPeripheralMap                      0x000020c4   Data         288  sysctl.o(.constdata)
    .constdata                               0x000021e4   Section       17  __printf_flags_ss_wp.o(.constdata)
    maptable                                 0x000021e4   Data          17  __printf_flags_ss_wp.o(.constdata)
    .data                                    0x20000000   Section       16  uart.o(.data)
    .data                                    0x20000010   Section       16  adc.o(.data)
    .data                                    0x20000020   Section        8  retarget.o(.data)
    .data                                    0x20000028   Section       64  os.o(.data)
    LastPF4                                  0x2000003c   Data           4  os.o(.data)
    LastPF0                                  0x20000040   Data           4  os.o(.data)
    .data                                    0x20000068   Section       56  lab5.o(.data)
    .data                                    0x200000a0   Section        5  edisk.o(.data)
    Stat                                     0x200000a0   Data           1  edisk.o(.data)
    PowerFlag                                0x200000a1   Data           1  edisk.o(.data)
    Timer1                                   0x200000a2   Data           1  edisk.o(.data)
    Timer2                                   0x200000a3   Data           1  edisk.o(.data)
    CardType                                 0x200000a4   Data           1  edisk.o(.data)
    .data                                    0x200000a8   Section        4  efile.o(.data)
    .bss                                     0x200000ac   Section      256  uart.o(.bss)
    RxFifo                                   0x200000ac   Data         128  uart.o(.bss)
    TxFifo                                   0x2000012c   Data         128  uart.o(.bss)
    .bss                                     0x200001ac   Section    19312  os.o(.bss)
    .bss                                     0x20004d1c   Section     3048  lab5.o(.bss)
    .bss                                     0x20005904   Section       96  libspace.o(.bss)
    HEAP                                     0x20005968   Section        0  startup.o(HEAP)
    STACK                                    0x20005968   Section     1024  startup.o(STACK)
    HeapMem                                  0x20005968   Data           0  startup.o(HEAP)
    StackMem                                 0x20005968   Data           0  startup.o(STACK)

    Global Symbols

    Symbol Name                              Value     Ov Type        Size  Object(Section)

    BuildAttributes$$THM_ISAv4$E$P$D$K$B$S$7EM$PE$A:L22UL41UL21$X:L11$S22US41US21$IEEE1$IW$USESV6$~STKCKD$USESV7$~SHL$OSPACE$ROPI$EBA8$UX$STANDARDLIB$REQ8$PRES8$EABIv2 0x00000000   Number         0  anon$$obj.o ABSOLUTE
    __ARM_use_no_argv                        0x00000000   Number         0  lab5.o ABSOLUTE
    __Vectors                                0x00000000   Data           0  startup.o(RESET)
    _printf_flags                            0x00000000   Number         0  printf_stubs.o ABSOLUTE
    _printf_return_value                     0x00000000   Number         0  printf_stubs.o ABSOLUTE
    _printf_sizespec                         0x00000000   Number         0  printf_stubs.o ABSOLUTE
    _printf_widthprec                        0x00000000   Number         0  printf_stubs.o ABSOLUTE
    __ARM_exceptions_init                     - Undefined Weak Reference
    __alloca_initialize                       - Undefined Weak Reference
    __cpp_initialize__aeabi_                  - Undefined Weak Reference
    __cxa_finalize                            - Undefined Weak Reference
    __sigvec_lookup                           - Undefined Weak Reference
    _atexit_init                              - Undefined Weak Reference
    _call_atexit_fns                          - Undefined Weak Reference
    _clock_init                               - Undefined Weak Reference
    _fp_trap_init                             - Undefined Weak Reference
    _fp_trap_shutdown                         - Undefined Weak Reference
    _get_lc_collate                           - Undefined Weak Reference
    _get_lc_monetary                          - Undefined Weak Reference
    _get_lc_numeric                           - Undefined Weak Reference
    _get_lc_time                              - Undefined Weak Reference
    _getenv_init                              - Undefined Weak Reference
    _handle_redirection                       - Undefined Weak Reference
    _init_alloc                               - Undefined Weak Reference
    _init_user_alloc                          - Undefined Weak Reference
    _initio                                   - Undefined Weak Reference
    _mutex_acquire                            - Undefined Weak Reference
    _mutex_release                            - Undefined Weak Reference
    _printf_mbtowc                            - Undefined Weak Reference
    _printf_truncate_signed                   - Undefined Weak Reference
    _printf_truncate_unsigned                 - Undefined Weak Reference
    _rand_init                                - Undefined Weak Reference
    _scanf_int                                - Undefined Weak Reference
    _scanf_longlong                           - Undefined Weak Reference
    _scanf_mbtowc                             - Undefined Weak Reference
    _scanf_real                               - Undefined Weak Reference
    _scanf_wctomb                             - Undefined Weak Reference
    _scanf_wstring                            - Undefined Weak Reference
    _signal_finish                            - Undefined Weak Reference
    _signal_init                              - Undefined Weak Reference
    _terminate_alloc                          - Undefined Weak Reference
    _terminate_user_alloc                     - Undefined Weak Reference
    _terminateio                              - Undefined Weak Reference
    Reset_Handler                            0x0000026d   Thumb Code     0  startup.o(RESET)
    NMI_Handler                              0x00000271   Thumb Code     2  startup.o(RESET)
    HardFault_Handler                        0x00000273   Thumb Code     2  startup.o(RESET)
    MemManage_Handler                        0x00000275   Thumb Code     2  startup.o(RESET)
    BusFault_Handler                         0x00000277   Thumb Code     2  startup.o(RESET)
    UsageFault_Handler                       0x00000279   Thumb Code     2  startup.o(RESET)
    SVC_Handler                              0x0000027b   Thumb Code     2  startup.o(RESET)
    DebugMon_Handler                         0x0000027d   Thumb Code     2  startup.o(RESET)
    PendSV_Handler                           0x0000027f   Thumb Code     2  startup.o(RESET)
    ADC0Seq1_Handler                         0x00000283   Thumb Code     0  startup.o(RESET)
    ADC0Seq2_Handler                         0x00000283   Thumb Code     0  startup.o(RESET)
    ADC0Seq3_Handler                         0x00000283   Thumb Code     0  startup.o(RESET)
    ADC1Seq0_Handler                         0x00000283   Thumb Code     0  startup.o(RESET)
    ADC1Seq1_Handler                         0x00000283   Thumb Code     0  startup.o(RESET)
    ADC1Seq2_Handler                         0x00000283   Thumb Code     0  startup.o(RESET)
    ADC1Seq3_Handler                         0x00000283   Thumb Code     0  startup.o(RESET)
    CAN0_Handler                             0x00000283   Thumb Code     0  startup.o(RESET)
    CAN1_Handler                             0x00000283   Thumb Code     0  startup.o(RESET)
    CAN2_Handler                             0x00000283   Thumb Code     0  startup.o(RESET)
    Comp0_Handler                            0x00000283   Thumb Code     0  startup.o(RESET)
    Comp1_Handler                            0x00000283   Thumb Code     0  startup.o(RESET)
    Comp2_Handler                            0x00000283   Thumb Code     0  startup.o(RESET)
    Ethernet_Handler                         0x00000283   Thumb Code     0  startup.o(RESET)
    ExtBus_Handler                           0x00000283   Thumb Code     0  startup.o(RESET)
    FPU_Handler                              0x00000283   Thumb Code     0  startup.o(RESET)
    Fan0_Handler                             0x00000283   Thumb Code     0  startup.o(RESET)
    FlashCtl_Handler                         0x00000283   Thumb Code     0  startup.o(RESET)
    GPIOPortA_Handler                        0x00000283   Thumb Code     0  startup.o(RESET)
    GPIOPortB_Handler                        0x00000283   Thumb Code     0  startup.o(RESET)
    GPIOPortC_Handler                        0x00000283   Thumb Code     0  startup.o(RESET)
    GPIOPortD_Handler                        0x00000283   Thumb Code     0  startup.o(RESET)
    GPIOPortE_Handler                        0x00000283   Thumb Code     0  startup.o(RESET)
    GPIOPortG_Handler                        0x00000283   Thumb Code     0  startup.o(RESET)
    GPIOPortH_Handler                        0x00000283   Thumb Code     0  startup.o(RESET)
    GPIOPortJ_Handler                        0x00000283   Thumb Code     0  startup.o(RESET)
    GPIOPortK_Handler                        0x00000283   Thumb Code     0  startup.o(RESET)
    GPIOPortL_Handler                        0x00000283   Thumb Code     0  startup.o(RESET)
    GPIOPortM_Handler                        0x00000283   Thumb Code     0  startup.o(RESET)
    GPIOPortN_Handler                        0x00000283   Thumb Code     0  startup.o(RESET)
    GPIOPortP1_Handler                       0x00000283   Thumb Code     0  startup.o(RESET)
    GPIOPortP2_Handler                       0x00000283   Thumb Code     0  startup.o(RESET)
    GPIOPortP3_Handler                       0x00000283   Thumb Code     0  startup.o(RESET)
    GPIOPortP4_Handler                       0x00000283   Thumb Code     0  startup.o(RESET)
    GPIOPortP5_Handler                       0x00000283   Thumb Code     0  startup.o(RESET)
    GPIOPortP6_Handler                       0x00000283   Thumb Code     0  startup.o(RESET)
    GPIOPortP7_Handler                       0x00000283   Thumb Code     0  startup.o(RESET)
    GPIOPortP_Handler                        0x00000283   Thumb Code     0  startup.o(RESET)
    GPIOPortQ1_Handler                       0x00000283   Thumb Code     0  startup.o(RESET)
    GPIOPortQ2_Handler                       0x00000283   Thumb Code     0  startup.o(RESET)
    GPIOPortQ3_Handler                       0x00000283   Thumb Code     0  startup.o(RESET)
    GPIOPortQ4_Handler                       0x00000283   Thumb Code     0  startup.o(RESET)
    GPIOPortQ5_Handler                       0x00000283   Thumb Code     0  startup.o(RESET)
    GPIOPortQ6_Handler                       0x00000283   Thumb Code     0  startup.o(RESET)
    GPIOPortQ7_Handler                       0x00000283   Thumb Code     0  startup.o(RESET)
    GPIOPortQ_Handler                        0x00000283   Thumb Code     0  startup.o(RESET)
    GPIOPortR_Handler                        0x00000283   Thumb Code     0  startup.o(RESET)
    GPIOPortS_Handler                        0x00000283   Thumb Code     0  startup.o(RESET)
    Hibernate_Handler                        0x00000283   Thumb Code     0  startup.o(RESET)
    I2C0_Handler                             0x00000283   Thumb Code     0  startup.o(RESET)
    I2C1_Handler                             0x00000283   Thumb Code     0  startup.o(RESET)
    I2C2_Handler                             0x00000283   Thumb Code     0  startup.o(RESET)
    I2C3_Handler                             0x00000283   Thumb Code     0  startup.o(RESET)
    I2C4_Handler                             0x00000283   Thumb Code     0  startup.o(RESET)
    I2C5_Handler                             0x00000283   Thumb Code     0  startup.o(RESET)
    I2S0_Handler                             0x00000283   Thumb Code     0  startup.o(RESET)
    LPC0_Handler                             0x00000283   Thumb Code     0  startup.o(RESET)
    PECI0_Handler                            0x00000283   Thumb Code     0  startup.o(RESET)
    PWM0Fault_Handler                        0x00000283   Thumb Code     0  startup.o(RESET)
    PWM0Generator0_Handler                   0x00000283   Thumb Code     0  startup.o(RESET)
    PWM0Generator1_Handler                   0x00000283   Thumb Code     0  startup.o(RESET)
    PWM0Generator2_Handler                   0x00000283   Thumb Code     0  startup.o(RESET)
    PWM0Generator3_Handler                   0x00000283   Thumb Code     0  startup.o(RESET)
    PWM1Fault_Handler                        0x00000283   Thumb Code     0  startup.o(RESET)
    PWM1Generator0_Handler                   0x00000283   Thumb Code     0  startup.o(RESET)
    PWM1Generator1_Handler                   0x00000283   Thumb Code     0  startup.o(RESET)
    PWM1Generator2_Handler                   0x00000283   Thumb Code     0  startup.o(RESET)
    PWM1Generator3_Handler                   0x00000283   Thumb Code     0  startup.o(RESET)
    Quadrature0_Handler                      0x00000283   Thumb Code     0  startup.o(RESET)
    Quadrature1_Handler                      0x00000283   Thumb Code     0  startup.o(RESET)
    Quadrature2_Handler                      0x00000283   Thumb Code     0  startup.o(RESET)
    SSI0_Handler                             0x00000283   Thumb Code     0  startup.o(RESET)
    SSI1_Handler                             0x00000283   Thumb Code     0  startup.o(RESET)
    SSI2_Handler                             0x00000283   Thumb Code     0  startup.o(RESET)
    SSI3_Handler                             0x00000283   Thumb Code     0  startup.o(RESET)
    SysCtl_Handler                           0x00000283   Thumb Code     0  startup.o(RESET)
    Timer0A_Handler                          0x00000283   Thumb Code     0  startup.o(RESET)
    Timer0B_Handler                          0x00000283   Thumb Code     0  startup.o(RESET)
    Timer1B_Handler                          0x00000283   Thumb Code     0  startup.o(RESET)
    Timer2A_Handler                          0x00000283   Thumb Code     0  startup.o(RESET)
    Timer2B_Handler                          0x00000283   Thumb Code     0  startup.o(RESET)
    Timer3A_Handler                          0x00000283   Thumb Code     0  startup.o(RESET)
    Timer3B_Handler                          0x00000283   Thumb Code     0  startup.o(RESET)
    Timer4A_Handler                          0x00000283   Thumb Code     0  startup.o(RESET)
    Timer4B_Handler                          0x00000283   Thumb Code     0  startup.o(RESET)
    Timer5B_Handler                          0x00000283   Thumb Code     0  startup.o(RESET)
    UART1_Handler                            0x00000283   Thumb Code     0  startup.o(RESET)
    UART2_Handler                            0x00000283   Thumb Code     0  startup.o(RESET)
    UART3_Handler                            0x00000283   Thumb Code     0  startup.o(RESET)
    UART4_Handler                            0x00000283   Thumb Code     0  startup.o(RESET)
    UART5_Handler                            0x00000283   Thumb Code     0  startup.o(RESET)
    UART6_Handler                            0x00000283   Thumb Code     0  startup.o(RESET)
    UART7_Handler                            0x00000283   Thumb Code     0  startup.o(RESET)
    USB0_Handler                             0x00000283   Thumb Code     0  startup.o(RESET)
    WDT_Handler                              0x00000283   Thumb Code     0  startup.o(RESET)
    WideTimer0A_Handler                      0x00000283   Thumb Code     0  startup.o(RESET)
    WideTimer0B_Handler                      0x00000283   Thumb Code     0  startup.o(RESET)
    WideTimer1A_Handler                      0x00000283   Thumb Code     0  startup.o(RESET)
    WideTimer1B_Handler                      0x00000283   Thumb Code     0  startup.o(RESET)
    WideTimer2A_Handler                      0x00000283   Thumb Code     0  startup.o(RESET)
    WideTimer2B_Handler                      0x00000283   Thumb Code     0  startup.o(RESET)
    WideTimer3A_Handler                      0x00000283   Thumb Code     0  startup.o(RESET)
    WideTimer3B_Handler                      0x00000283   Thumb Code     0  startup.o(RESET)
    WideTimer4A_Handler                      0x00000283   Thumb Code     0  startup.o(RESET)
    WideTimer4B_Handler                      0x00000283   Thumb Code     0  startup.o(RESET)
    WideTimer5A_Handler                      0x00000283   Thumb Code     0  startup.o(RESET)
    WideTimer5B_Handler                      0x00000283   Thumb Code     0  startup.o(RESET)
    uDMA_Error                               0x00000283   Thumb Code     0  startup.o(RESET)
    uDMA_Handler                             0x00000283   Thumb Code     0  startup.o(RESET)
    __main                                   0x00000285   Thumb Code     8  __main.o(!!!main)
    __scatterload                            0x0000028d   Thumb Code     0  __scatter.o(!!!scatter)
    __scatterload_rt2                        0x0000028d   Thumb Code    44  __scatter.o(!!!scatter)
    __scatterload_rt2_thumb_only             0x0000028d   Thumb Code     0  __scatter.o(!!!scatter)
    __scatterload_null                       0x0000029b   Thumb Code     0  __scatter.o(!!!scatter)
    __scatterload_copy                       0x000002c1   Thumb Code    26  __scatter_copy.o(!!handler_copy)
    __scatterload_zeroinit                   0x000002dd   Thumb Code    28  __scatter_zi.o(!!handler_zi)
    _printf_percent                          0x000002f9   Thumb Code     0  _printf_percent.o(.ARM.Collect$$_printf_percent$$00000000)
    _printf_u                                0x000002f9   Thumb Code     0  _printf_u.o(.ARM.Collect$$_printf_percent$$0000000A)
    _printf_percent_end                      0x000002ff   Thumb Code     0  _printf_percent_end.o(.ARM.Collect$$_printf_percent$$00000017)
    __rt_lib_init                            0x00000303   Thumb Code     0  libinit.o(.ARM.Collect$$libinit$$00000000)
    __rt_lib_init_alloca_1                   0x00000305   Thumb Code     0  libinit2.o(.ARM.Collect$$libinit$$0000002C)
    __rt_lib_init_argv_1                     0x00000305   Thumb Code     0  libinit2.o(.ARM.Collect$$libinit$$0000002A)
    __rt_lib_init_atexit_1                   0x00000305   Thumb Code     0  libinit2.o(.ARM.Collect$$libinit$$00000019)
    __rt_lib_init_clock_1                    0x00000305   Thumb Code     0  libinit2.o(.ARM.Collect$$libinit$$0000001F)
    __rt_lib_init_cpp_1                      0x00000305   Thumb Code     0  libinit2.o(.ARM.Collect$$libinit$$00000030)
    __rt_lib_init_exceptions_1               0x00000305   Thumb Code     0  libinit2.o(.ARM.Collect$$libinit$$0000002E)
    __rt_lib_init_fp_1                       0x00000305   Thumb Code     0  libinit2.o(.ARM.Collect$$libinit$$00000002)
    __rt_lib_init_fp_trap_1                  0x00000305   Thumb Code     0  libinit2.o(.ARM.Collect$$libinit$$0000001D)
    __rt_lib_init_getenv_1                   0x00000305   Thumb Code     0  libinit2.o(.ARM.Collect$$libinit$$00000021)
    __rt_lib_init_heap_1                     0x00000305   Thumb Code     0  libinit2.o(.ARM.Collect$$libinit$$00000008)
    __rt_lib_init_lc_collate_1               0x00000305   Thumb Code     0  libinit2.o(.ARM.Collect$$libinit$$0000000F)
    __rt_lib_init_lc_ctype_1                 0x00000305   Thumb Code     0  libinit2.o(.ARM.Collect$$libinit$$00000011)
    __rt_lib_init_lc_monetary_1              0x00000305   Thumb Code     0  libinit2.o(.ARM.Collect$$libinit$$00000013)
    __rt_lib_init_lc_numeric_1               0x00000305   Thumb Code     0  libinit2.o(.ARM.Collect$$libinit$$00000015)
    __rt_lib_init_lc_time_1                  0x00000305   Thumb Code     0  libinit2.o(.ARM.Collect$$libinit$$00000017)
    __rt_lib_init_rand_1                     0x00000305   Thumb Code     0  libinit2.o(.ARM.Collect$$libinit$$0000000C)
    __rt_lib_init_return                     0x00000305   Thumb Code     0  libinit2.o(.ARM.Collect$$libinit$$00000031)
    __rt_lib_init_signal_1                   0x00000305   Thumb Code     0  libinit2.o(.ARM.Collect$$libinit$$0000001B)
    __rt_lib_init_stdio_1                    0x00000305   Thumb Code     0  libinit2.o(.ARM.Collect$$libinit$$00000023)
    __rt_lib_init_user_alloc_1               0x00000305   Thumb Code     0  libinit2.o(.ARM.Collect$$libinit$$0000000A)
    __rt_lib_shutdown                        0x00000307   Thumb Code     0  libshutdown.o(.ARM.Collect$$libshutdown$$00000000)
    __rt_lib_shutdown_fp_trap_1              0x00000309   Thumb Code     0  libshutdown2.o(.ARM.Collect$$libshutdown$$00000006)
    __rt_lib_shutdown_heap_1                 0x00000309   Thumb Code     0  libshutdown2.o(.ARM.Collect$$libshutdown$$0000000E)
    __rt_lib_shutdown_return                 0x00000309   Thumb Code     0  libshutdown2.o(.ARM.Collect$$libshutdown$$0000000F)
    __rt_lib_shutdown_signal_1               0x00000309   Thumb Code     0  libshutdown2.o(.ARM.Collect$$libshutdown$$00000009)
    __rt_lib_shutdown_stdio_1                0x00000309   Thumb Code     0  libshutdown2.o(.ARM.Collect$$libshutdown$$00000003)
    __rt_lib_shutdown_user_alloc_1           0x00000309   Thumb Code     0  libshutdown2.o(.ARM.Collect$$libshutdown$$0000000B)
    __rt_entry                               0x0000030b   Thumb Code     0  rtentry.o(.ARM.Collect$$rtentry$$00000000)
    __rt_entry_presh_1                       0x0000030b   Thumb Code     0  rtentry2.o(.ARM.Collect$$rtentry$$00000002)
    __rt_entry_sh                            0x0000030b   Thumb Code     0  rtentry4.o(.ARM.Collect$$rtentry$$00000004)
    __rt_entry_li                            0x00000311   Thumb Code     0  rtentry2.o(.ARM.Collect$$rtentry$$0000000A)
    __rt_entry_postsh_1                      0x00000311   Thumb Code     0  rtentry2.o(.ARM.Collect$$rtentry$$00000009)
    __rt_entry_main                          0x00000315   Thumb Code     0  rtentry2.o(.ARM.Collect$$rtentry$$0000000D)
    __rt_entry_postli_1                      0x00000315   Thumb Code     0  rtentry2.o(.ARM.Collect$$rtentry$$0000000C)
    __rt_exit                                0x0000031d   Thumb Code     0  rtexit.o(.ARM.Collect$$rtexit$$00000000)
    __rt_exit_ls                             0x0000031f   Thumb Code     0  rtexit2.o(.ARM.Collect$$rtexit$$00000003)
    __rt_exit_prels_1                        0x0000031f   Thumb Code     0  rtexit2.o(.ARM.Collect$$rtexit$$00000002)
    __rt_exit_exit                           0x00000323   Thumb Code     0  rtexit2.o(.ARM.Collect$$rtexit$$00000004)
    DisableInterrupts                        0x00000329   Thumb Code     0  startup.o(.text)
    EnableInterrupts                         0x0000032d   Thumb Code     0  startup.o(.text)
    StartCritical                            0x00000331   Thumb Code     0  startup.o(.text)
    EndCritical                              0x00000339   Thumb Code     0  startup.o(.text)
    WaitForInterrupt                         0x0000033f   Thumb Code     0  startup.o(.text)
    __user_initial_stackheap                 0x00000343   Thumb Code     0  startup.o(.text)
    OS_DisableInterrupts                     0x00000359   Thumb Code     0  osasm.o(.text)
    OS_EnableInterrupts                      0x0000035d   Thumb Code     0  osasm.o(.text)
    SysTick_Handler                          0x00000361   Thumb Code     0  osasm.o(.text)
    StartOS                                  0x0000038f   Thumb Code     0  osasm.o(.text)
    Thread_Switch                            0x000003af   Thumb Code     0  osasm.o(.text)
    __I$use$semihosting                      0x000003d1   Thumb Code     0  use_no_semi.o(.text)
    __use_no_semihosting_swi                 0x000003d1   Thumb Code     2  use_no_semi.o(.text)
    __2printf                                0x000003d5   Thumb Code    20  noretval__2printf.o(.text)
    _printf_int_dec                          0x000003ed   Thumb Code   102  _printf_dec.o(.text)
    __printf                                 0x00000465   Thumb Code   390  __printf_flags_ss_wp.o(.text)
    __use_two_region_memory                  0x000005f1   Thumb Code     2  heapauxi.o(.text)
    __rt_heap_escrow$2region                 0x000005f3   Thumb Code     2  heapauxi.o(.text)
    __rt_heap_expand$2region                 0x000005f5   Thumb Code     2  heapauxi.o(.text)
    _printf_int_common                       0x000005f7   Thumb Code   184  _printf_intcommon.o(.text)
    _printf_char_common                      0x000006bb   Thumb Code    32  _printf_char_common.o(.text)
    _printf_char_file                        0x000006e1   Thumb Code    32  _printf_char_file.o(.text)
    __user_libspace                          0x00000705   Thumb Code     8  libspace.o(.text)
    __user_perproc_libspace                  0x00000705   Thumb Code     0  libspace.o(.text)
    __user_perthread_libspace                0x00000705   Thumb Code     0  libspace.o(.text)
    __user_setup_stackheap                   0x0000070d   Thumb Code    74  sys_stackheap_outer.o(.text)
    exit                                     0x00000757   Thumb Code    12  exit.o(.text)
    ADC0Seq0_Handler                         0x00000765   Thumb Code   100  adc.o(i.ADC0Seq0_Handler)
    GPIODirModeSet                           0x00000821   Thumb Code    64  gpio.o(i.GPIODirModeSet)
    GPIOPadConfigSet                         0x00000861   Thumb Code   262  gpio.o(i.GPIOPadConfigSet)
    GPIOPinTypeGPIOOutput                    0x00000967   Thumb Code    30  gpio.o(i.GPIOPinTypeGPIOOutput)
    GPIOPinTypeSSI                           0x00000985   Thumb Code    30  gpio.o(i.GPIOPinTypeSSI)
    GPIOPinWrite                             0x000009a3   Thumb Code    10  gpio.o(i.GPIOPinWrite)
    GPIOPortF_Handler                        0x000009ad   Thumb Code   110  os.o(i.GPIOPortF_Handler)
    IdleTask                                 0x00000a31   Thumb Code    14  lab5.o(i.IdleTask)
    OS_AddPeriodicThread                     0x00000a45   Thumb Code    22  os.o(i.OS_AddPeriodicThread)
    OS_AddSW1Task                            0x00000a5d   Thumb Code   148  os.o(i.OS_AddSW1Task)
    OS_AddThread                             0x00000b11   Thumb Code   492  os.o(i.OS_AddThread)
    OS_Init                                  0x00000d11   Thumb Code    68  os.o(i.OS_Init)
    OS_Kill                                  0x00000d5d   Thumb Code   126  os.o(i.OS_Kill)
    OS_Launch                                0x00000de9   Thumb Code    22  os.o(i.OS_Launch)
    OS_Sleep                                 0x00000e01   Thumb Code    10  os.o(i.OS_Sleep)
    OS_Suspend                               0x00000e11   Thumb Code    18  os.o(i.OS_Suspend)
    PLL_Init                                 0x00000e29   Thumb Code   118  pll.o(i.PLL_Init)
    RunTest                                  0x00000ea5   Thumb Code    24  lab5.o(i.RunTest)
    RxFifo_Init                              0x00000ec5   Thumb Code    26  uart.o(i.RxFifo_Init)
    RxFifo_Put                               0x00000ee9   Thumb Code    48  uart.o(i.RxFifo_Put)
    RxFifo_Size                              0x00000f25   Thumb Code    14  uart.o(i.RxFifo_Size)
    SSIConfigSetExpClk                       0x00000f51   Thumb Code   102  ssi.o(i.SSIConfigSetExpClk)
    SSIDataGet                               0x00000fb7   Thumb Code    16  ssi.o(i.SSIDataGet)
    SSIDataPut                               0x00000fc7   Thumb Code    14  ssi.o(i.SSIDataPut)
    SSIDisable                               0x00000fd5   Thumb Code    10  ssi.o(i.SSIDisable)
    SSIEnable                                0x00000fdf   Thumb Code    10  ssi.o(i.SSIEnable)
    SetInitialStack                          0x00000fe9   Thumb Code   326  os.o(i.SetInitialStack)
    SysCtlClockGet                           0x0000113d   Thumb Code   520  sysctl.o(i.SysCtlClockGet)
    SysCtlPeripheralEnable                   0x00001379   Thumb Code    96  sysctl.o(i.SysCtlPeripheralEnable)
    TestDisk                                 0x000013e1   Thumb Code   236  lab5.o(i.TestDisk)
    Timer1A_Handler                          0x000015b1   Thumb Code    16  os.o(i.Timer1A_Handler)
    Timer1_Init                              0x000015c9   Thumb Code   108  os.o(i.Timer1_Init)
    Timer5A_Handler                          0x00001645   Thumb Code    16  os.o(i.Timer5A_Handler)
    Timer5_Init                              0x0000165d   Thumb Code   118  os.o(i.Timer5_Init)
    TxFifo_Get                               0x000016e9   Thumb Code    46  uart.o(i.TxFifo_Get)
    TxFifo_Init                              0x00001725   Thumb Code    26  uart.o(i.TxFifo_Init)
    TxFifo_Put                               0x00001749   Thumb Code    48  uart.o(i.TxFifo_Put)
    TxFifo_Size                              0x00001785   Thumb Code    14  uart.o(i.TxFifo_Size)
    UART0_Handler                            0x0000179d   Thumb Code    82  uart.o(i.UART0_Handler)
    UART_Init                                0x000017f5   Thumb Code   174  uart.o(i.UART_Init)
    UART_OutChar                             0x000018bd   Thumb Code    46  uart.o(i.UART_OutChar)
    _is_digit                                0x000018f1   Thumb Code    14  __printf_wp.o(i._is_digit)
    _sys_exit                                0x000018ff   Thumb Code     4  retarget.o(i._sys_exit)
    diskError                                0x00001959   Thumb Code    26  lab5.o(i.diskError)
    disk_timerproc                           0x00001985   Thumb Code    34  edisk.o(i.disk_timerproc)
    eDisk_Init                               0x000019b1   Thumb Code   352  edisk.o(i.eDisk_Init)
    eDisk_Read                               0x00001b1d   Thumb Code   146  edisk.o(i.eDisk_Read)
    eDisk_ReadBlock                          0x00001bb9   Thumb Code    20  edisk.o(i.eDisk_ReadBlock)
    eDisk_Write                              0x00001bcd   Thumb Code   188  edisk.o(i.eDisk_Write)
    eDisk_WriteBlock                         0x00001c91   Thumb Code    20  edisk.o(i.eDisk_WriteBlock)
    eFile_EndRedirectToFile                  0x00001ca5   Thumb Code    22  efile.o(i.eFile_EndRedirectToFile)
    eFile_WClose                             0x00001cc1   Thumb Code     4  efile.o(i.eFile_WClose)
    eFile_Write                              0x00001cc5   Thumb Code     6  efile.o(i.eFile_Write)
    ferror                                   0x00001ccb   Thumb Code     8  retarget.o(i.ferror)
    fputc                                    0x00001cd5   Thumb Code    42  retarget.o(i.fputc)
    main                                     0x00001d05   Thumb Code    80  lab5.o(i.main)
    Region$$Table$$Base                      0x000021f8   Number         0  anon$$obj.o(Region$$Table)
    Region$$Table$$Limit                     0x00002218   Number         0  anon$$obj.o(Region$$Table)
    RxPutI                                   0x20000000   Data           4  uart.o(.data)
    RxGetI                                   0x20000004   Data           4  uart.o(.data)
    TxPutI                                   0x20000008   Data           4  uart.o(.data)
    TxGetI                                   0x2000000c   Data           4  uart.o(.data)
    ADCcount                                 0x20000010   Data           4  adc.o(.data)
    ADCtask                                  0x20000014   Data           4  adc.o(.data)
    ADCvalue                                 0x20000018   Data           4  adc.o(.data)
    ADCvalue2                                0x2000001c   Data           4  adc.o(.data)
    __stdout                                 0x20000020   Data           4  retarget.o(.data)
    __stdin                                  0x20000024   Data           4  retarget.o(.data)
    numThreadsCreated                        0x20000028   Data           4  os.o(.data)
    PeriodicTask                             0x2000002c   Data           4  os.o(.data)
    RunPt                                    0x20000030   Data           4  os.o(.data)
    switchTaskPF0                            0x20000034   Data           4  os.o(.data)
    switchTaskPF4                            0x20000038   Data           4  os.o(.data)
    switchTask                               0x20000044   Data           4  os.o(.data)
    mail                                     0x20000048   Data           4  os.o(.data)
    mailBoxSendSema4                         0x2000004c   Data           4  os.o(.data)
    mailBoxAckSema4                          0x20000050   Data           4  os.o(.data)
    mutex                                    0x20000054   Data           4  os.o(.data)
    currentSize                              0x20000058   Data           4  os.o(.data)
    putPt                                    0x2000005c   Data           4  os.o(.data)
    getPt                                    0x20000060   Data           4  os.o(.data)
    lostData                                 0x20000064   Data           4  os.o(.data)
    n                                        0x20000068   Data           4  lab5.o(.data)
    count                                    0x2000006c   Data           4  lab5.o(.data)
    Fset                                     0x20000070   Data           4  lab5.o(.data)
    Dset                                     0x20000074   Data           4  lab5.o(.data)
    scale                                    0x20000078   Data           4  lab5.o(.data)
    RunStop                                  0x2000007c   Data           4  lab5.o(.data)
    Idlecount                                0x20000080   Data           4  lab5.o(.data)
    NumCreated                               0x20000084   Data           4  lab5.o(.data)
    NumSamples                               0x20000088   Data           4  lab5.o(.data)
    DataLost                                 0x2000008c   Data           4  lab5.o(.data)
    Running                                  0x20000090   Data           4  lab5.o(.data)
    PIDWork                                  0x20000094   Data           4  lab5.o(.data)
    FilterWork                               0x20000098   Data           4  lab5.o(.data)
    MaxJitter                                0x2000009c   Data           4  lab5.o(.data)
    StreamToFile                             0x200000a8   Data           4  efile.o(.data)
    tcbs                                     0x200001ac   Data         252  os.o(.bss)
    activeThreads                            0x200002a8   Data          36  os.o(.bss)
    Stacks                                   0x200002cc   Data       18000  os.o(.bss)
    fifo                                     0x2000491c   Data        1024  os.o(.bss)
    JitterHistogram                          0x20004d1c   Data         256  lab5.o(.bss)
    FFTOutput                                0x20004e1c   Data         256  lab5.o(.bss)
    XX                                       0x20004f1c   Data         408  lab5.o(.bss)
    TimeTable                                0x200050b4   Data         400  lab5.o(.bss)
    EventTable                               0x20005244   Data         400  lab5.o(.bss)
    ADCarray                                 0x200053d4   Data         408  lab5.o(.bss)
    ADCarray2                                0x2000556c   Data         408  lab5.o(.bss)
    buffer                                   0x20005704   Data         512  lab5.o(.bss)
    __libspace_start                         0x20005904   Data          96  libspace.o(.bss)
    __temporary_stack_top$libspace           0x20005964   Data           0  libspace.o(.bss)



==============================================================================

Memory Map of the image

  Image Entry point : 0x0000026d

  Load Region LR_1 (Base: 0x00000000, Size: 0x000022c4, Max: 0xffffffff, ABSOLUTE)

    Execution Region ER_RO (Base: 0x00000000, Size: 0x00002218, Max: 0xffffffff, ABSOLUTE)

    Base Addr    Size         Type   Attr      Idx    E Section Name        Object

    0x00000000   0x00000284   Code   RO            3  * RESET               startup.o
    0x00000284   0x00000008   Code   RO         2582  * !!!main             c_w.l(__main.o)
    0x0000028c   0x00000034   Code   RO         2786    !!!scatter          c_w.l(__scatter.o)
    0x000002c0   0x0000001a   Code   RO         2788    !!handler_copy      c_w.l(__scatter_copy.o)
    0x000002da   0x00000002   PAD
    0x000002dc   0x0000001c   Code   RO         2790    !!handler_zi        c_w.l(__scatter_zi.o)
    0x000002f8   0x00000000   Code   RO         2566    .ARM.Collect$$_printf_percent$$00000000  c_w.l(_printf_percent.o)
    0x000002f8   0x00000006   Code   RO         2565    .ARM.Collect$$_printf_percent$$0000000A  c_w.l(_printf_u.o)
    0x000002fe   0x00000004   Code   RO         2600    .ARM.Collect$$_printf_percent$$00000017  c_w.l(_printf_percent_end.o)
    0x00000302   0x00000002   Code   RO         2666    .ARM.Collect$$libinit$$00000000  c_w.l(libinit.o)
    0x00000304   0x00000000   Code   RO         2670    .ARM.Collect$$libinit$$00000002  c_w.l(libinit2.o)
    0x00000304   0x00000000   Code   RO         2673    .ARM.Collect$$libinit$$00000008  c_w.l(libinit2.o)
    0x00000304   0x00000000   Code   RO         2675    .ARM.Collect$$libinit$$0000000A  c_w.l(libinit2.o)
    0x00000304   0x00000000   Code   RO         2677    .ARM.Collect$$libinit$$0000000C  c_w.l(libinit2.o)
    0x00000304   0x00000000   Code   RO         2680    .ARM.Collect$$libinit$$0000000F  c_w.l(libinit2.o)
    0x00000304   0x00000000   Code   RO         2682    .ARM.Collect$$libinit$$00000011  c_w.l(libinit2.o)
    0x00000304   0x00000000   Code   RO         2684    .ARM.Collect$$libinit$$00000013  c_w.l(libinit2.o)
    0x00000304   0x00000000   Code   RO         2686    .ARM.Collect$$libinit$$00000015  c_w.l(libinit2.o)
    0x00000304   0x00000000   Code   RO         2688    .ARM.Collect$$libinit$$00000017  c_w.l(libinit2.o)
    0x00000304   0x00000000   Code   RO         2690    .ARM.Collect$$libinit$$00000019  c_w.l(libinit2.o)
    0x00000304   0x00000000   Code   RO         2692    .ARM.Collect$$libinit$$0000001B  c_w.l(libinit2.o)
    0x00000304   0x00000000   Code   RO         2694    .ARM.Collect$$libinit$$0000001D  c_w.l(libinit2.o)
    0x00000304   0x00000000   Code   RO         2696    .ARM.Collect$$libinit$$0000001F  c_w.l(libinit2.o)
    0x00000304   0x00000000   Code   RO         2698    .ARM.Collect$$libinit$$00000021  c_w.l(libinit2.o)
    0x00000304   0x00000000   Code   RO         2700    .ARM.Collect$$libinit$$00000023  c_w.l(libinit2.o)
    0x00000304   0x00000000   Code   RO         2704    .ARM.Collect$$libinit$$0000002A  c_w.l(libinit2.o)
    0x00000304   0x00000000   Code   RO         2706    .ARM.Collect$$libinit$$0000002C  c_w.l(libinit2.o)
    0x00000304   0x00000000   Code   RO         2708    .ARM.Collect$$libinit$$0000002E  c_w.l(libinit2.o)
    0x00000304   0x00000000   Code   RO         2710    .ARM.Collect$$libinit$$00000030  c_w.l(libinit2.o)
    0x00000304   0x00000002   Code   RO         2711    .ARM.Collect$$libinit$$00000031  c_w.l(libinit2.o)
    0x00000306   0x00000002   Code   RO         2729    .ARM.Collect$$libshutdown$$00000000  c_w.l(libshutdown.o)
    0x00000308   0x00000000   Code   RO         2740    .ARM.Collect$$libshutdown$$00000003  c_w.l(libshutdown2.o)
    0x00000308   0x00000000   Code   RO         2743    .ARM.Collect$$libshutdown$$00000006  c_w.l(libshutdown2.o)
    0x00000308   0x00000000   Code   RO         2746    .ARM.Collect$$libshutdown$$00000009  c_w.l(libshutdown2.o)
    0x00000308   0x00000000   Code   RO         2748    .ARM.Collect$$libshutdown$$0000000B  c_w.l(libshutdown2.o)
    0x00000308   0x00000000   Code   RO         2751    .ARM.Collect$$libshutdown$$0000000E  c_w.l(libshutdown2.o)
    0x00000308   0x00000002   Code   RO         2752    .ARM.Collect$$libshutdown$$0000000F  c_w.l(libshutdown2.o)
    0x0000030a   0x00000000   Code   RO         2584    .ARM.Collect$$rtentry$$00000000  c_w.l(rtentry.o)
    0x0000030a   0x00000000   Code   RO         2611    .ARM.Collect$$rtentry$$00000002  c_w.l(rtentry2.o)
    0x0000030a   0x00000006   Code   RO         2623    .ARM.Collect$$rtentry$$00000004  c_w.l(rtentry4.o)
    0x00000310   0x00000000   Code   RO         2613    .ARM.Collect$$rtentry$$00000009  c_w.l(rtentry2.o)
    0x00000310   0x00000004   Code   RO         2614    .ARM.Collect$$rtentry$$0000000A  c_w.l(rtentry2.o)
    0x00000314   0x00000000   Code   RO         2616    .ARM.Collect$$rtentry$$0000000C  c_w.l(rtentry2.o)
    0x00000314   0x00000008   Code   RO         2617    .ARM.Collect$$rtentry$$0000000D  c_w.l(rtentry2.o)
    0x0000031c   0x00000002   Code   RO         2667    .ARM.Collect$$rtexit$$00000000  c_w.l(rtexit.o)
    0x0000031e   0x00000000   Code   RO         2713    .ARM.Collect$$rtexit$$00000002  c_w.l(rtexit2.o)
    0x0000031e   0x00000004   Code   RO         2714    .ARM.Collect$$rtexit$$00000003  c_w.l(rtexit2.o)
    0x00000322   0x00000006   Code   RO         2715    .ARM.Collect$$rtexit$$00000004  c_w.l(rtexit2.o)
    0x00000328   0x00000030   Code   RO            4    .text               startup.o
    0x00000358   0x00000078   Code   RO          792    .text               osasm.o
    0x000003d0   0x00000002   Code   RO         2525    .text               c_w.l(use_no_semi.o)
    0x000003d2   0x00000002   PAD
    0x000003d4   0x00000018   Code   RO         2531    .text               c_w.l(noretval__2printf.o)
    0x000003ec   0x00000078   Code   RO         2541    .text               c_w.l(_printf_dec.o)
    0x00000464   0x0000018c   Code   RO         2560    .text               c_w.l(__printf_flags_ss_wp.o)
    0x000005f0   0x00000006   Code   RO         2580    .text               c_w.l(heapauxi.o)
    0x000005f6   0x000000b8   Code   RO         2590    .text               c_w.l(_printf_intcommon.o)
    0x000006ae   0x00000002   PAD
    0x000006b0   0x00000030   Code   RO         2592    .text               c_w.l(_printf_char_common.o)
    0x000006e0   0x00000024   Code   RO         2598    .text               c_w.l(_printf_char_file.o)
    0x00000704   0x00000008   Code   RO         2607    .text               c_w.l(libspace.o)
    0x0000070c   0x0000004a   Code   RO         2641    .text               c_w.l(sys_stackheap_outer.o)
    0x00000756   0x0000000c   Code   RO         2659    .text               c_w.l(exit.o)
    0x00000762   0x00000002   PAD
    0x00000764   0x00000078   Code   RO          168    i.ADC0Seq0_Handler  adc.o
    0x000007dc   0x00000014   Code   RO          989    i.DESELECT          edisk.o
    0x000007f0   0x00000030   Code   RO          310    i.DebounceTaskPF4   os.o
    0x00000820   0x00000040   Code   RO         1237    i.GPIODirModeSet    gpio.o
    0x00000860   0x00000106   Code   RO         1242    i.GPIOPadConfigSet  gpio.o
    0x00000966   0x0000001e   Code   RO         1257    i.GPIOPinTypeGPIOOutput  gpio.o
    0x00000984   0x0000001e   Code   RO         1267    i.GPIOPinTypeSSI    gpio.o
    0x000009a2   0x0000000a   Code   RO         1272    i.GPIOPinWrite      gpio.o
    0x000009ac   0x00000084   Code   RO          311    i.GPIOPortF_Handler  os.o
    0x00000a30   0x00000014   Code   RO          797    i.IdleTask          lab5.o
    0x00000a44   0x00000016   Code   RO          313    i.OS_AddPeriodicThread  os.o
    0x00000a5a   0x00000002   PAD
    0x00000a5c   0x000000b4   Code   RO          314    i.OS_AddSW1Task     os.o
    0x00000b10   0x00000200   Code   RO          315    i.OS_AddThread      os.o
    0x00000d10   0x0000004c   Code   RO          323    i.OS_Init           os.o
    0x00000d5c   0x0000008c   Code   RO          325    i.OS_Kill           os.o
    0x00000de8   0x00000016   Code   RO          326    i.OS_Launch         os.o
    0x00000dfe   0x00000002   PAD
    0x00000e00   0x00000010   Code   RO          333    i.OS_Sleep          os.o
    0x00000e10   0x00000018   Code   RO          334    i.OS_Suspend        os.o
    0x00000e28   0x0000007c   Code   RO           12    i.PLL_Init          pll.o
    0x00000ea4   0x00000020   Code   RO          800    i.RunTest           lab5.o
    0x00000ec4   0x00000024   Code   RO           35    i.RxFifo_Init       uart.o
    0x00000ee8   0x0000003c   Code   RO           36    i.RxFifo_Put        uart.o
    0x00000f24   0x00000018   Code   RO           37    i.RxFifo_Size       uart.o
    0x00000f3c   0x00000014   Code   RO          990    i.SELECT            edisk.o
    0x00000f50   0x00000066   Code   RO         1509    i.SSIConfigSetExpClk  ssi.o
    0x00000fb6   0x00000010   Code   RO         1512    i.SSIDataGet        ssi.o
    0x00000fc6   0x0000000e   Code   RO         1514    i.SSIDataPut        ssi.o
    0x00000fd4   0x0000000a   Code   RO         1516    i.SSIDisable        ssi.o
    0x00000fde   0x0000000a   Code   RO         1517    i.SSIEnable         ssi.o
    0x00000fe8   0x00000154   Code   RO          340    i.SetInitialStack   os.o
    0x0000113c   0x0000023c   Code   RO         1638    i.SysCtlClockGet    sysctl.o
    0x00001378   0x00000068   Code   RO         1666    i.SysCtlPeripheralEnable  sysctl.o
    0x000013e0   0x000001d0   Code   RO          801    i.TestDisk          lab5.o
    0x000015b0   0x00000018   Code   RO          341    i.Timer1A_Handler   os.o
    0x000015c8   0x0000007c   Code   RO          342    i.Timer1_Init       os.o
    0x00001644   0x00000018   Code   RO          343    i.Timer5A_Handler   os.o
    0x0000165c   0x0000008c   Code   RO          344    i.Timer5_Init       os.o
    0x000016e8   0x0000003c   Code   RO           38    i.TxFifo_Get        uart.o
    0x00001724   0x00000024   Code   RO           39    i.TxFifo_Init       uart.o
    0x00001748   0x0000003c   Code   RO           40    i.TxFifo_Put        uart.o
    0x00001784   0x00000018   Code   RO           41    i.TxFifo_Size       uart.o
    0x0000179c   0x00000058   Code   RO           42    i.UART0_Handler     uart.o
    0x000017f4   0x000000c8   Code   RO           47    i.UART_Init         uart.o
    0x000018bc   0x00000034   Code   RO           48    i.UART_OutChar      uart.o
    0x000018f0   0x0000000e   Code   RO         2553    i._is_digit         c_w.l(__printf_wp.o)
    0x000018fe   0x00000004   Code   RO          272    i._sys_exit         retarget.o
    0x00001902   0x00000002   PAD
    0x00001904   0x00000028   Code   RO           52    i.copyHardwareToSoftware  uart.o
    0x0000192c   0x0000002c   Code   RO           53    i.copySoftwareToHardware  uart.o
    0x00001958   0x0000002c   Code   RO          805    i.diskError         lab5.o
    0x00001984   0x0000002c   Code   RO          993    i.disk_timerproc    edisk.o
    0x000019b0   0x0000016c   Code   RO          994    i.eDisk_Init        edisk.o
    0x00001b1c   0x0000009c   Code   RO          995    i.eDisk_Read        edisk.o
    0x00001bb8   0x00000014   Code   RO          996    i.eDisk_ReadBlock   edisk.o
    0x00001bcc   0x000000c4   Code   RO          998    i.eDisk_Write       edisk.o
    0x00001c90   0x00000014   Code   RO          999    i.eDisk_WriteBlock  edisk.o
    0x00001ca4   0x0000001c   Code   RO         1140    i.eFile_EndRedirectToFile  efile.o
    0x00001cc0   0x00000004   Code   RO         1147    i.eFile_WClose      efile.o
    0x00001cc4   0x00000006   Code   RO         1149    i.eFile_Write       efile.o
    0x00001cca   0x00000008   Code   RO          273    i.ferror            retarget.o
    0x00001cd2   0x00000002   PAD
    0x00001cd4   0x00000030   Code   RO          275    i.fputc             retarget.o
    0x00001d04   0x00000068   Code   RO          806    i.main              lab5.o
    0x00001d6c   0x0000000c   Code   RO         1001    i.power_off         edisk.o
    0x00001d78   0x0000008c   Code   RO         1002    i.power_on          edisk.o
    0x00001e04   0x00000050   Code   RO         1003    i.rcvr_datablock    edisk.o
    0x00001e54   0x0000001c   Code   RO         1004    i.rcvr_spi          edisk.o
    0x00001e70   0x0000000c   Code   RO         1005    i.rcvr_spi_m        edisk.o
    0x00001e7c   0x00000070   Code   RO         1006    i.send_cmd          edisk.o
    0x00001eec   0x00000048   Code   RO         1007    i.send_initial_clock_train  edisk.o
    0x00001f34   0x00000040   Code   RO         1008    i.set_max_speed     edisk.o
    0x00001f74   0x00000028   Code   RO         1009    i.wait_ready        edisk.o
    0x00001f9c   0x0000005e   Code   RO         1010    i.xmit_datablock    edisk.o
    0x00001ffa   0x00000002   PAD
    0x00001ffc   0x0000001c   Code   RO         1011    i.xmit_spi          edisk.o
    0x00002018   0x000001cc   Data   RO         1683    .constdata          sysctl.o
    0x000021e4   0x00000011   Data   RO         2561    .constdata          c_w.l(__printf_flags_ss_wp.o)
    0x000021f5   0x00000003   PAD
    0x000021f8   0x00000020   Data   RO         2784    Region$$Table       anon$$obj.o


    Execution Region ER_RW (Base: 0x20000000, Size: 0x000000ac, Max: 0xffffffff, ABSOLUTE)

    Base Addr    Size         Type   Attr      Idx    E Section Name        Object

    0x20000000   0x00000010   Data   RW           55    .data               uart.o
    0x20000010   0x00000010   Data   RW          174    .data               adc.o
    0x20000020   0x00000008   Data   RW          276    .data               retarget.o
    0x20000028   0x00000040   Data   RW          347    .data               os.o
    0x20000068   0x00000038   Data   RW          811    .data               lab5.o
    0x200000a0   0x00000005   Data   RW         1012    .data               edisk.o
    0x200000a5   0x00000003   PAD
    0x200000a8   0x00000004   Data   RW         1150    .data               efile.o


    Execution Region ER_ZI (Base: 0x200000ac, Size: 0x00005cbc, Max: 0xffffffff, ABSOLUTE)

    Base Addr    Size         Type   Attr      Idx    E Section Name        Object

    0x200000ac   0x00000100   Zero   RW           54    .bss                uart.o
    0x200001ac   0x00004b70   Zero   RW          346    .bss                os.o
    0x20004d1c   0x00000be8   Zero   RW          809    .bss                lab5.o
    0x20005904   0x00000060   Zero   RW         2608    .bss                c_w.l(libspace.o)
    0x20005964   0x00000004   PAD
    0x20005968   0x00000000   Zero   RW            2    HEAP                startup.o
    0x20005968   0x00000400   Zero   RW            1    STACK               startup.o


==============================================================================

Image component sizes


      Code (inc. data)   RO Data    RW Data    ZI Data      Debug   Object Name

       120         20          0         16          0       2002   adc.o
         0          0          0          0          0       3156   comp.o
      1522        116          0          5          0      10450   edisk.o
        38          6          0          4          0       1430   efile.o
       396          0          0          0          0       2732   gpio.o
         0          0          0          0          0        388   interpreter.o
       664        284          0         56       3048       5540   lab5.o
      1824        190          0         64      19312       9182   os.o
       120          4          0          0          0        224   osasm.o
       124          6          0          0          0       4595   pll.o
        60          6          0          8          0       3034   retarget.o
       152          0          0          0          0       2456   ssi.o
       692        632          0          0       1024        908   startup.o
       676         60        460          0          0       2703   sysctl.o
       724        126          0         16        256       6160   uart.o

    ----------------------------------------------------------------------
      7122       1450        492        172      23640      54960   Object Totals
         0          0         32          0          0          0   (incl. Generated)
        10          0          0          3          0          0   (incl. Padding)

    ----------------------------------------------------------------------

      Code (inc. data)   RO Data    RW Data    ZI Data      Debug   Library Member Name

         8          0          0          0          0         68   __main.o
       396          6         17          0          0         92   __printf_flags_ss_wp.o
        14          0          0          0          0         68   __printf_wp.o
        52          8          0          0          0          0   __scatter.o
        26          0          0          0          0          0   __scatter_copy.o
        28          0          0          0          0          0   __scatter_zi.o
        48          6          0          0          0         96   _printf_char_common.o
        36          4          0          0          0         80   _printf_char_file.o
       120         18          0          0          0         92   _printf_dec.o
       184          0          0          0          0         88   _printf_intcommon.o
         0          0          0          0          0          0   _printf_percent.o
         4          0          0          0          0          0   _printf_percent_end.o
         6          0          0          0          0          0   _printf_u.o
        12          0          0          0          0         72   exit.o
         6          0          0          0          0        152   heapauxi.o
         2          0          0          0          0          0   libinit.o
         2          0          0          0          0          0   libinit2.o
         2          0          0          0          0          0   libshutdown.o
         2          0          0          0          0          0   libshutdown2.o
         8          4          0          0         96         68   libspace.o
        24          4          0          0          0         84   noretval__2printf.o
         0          0          0          0          0          0   rtentry.o
        12          0          0          0          0          0   rtentry2.o
         6          0          0          0          0          0   rtentry4.o
         2          0          0          0          0          0   rtexit.o
        10          0          0          0          0          0   rtexit2.o
        74          0          0          0          0         80   sys_stackheap_outer.o
         2          0          0          0          0         68   use_no_semi.o

    ----------------------------------------------------------------------
      1094         50         20          0        100       1108   Library Totals
         8          0          3          0          4          0   (incl. Padding)

    ----------------------------------------------------------------------

      Code (inc. data)   RO Data    RW Data    ZI Data      Debug   Library Name

      1086         50         17          0         96       1108   c_w.l

    ----------------------------------------------------------------------
      1094         50         20          0        100       1108   Library Totals

    ----------------------------------------------------------------------

==============================================================================


      Code (inc. data)   RO Data    RW Data    ZI Data      Debug   

      8216       1500        512        172      23740      51908   Grand Totals
      8216       1500        512        172      23740      51908   ELF Image Totals
      8216       1500        512        172          0          0   ROM Totals

==============================================================================

    Total RO  Size (Code + RO Data)                 8728 (   8.52kB)
    Total RW  Size (RW Data + ZI Data)             23912 (  23.35kB)
    Total ROM Size (Code + RO Data + RW Data)       8900 (   8.69kB)

==============================================================================

