<html>
<body>
<pre>
<h1>µVision Build Log</h1>
<h2>Project:</h2>
C:\Users\Dat\Documents\GitHub\EE445M-Lab5\UARTInts_4C123\UARTInts.uvproj
Project File Date:  03/06/2015

<h2>Output:</h2>
Rebuild target 'UARTInts'
assembling startup.s...
compiling PLL.c...
compiling UART.c...
compiling ADC.c...
compiling Interpreter.c...
compiling retarget.c...
compiling OS.c...
OS.c(70): warning:  #177-D: variable "LastPF0" was declared but never referenced
  uint32_t static LastPF0;  //Previous value
OS.c: 1 warning, 0 errors
compiling ST7735.c...
ST7735.c(1604): warning:  #167-D: argument of type "char *" is incompatible with parameter of type "uint8_t *"
        ST7735_OutString(string);
ST7735.c(1606): warning:  #167-D: argument of type "char *" is incompatible with parameter of type "uint8_t *"
        ST7735_OutString(buffer);
ST7735.c: 2 warnings, 0 errors
assembling OSasm.s...
assembling cr4_fft_64_stm32.s...
assembling PID_stm32.s...
compiling Lab5.c...
Lab5.c(372): warning:  #111-D: statement is unreachable
    OS_Kill();  // done
Lab5.c: 1 warning, 0 errors
compiling edisk.c...
compiling gpio.c...
compiling sysctl.c...
compiling ssi.c...
compiling cpu.c...
compiling interrupt.c...
compiling efile.c...
linking...
Program Size: Code=8144 RO-data=512 RW-data=288 ZI-data=26040  
".\UARTInts.axf" - 0 Error(s), 4 Warning(s).
File_Directory(&UART_OutChar);
Lab5.c(1189): warning:  #167-D: argument of type "void (*)(char)" is incompatible with parameter of type "void (*)(unsigned char)"
    eFile_Directory(&UART_OutChar);
Lab5.c: 4 warnings, 0 errors
compiling edisk.c...
compiling gpio.c...
compiling sysctl.c...
compiling ssi.c...
compiling cpu.c...
compiling interrupt.c...
compiling efile.c...
linking...
Program Size: Code=8144 RO-data=512 RW-data=288 ZI-data=26040  
".\UARTInts.axf" - 0 Error(s), 7 Warning(s).

compiling cpu.c...
compiling interrupt.c...
compiling efile.c...
linking...
Program Size: Code=8144 RO-data=512 RW-data=288 ZI-data=26040  
".\UARTInts.axf" - 0 Error(s), 8 Warning(s).
ist image symbols.
Finished: 1 information, 0 warning and 1 error messages.
".\UARTInts.axf" - 1 Error(s), 8 Warning(s).
Target not created
OutChar);
Lab5.c: 5 warnings, 0 errors
compiling edisk.c...
compiling gpio.c...
compiling sysctl.c...
compiling ssi.c...
compiling cpu.c...
compiling interrupt.c...
compiling efile.c...
".\UARTInts.axf" - 1 Error(s), 9 Warning(s).
Target not created
18E: Undefined symbol eFile_Create (referred from lab5.o).
.\UARTInts.axf: Error: L6218E: Undefined symbol eFile_Delete (referred from lab5.o).
.\UARTInts.axf: Error: L6218E: Undefined symbol eFile_Directory (referred from lab5.o).
.\UARTInts.axf: Error: L6218E: Undefined symbol eFile_EndRedirectToFile (referred from lab5.o).
.\UARTInts.axf: Error: L6218E: Undefined symbol eFile_Format (referred from lab5.o).
.\UARTInts.axf: Error: L6218E: Undefined symbol eFile_Init (referred from lab5.o).
.\UARTInts.axf: Error: L6218E: Undefined symbol eFile_ROpen (referred from lab5.o).
.\UARTInts.axf: Error: L6218E: Undefined symbol eFile_ReadNext (referred from lab5.o).
.\UARTInts.axf: Error: L6218E: Undefined symbol eFile_RedirectToFile (referred from lab5.o).
.\UARTInts.axf: Error: L6218E: Undefined symbol eFile_WClose (referred from lab5.o).
.\UARTInts.axf: Error: L6218E: Undefined symbol eFile_WOpen (referred from lab5.o).
.\UARTInts.axf: Error: L6218E: Undefined symbol eFile_Write (referred from lab5.o).
Not enough information to list image symbols.
Finished: 1 information, 0 warning and 12 error messages.
".\UARTInts.axf" - 12 Error(s), 12 Warning(s).
Target not created
f macro "GPIO_PORTA_IS_R" (declared at line 164 of "inc/tm4c123gh6pm.h")
  #define GPIO_PORTA_IS_R         (*((volatile unsigned long *)0x40004404))
C:\Keil\ARM\Inc\Luminary\lm3s8962.h(66): warning:  #47-D: incompatible redefinition of macro "GPIO_PORTA_IBE_R" (declared at line 165 of "inc/tm4c123gh6pm.h")
  #define GPIO_PORTA_IBE_R        (*((volatile unsigned long *)0x40004408))
C:\Keil\ARM\Inc\Luminary\lm3s8962.h(67): warning:  #47-D: incompatible redefinition of macro "GPIO_PORTA_IEV_R" (declared at line 166 of "inc/tm4c123gh6pm.h")
  #define GPIO_PORTA_IEV_R        (*((volatile unsigned long *)0x4000440C))
C:\Keil\ARM\Inc\Luminary\lm3s8962.h(68): warning:  #47-D: incompatible redefinition of macro "GPIO_PORTA_IM_R" (declared at line 167 of "inc/tm4c123gh6pm.h")
  #define GPIO_PORTA_IM_R         (*((volatile unsigned long *)0x40004410))
C:\Keil\ARM\Inc\Luminary\lm3s8962.h(69): warning:  #47-D: incompatible redefinition of macro "GPIO_PORTA_RIS_R" (declared at line 168 of "inc/tm4c123gh6pm.h")
  #define GPIO_PORTA_RIS_R        (*((volatile unsigned long *)0x40004414))
C:\Keil\ARM\Inc\Luminary\lm3s8962.h(70): warning:  #47-D: incompatible redefinition of macro "GPIO_PORTA_MIS_R" (declared at line 169 of "inc/tm4c123gh6pm.h")
  #define GPIO_PORTA_MIS_R        (*((volatile unsigned long *)0x40004418))
C:\Keil\ARM\Inc\Luminary\lm3s8962.h(71): warning:  #47-D: incompatible redefinition of macro "GPIO_PORTA_ICR_R" (declared at line 170 of "inc/tm4c123gh6pm.h")
  #define GPIO_PORTA_ICR_R        (*((volatile unsigned long *)0x4000441C))
C:\Keil\ARM\Inc\Luminary\lm3s8962.h(72): warning:  #47-D: incompatible redefinition of macro "GPIO_PORTA_AFSEL_R" (declared at line 171 of "inc/tm4c123gh6pm.h")
  #define GPIO_PORTA_AFSEL_R      (*((volatile unsigned long *)0x40004420))
C:\Keil\ARM\Inc\Luminary\lm3s8962.h(73): warning:  #47-D: incompatible redefinition of macro "GPIO_PORTA_DR2R_R" (declared at line 172 of "inc/tm4c123gh6pm.h")
  #define GPIO_PORTA_DR2R_R       (*((volatile unsigned long *)0x40004500))
C:\Keil\ARM\Inc\Luminary\lm3s8962.h(74): warning:  #47-D: incompatible redefinition of macro "GPIO_PORTA_DR4R_R" (declared at line 173 of "inc/tm4c123gh6pm.h")
  #define GPIO_PORTA_DR4R_R       (*((volatile unsigned long *)0x40004504))
C:\Keil\ARM\Inc\Luminary\lm3s8962.h(75): warning:  #47-D: incompatible redefinition of macro "GPIO_PORTA_DR8R_R" (declared at line 174 of "inc/tm4c123gh6pm.h")
  #define GPIO_PORTA_DR8R_R       (*((volatile unsigned long *)0x40004508))
C:\Keil\ARM\Inc\Luminary\lm3s8962.h(76): warning:  #47-D: incompatible redefinition of macro "GPIO_PORTA_ODR_R" (declared at line 175 of "inc/tm4c123gh6pm.h")
  #define GPIO_PORTA_ODR_R        (*((volatile unsigned long *)0x4000450C))
C:\Keil\ARM\Inc\Luminary\lm3s8962.h(77): warning:  #47-D: incompatible redefinition of macro "GPIO_PORTA_PUR_R" (declared at line 176 of "inc/tm4c123gh6pm.h")
  #define GPIO_PORTA_PUR_R        (*((volatile unsigned long *)0x40004510))
C:\Keil\ARM\Inc\Luminary\lm3s8962.h(78): warning:  #47-D: incompatible redefinition of macro "GPIO_PORTA_PDR_R" (declared at line 177 of "inc/tm4c123gh6pm.h")
  #define GPIO_PORTA_PDR_R        (*((volatile unsigned long *)0x40004514))
C:\Keil\ARM\Inc\Luminary\lm3s8962.h(79): warning:  #47-D: incompatible redefinition of macro "GPIO_PORTA_SLR_R" (declared at line 178 of "inc/tm4c123gh6pm.h")
  #define GPIO_PORTA_SLR_R        (*((volatile unsigned long *)0x40004518))
C:\Keil\ARM\Inc\Luminary\lm3s8962.h(80): warning:  #47-D: incompatible redefinition of macro "GPIO_PORTA_DEN_R" (declared at line 179 of "inc/tm4c123gh6pm.h")
  #define GPIO_PORTA_DEN_R        (*((volatile unsigned long *)0x4000451C))
C:\Keil\ARM\Inc\Luminary\lm3s8962.h(81): warning:  #47-D: incompatible redefinition of macro "GPIO_PORTA_LOCK_R" (declared at line 180 of "inc/tm4c123gh6pm.h")
  #define GPIO_PORTA_LOCK_R       (*((volatile unsigned long *)0x40004520))
C:\Keil\ARM\Inc\Luminary\lm3s8962.h(82): warning:  #47-D: incompatible redefinition of macro "GPIO_PORTA_CR_R" (declared at line 181 of "inc/tm4c123gh6pm.h")
  #define GPIO_PORTA_CR_R         (*((volatile unsigned long *)0x40004524))
C:\Keil\ARM\Inc\Luminary\lm3s8962.h(89): warning:  #47-D: incompatible redefinition of macro "GPIO_PORTB_DATA_BITS_R" (declared at line 192 of "inc/tm4c123gh6pm.h")
  #define GPIO_PORTB_DATA_BITS_R  ((volatile unsigned long *)0x40005000)
C:\Keil\ARM\Inc\Luminary\lm3s8962.h(90): warning:  #47-D: incompatible redefinition of macro "GPIO_PORTB_DATA_R" (declared at line 193 of "inc/tm4c123gh6pm.h")
  #define GPIO_PORTB_DATA_R       (*((volatile unsigned long *)0x400053FC))
C:\Keil\ARM\Inc\Luminary\lm3s8962.h(91): warning:  #47-D: incompatible redefinition of macro "GPIO_PORTB_DIR_R" (declared at line 194 of "inc/tm4c123gh6pm.h")
  #define GPIO_PORTB_DIR_R        (*((volatile unsigned long *)0x40005400))
C:\Keil\ARM\Inc\Luminary\lm3s8962.h(92): warning:  #47-D: incompatible redefinition of macro "GPIO_PORTB_IS_R" (declared at line 195 of "inc/tm4c123gh6pm.h")
  #define GPIO_PORTB_IS_R         (*((volatile unsigned long *)0x40005404))
C:\Keil\ARM\Inc\Luminary\lm3s8962.h(93): warning:  #47-D: incompatible redefinition of macro "GPIO_PORTB_IBE_R" (declared at line 196 of "inc/tm4c123gh6pm.h")
  #define GPIO_PORTB_IBE_R        (*((volatile unsigned long *)0x40005408))
C:\Keil\ARM\Inc\Luminary\lm3s8962.h(94): warning:  #47-D: incompatible redefinition of macro "GPIO_PORTB_IEV_R" (declared at line 197 of "inc/tm4c123gh6pm.h")
  #define GPIO_PORTB_IEV_R        (*((volatile unsigned long *)0x4000540C))
C:\Keil\ARM\Inc\Luminary\lm3s8962.h(95): warning:  #47-D: incompatible redefinition of macro "GPIO_PORTB_IM_R" (declared at line 198 of "inc/tm4c123gh6pm.h")
  #define GPIO_PORTB_IM_R         (*((volatile unsigned long *)0x40005410))
C:\Keil\ARM\Inc\Luminary\lm3s8962.h(96): warning:  #47-D: incompatible redefinition of macro "GPIO_PORTB_RIS_R" (declared at line 199 of "inc/tm4c123gh6pm.h")
  #define GPIO_PORTB_RIS_R        (*((volatile unsigned long *)0x40005414))
C:\Keil\ARM\Inc\Luminary\lm3s8962.h(97): warning:  #47-D: incompatible redefinition of macro "GPIO_PORTB_MIS_R" (declared at line 200 of "inc/tm4c123gh6pm.h")
  #define GPIO_PORTB_MIS_R        (*((volatile unsigned long *)0x40005418))
C:\Keil\ARM\Inc\Luminary\lm3s8962.h(98): warning:  #47-D: incompatible redefinition of macro "GPIO_PORTB_ICR_R" (declared at line 201 of "inc/tm4c123gh6pm.h")
  #define GPIO_PORTB_ICR_R        (*((volatile unsigned long *)0x4000541C))
C:\Keil\ARM\Inc\Luminary\lm3s8962.h(99): warning:  #47-D: incompatible redefinition of macro "GPIO_PORTB_AFSEL_R" (declared at line 202 of "inc/tm4c123gh6pm.h")
  #define GPIO_PORTB_AFSEL_R      (*((volatile unsigned long *)0x40005420))
C:\Keil\ARM\Inc\Luminary\lm3s8962.h(100): warning:  #47-D: incompatible redefinition of macro "GPIO_PORTB_DR2R_R" (declared at line 203 of "inc/tm4c123gh6pm.h")
  #define GPIO_PORTB_DR2R_R       (*((volatile unsigned long *)0x40005500))
C:\Keil\ARM\Inc\Luminary\lm3s8962.h(101): warning:  #47-D: incompatible redefinition of macro "GPIO_PORTB_DR4R_R" (declared at line 204 of "inc/tm4c123gh6pm.h")
  #define GPIO_PORTB_DR4R_R       (*((volatile unsigned long *)0x40005504))
C:\Keil\ARM\Inc\Luminary\lm3s8962.h(102): warning:  #47-D: incompatible redefinition of macro "GPIO_PORTB_DR8R_R" (declared at line 205 of "inc/tm4c123gh6pm.h")
  #define GPIO_PORTB_DR8R_R       (*((volatile unsigned long *)0x40005508))
C:\Keil\ARM\Inc\Luminary\lm3s8962.h(103): warning:  #47-D: incompatible redefinition of macro "GPIO_PORTB_ODR_R" (declared at line 206 of "inc/tm4c123gh6pm.h")
  #define GPIO_PORTB_ODR_R        (*((volatile unsigned long *)0x4000550C))
C:\Keil\ARM\Inc\Luminary\lm3s8962.h(104): warning:  #47-D: incompatible redefinition of macro "GPIO_PORTB_PUR_R" (declared at line 207 of "inc/tm4c123gh6pm.h")
  #define GPIO_PORTB_PUR_R        (*((volatile unsigned long *)0x40005510))
C:\Keil\ARM\Inc\Luminary\lm3s8962.h(105): warning:  #47-D: incompatible redefinition of macro "GPIO_PORTB_PDR_R" (declared at line 208 of "inc/tm4c123gh6pm.h")
  #define GPIO_PORTB_PDR_R        (*((volatile unsigned long *)0x40005514))
C:\Keil\ARM\Inc\Luminary\lm3s8962.h(106): warning:  #47-D: incompatible redefinition of macro "GPIO_PORTB_SLR_R" (declared at line 209 of "inc/tm4c123gh6pm.h")
  #define GPIO_PORTB_SLR_R        (*((volatile unsigned long *)0x40005518))
C:\Keil\ARM\Inc\Luminary\lm3s8962.h(107): warning:  #47-D: incompatible redefinition of macro "GPIO_PORTB_DEN_R" (declared at line 210 of "inc/tm4c123gh6pm.h")
  #define GPIO_PORTB_DEN_R        (*((volatile unsigned long *)0x4000551C))
C:\Keil\ARM\Inc\Luminary\lm3s8962.h(108): warning:  #47-D: incompatible redefinition of macro "GPIO_PORTB_LOCK_R" (declared at line 211 of "inc/tm4c123gh6pm.h")
  #define GPIO_PORTB_LOCK_R       (*((volatile unsigned long *)0x40005520))
C:\Keil\ARM\Inc\Luminary\lm3s8962.h(109): warning:  #47-D: incompatible redefinition of macro "GPIO_PORTB_CR_R" (declared at line 212 of "inc/tm4c123gh6pm.h")
  #define GPIO_PORTB_CR_R         (*((volatile unsigned long *)0x40005524))
C:\Keil\ARM\Inc\Luminary\lm3s8962.h(116): warning:  #47-D: incompatible redefinition of macro "GPIO_PORTC_DATA_BITS_R" (declared at line 223 of "inc/tm4c123gh6pm.h")
  #define GPIO_PORTC_DATA_BITS_R  ((volatile unsigned long *)0x40006000)
C:\Keil\ARM\Inc\Luminary\lm3s8962.h(117): warning:  #47-D: incompatible redefinition of macro "GPIO_PORTC_DATA_R" (declared at line 224 of "inc/tm4c123gh6pm.h")
  #define GPIO_PORTC_DATA_R       (*((volatile unsigned long *)0x400063FC))
C:\Keil\ARM\Inc\Luminary\lm3s8962.h(118): warning:  #47-D: incompatible redefinition of macro "GPIO_PORTC_DIR_R" (declared at line 225 of "inc/tm4c123gh6pm.h")
  #define GPIO_PORTC_DIR_R        (*((volatile unsigned long *)0x40006400))
C:\Keil\ARM\Inc\Luminary\lm3s8962.h(119): warning:  #47-D: incompatible redefinition of macro "GPIO_PORTC_IS_R" (declared at line 226 of "inc/tm4c123gh6pm.h")
  #define GPIO_PORTC_IS_R         (*((volatile unsigned long *)0x40006404))
C:\Keil\ARM\Inc\Luminary\lm3s8962.h(120): warning:  #47-D: incompatible redefinition of macro "GPIO_PORTC_IBE_R" (declared at line 227 of "inc/tm4c123gh6pm.h")
  #define GPIO_PORTC_IBE_R        (*((volatile unsigned long *)0x40006408))
C:\Keil\ARM\Inc\Luminary\lm3s8962.h(121): warning:  #47-D: incompatible redefinition of macro "GPIO_PORTC_IEV_R" (declared at line 228 of "inc/tm4c123gh6pm.h")
  #define GPIO_PORTC_IEV_R        (*((volatile unsigned long *)0x4000640C))
C:\Keil\ARM\Inc\Luminary\lm3s8962.h(122): warning:  #47-D: incompatible redefinition of macro "GPIO_PORTC_IM_R" (declared at line 229 of "inc/tm4c123gh6pm.h")
  #define GPIO_PORTC_IM_R         (*((volatile unsigned long *)0x40006410))
C:\Keil\ARM\Inc\Luminary\lm3s8962.h(123): warning:  #47-D: incompatible redefinition of macro "GPIO_PORTC_RIS_R" (declared at line 230 of "inc/tm4c123gh6pm.h")
  #define GPIO_PORTC_RIS_R        (*((volatile unsigned long *)0x40006414))
C:\Keil\ARM\Inc\Luminary\lm3s8962.h(124): warning:  #47-D: incompatible redefinition of macro "GPIO_PORTC_MIS_R" (declared at line 231 of "inc/tm4c123gh6pm.h")
  #define GPIO_PORTC_MIS_R        (*((volatile unsigned long *)0x40006418))
C:\Keil\ARM\Inc\Luminary\lm3s8962.h(125): warning:  #47-D: incompatible redefinition of macro "GPIO_PORTC_ICR_R" (declared at line 232 of "inc/tm4c123gh6pm.h")
  #define GPIO_PORTC_ICR_R        (*((volatile unsigned long *)0x4000641C))
C:\Keil\ARM\Inc\Luminary\lm3s8962.h(126): warning:  #47-D: incompatible redefinition of macro "GPIO_PORTC_AFSEL_R" (declared at line 233 of "inc/tm4c123gh6pm.h")
  #define GPIO_PORTC_AFSEL_R      (*((volatile unsigned long *)0x40006420))
C:\Keil\ARM\Inc\Luminary\lm3s8962.h(127): warning:  #47-D: incompatible redefinition of macro "GPIO_PORTC_DR2R_R" (declared at line 234 of "inc/tm4c123gh6pm.h")
  #define GPIO_PORTC_DR2R_R       (*((volatile unsigned long *)0x40006500))
C:\Keil\ARM\Inc\Luminary\lm3s8962.h(128): warning:  #47-D: incompatible redefinition of macro "GPIO_PORTC_DR4R_R" (declared at line 235 of "inc/tm4c123gh6pm.h")
  #define GPIO_PORTC_DR4R_R       (*((volatile unsigned long *)0x40006504))
C:\Keil\ARM\Inc\Luminary\lm3s8962.h(129): warning:  #47-D: incompatible redefinition of macro "GPIO_PORTC_DR8R_R" (declared at line 236 of "inc/tm4c123gh6pm.h")
  #define GPIO_PORTC_DR8R_R       (*((volatile unsigned long *)0x40006508))
C:\Keil\ARM\Inc\Luminary\lm3s8962.h(130): warning:  #47-D: incompatible redefinition of macro "GPIO_PORTC_ODR_R" (declared at line 237 of "inc/tm4c123gh6pm.h")
  #define GPIO_PORTC_ODR_R        (*((volatile unsigned long *)0x4000650C))
C:\Keil\ARM\Inc\Luminary\lm3s8962.h(131): warning:  #47-D: incompatible redefinition of macro "GPIO_PORTC_PUR_R" (declared at line 238 of "inc/tm4c123gh6pm.h")
  #define GPIO_PORTC_PUR_R        (*((volatile unsigned long *)0x40006510))
C:\Keil\ARM\Inc\Luminary\lm3s8962.h(132): warning:  #47-D: incompatible redefinition of macro "GPIO_PORTC_PDR_R" (declared at line 239 of "inc/tm4c123gh6pm.h")
  #define GPIO_PORTC_PDR_R        (*((volatile unsigned long *)0x40006514))
C:\Keil\ARM\Inc\Luminary\lm3s8962.h(133): warning:  #47-D: incompatible redefinition of macro "GPIO_PORTC_SLR_R" (declared at line 240 of "inc/tm4c123gh6pm.h")
  #define GPIO_PORTC_SLR_R        (*((volatile unsigned long *)0x40006518))
C:\Keil\ARM\Inc\Luminary\lm3s8962.h(134): warning:  #47-D: incompatible redefinition of macro "GPIO_PORTC_DEN_R" (declared at line 241 of "inc/tm4c123gh6pm.h")
  #define GPIO_PORTC_DEN_R        (*((volatile unsigned long *)0x4000651C))
C:\Keil\ARM\Inc\Luminary\lm3s8962.h(135): warning:  #47-D: incompatible redefinition of macro "GPIO_PORTC_LOCK_R" (declared at line 242 of "inc/tm4c123gh6pm.h")
  #define GPIO_PORTC_LOCK_R       (*((volatile unsigned long *)0x40006520))
C:\Keil\ARM\Inc\Luminary\lm3s8962.h(136): warning:  #47-D: incompatible redefinition of macro "GPIO_PORTC_CR_R" (declared at line 243 of "inc/tm4c123gh6pm.h")
  #define GPIO_PORTC_CR_R         (*((volatile unsigned long *)0x40006524))
C:\Keil\ARM\Inc\Luminary\lm3s8962.h(143): warning:  #47-D: incompatible redefinition of macro "GPIO_PORTD_DATA_BITS_R" (declared at line 254 of "inc/tm4c123gh6pm.h")
  #define GPIO_PORTD_DATA_BITS_R  ((volatile unsigned long *)0x40007000)
C:\Keil\ARM\Inc\Luminary\lm3s8962.h(144): warning:  #47-D: incompatible redefinition of macro "GPIO_PORTD_DATA_R" (declared at line 255 of "inc/tm4c123gh6pm.h")
  #define GPIO_PORTD_DATA_R       (*((volatile unsigned long *)0x400073FC))
C:\Keil\ARM\Inc\Luminary\lm3s8962.h(145): warning:  #47-D: incompatible redefinition of macro "GPIO_PORTD_DIR_R" (declared at line 256 of "inc/tm4c123gh6pm.h")
  #define GPIO_PORTD_DIR_R        (*((volatile unsigned long *)0x40007400))
C:\Keil\ARM\Inc\Luminary\lm3s8962.h(146): warning:  #47-D: incompatible redefinition of macro "GPIO_PORTD_IS_R" (declared at line 257 of "inc/tm4c123gh6pm.h")
  #define GPIO_PORTD_IS_R         (*((volatile unsigned long *)0x40007404))
C:\Keil\ARM\Inc\Luminary\lm3s8962.h(147): warning:  #47-D: incompatible redefinition of macro "GPIO_PORTD_IBE_R" (declared at line 258 of "inc/tm4c123gh6pm.h")
  #define GPIO_PORTD_IBE_R        (*((volatile unsigned long *)0x40007408))
C:\Keil\ARM\Inc\Luminary\lm3s8962.h(148): warning:  #47-D: incompatible redefinition of macro "GPIO_PORTD_IEV_R" (declared at line 259 of "inc/tm4c123gh6pm.h")
  #define GPIO_PORTD_IEV_R        (*((volatile unsigned long *)0x4000740C))
C:\Keil\ARM\Inc\Luminary\lm3s8962.h(149): warning:  #47-D: incompatible redefinition of macro "GPIO_PORTD_IM_R" (declared at line 260 of "inc/tm4c123gh6pm.h")
  #define GPIO_PORTD_IM_R         (*((volatile unsigned long *)0x40007410))
C:\Keil\ARM\Inc\Luminary\lm3s8962.h(150): warning:  #47-D: incompatible redefinition of macro "GPIO_PORTD_RIS_R" (declared at line 261 of "inc/tm4c123gh6pm.h")
  #define GPIO_PORTD_RIS_R        (*((volatile unsigned long *)0x40007414))
C:\Keil\ARM\Inc\Luminary\lm3s8962.h(151): warning:  #47-D: incompatible redefinition of macro "GPIO_PORTD_MIS_R" (declared at line 262 of "inc/tm4c123gh6pm.h")
  #define GPIO_PORTD_MIS_R        (*((volatile unsigned long *)0x40007418))
C:\Keil\ARM\Inc\Luminary\lm3s8962.h(152): warning:  #47-D: incompatible redefinition of macro "GPIO_PORTD_ICR_R" (declared at line 263 of "inc/tm4c123gh6pm.h")
  #define GPIO_PORTD_ICR_R        (*((volatile unsigned long *)0x4000741C))
C:\Keil\ARM\Inc\Luminary\lm3s8962.h(153): warning:  #47-D: incompatible redefinition of macro "GPIO_PORTD_AFSEL_R" (declared at line 264 of "inc/tm4c123gh6pm.h")
  #define GPIO_PORTD_AFSEL_R      (*((volatile unsigned long *)0x40007420))
C:\Keil\ARM\Inc\Luminary\lm3s8962.h(154): warning:  #47-D: incompatible redefinition of macro "GPIO_PORTD_DR2R_R" (declared at line 265 of "inc/tm4c123gh6pm.h")
  #define GPIO_PORTD_DR2R_R       (*((volatile unsigned long *)0x40007500))
C:\Keil\ARM\Inc\Luminary\lm3s8962.h(155): warning:  #47-D: incompatible redefinition of macro "GPIO_PORTD_DR4R_R" (declared at line 266 of "inc/tm4c123gh6pm.h")
  #define GPIO_PORTD_DR4R_R       (*((volatile unsigned long *)0x40007504))
C:\Keil\ARM\Inc\Luminary\lm3s8962.h(156): warning:  #47-D: incompatible redefinition of macro "GPIO_PORTD_DR8R_R" (declared at line 267 of "inc/tm4c123gh6pm.h")
  #define GPIO_PORTD_DR8R_R       (*((volatile unsigned long *)0x40007508))
C:\Keil\ARM\Inc\Luminary\lm3s8962.h(157): warning:  #47-D: incompatible redefinition of macro "GPIO_PORTD_ODR_R" (declared at line 268 of "inc/tm4c123gh6pm.h")
  #define GPIO_PORTD_ODR_R        (*((volatile unsigned long *)0x4000750C))
C:\Keil\ARM\Inc\Luminary\lm3s8962.h(158): warning:  #47-D: incompatible redefinition of macro "GPIO_PORTD_PUR_R" (declared at line 269 of "inc/tm4c123gh6pm.h")
  #define GPIO_PORTD_PUR_R        (*((volatile unsigned long *)0x40007510))
C:\Keil\ARM\Inc\Luminary\lm3s8962.h(159): warning:  #47-D: incompatible redefinition of macro "GPIO_PORTD_PDR_R" (declared at line 270 of "inc/tm4c123gh6pm.h")
  #define GPIO_PORTD_PDR_R        (*((volatile unsigned long *)0x40007514))
C:\Keil\ARM\Inc\Luminary\lm3s8962.h(160): warning:  #47-D: incompatible redefinition of macro "GPIO_PORTD_SLR_R" (declared at line 271 of "inc/tm4c123gh6pm.h")
  #define GPIO_PORTD_SLR_R        (*((volatile unsigned long *)0x40007518))
C:\Keil\ARM\Inc\Luminary\lm3s8962.h(161): warning:  #47-D: incompatible redefinition of macro "GPIO_PORTD_DEN_R" (declared at line 272 of "inc/tm4c123gh6pm.h")
  #define GPIO_PORTD_DEN_R        (*((volatile unsigned long *)0x4000751C))
C:\Keil\ARM\Inc\Luminary\lm3s8962.h(162): warning:  #47-D: incompatible redefinition of macro "GPIO_PORTD_LOCK_R" (declared at line 273 of "inc/tm4c123gh6pm.h")
  #define GPIO_PORTD_LOCK_R       (*((volatile unsigned long *)0x40007520))
C:\Keil\ARM\Inc\Luminary\lm3s8962.h(163): warning:  #47-D: incompatible redefinition of macro "GPIO_PORTD_CR_R" (declared at line 274 of "inc/tm4c123gh6pm.h")
  #define GPIO_PORTD_CR_R         (*((volatile unsigned long *)0x40007524))
C:\Keil\ARM\Inc\Luminary\lm3s8962.h(170): warning:  #47-D: incompatible redefinition of macro "SSI0_CR0_R" (declared at line 285 of "inc/tm4c123gh6pm.h")
  #define SSI0_CR0_R              (*((volatile unsigned long *)0x40008000))
C:\Keil\ARM\Inc\Luminary\lm3s8962.h(171): warning:  #47-D: incompatible redefinition of macro "SSI0_CR1_R" (declared at line 286 of "inc/tm4c123gh6pm.h")
  #define SSI0_CR1_R              (*((volatile unsigned long *)0x40008004))
C:\Keil\ARM\Inc\Luminary\lm3s8962.h(172): warning:  #47-D: incompatible redefinition of macro "SSI0_DR_R" (declared at line 287 of "inc/tm4c123gh6pm.h")
  #define SSI0_DR_R               (*((volatile unsigned long *)0x40008008))
C:\Keil\ARM\Inc\Luminary\lm3s8962.h(173): warning:  #47-D: incompatible redefinition of macro "SSI0_SR_R" (declared at line 288 of "inc/tm4c123gh6pm.h")
  #define SSI0_SR_R               (*((volatile unsigned long *)0x4000800C))
C:\Keil\ARM\Inc\Luminary\lm3s8962.h(174): warning:  #47-D: incompatible redefinition of macro "SSI0_CPSR_R" (declared at line 289 of "inc/tm4c123gh6pm.h")
  #define SSI0_CPSR_R             (*((volatile unsigned long *)0x40008010))
C:\Keil\ARM\Inc\Luminary\lm3s8962.h(175): warning:  #47-D: incompatible redefinition of macro "SSI0_IM_R" (declared at line 290 of "inc/tm4c123gh6pm.h")
  #define SSI0_IM_R               (*((volatile unsigned long *)0x40008014))
C:\Keil\ARM\Inc\Luminary\lm3s8962.h(176): warning:  #47-D: incompatible redefinition of macro "SSI0_RIS_R" (declared at line 291 of "inc/tm4c123gh6pm.h")
  #define SSI0_RIS_R              (*((volatile unsigned long *)0x40008018))
C:\Keil\ARM\Inc\Luminary\lm3s8962.h(177): warning:  #47-D: incompatible redefinition of macro "SSI0_MIS_R" (declared at line 292 of "inc/tm4c123gh6pm.h")
  #define SSI0_MIS_R              (*((volatile unsigned long *)0x4000801C))
C:\Keil\ARM\Inc\Luminary\lm3s8962.h(178): warning:  #47-D: incompatible redefinition of macro "SSI0_ICR_R" (declared at line 293 of "inc/tm4c123gh6pm.h")
  #define SSI0_ICR_R              (*((volatile unsigned long *)0x40008020))
C:\Keil\ARM\Inc\Luminary\lm3s8962.h(185): warning:  #47-D: incompatible redefinition of macro "UART0_DR_R" (declared at line 353 of "inc/tm4c123gh6pm.h")
  #define UART0_DR_R              (*((volatile unsigned long *)0x4000C000))
C:\Keil\ARM\Inc\Luminary\lm3s8962.h(186): warning:  #47-D: incompatible redefinition of macro "UART0_RSR_R" (declared at line 354 of "inc/tm4c123gh6pm.h")
  #define UART0_RSR_R             (*((volatile unsigned long *)0x4000C004))
C:\Keil\ARM\Inc\Luminary\lm3s8962.h(187): warning:  #47-D: incompatible redefinition of macro "UART0_ECR_R" (declared at line 355 of "inc/tm4c123gh6pm.h")
  #define UART0_ECR_R             (*((volatile unsigned long *)0x4000C004))
C:\Keil\ARM\Inc\Luminary\lm3s8962.h(188): warning:  #47-D: incompatible redefinition of macro "UART0_FR_R" (declared at line 356 of "inc/tm4c123gh6pm.h")
  #define UART0_FR_R              (*((volatile unsigned long *)0x4000C018))
C:\Keil\ARM\Inc\Luminary\lm3s8962.h(189): warning:  #47-D: incompatible redefinition of macro "UART0_ILPR_R" (declared at line 357 of "inc/tm4c123gh6pm.h")
  #define UART0_ILPR_R            (*((volatile unsigned long *)0x4000C020))
C:\Keil\ARM\Inc\Luminary\lm3s8962.h(190): warning:  #47-D: incompatible redefinition of macro "UART0_IBRD_R" (declared at line 358 of "inc/tm4c123gh6pm.h")
  #define UART0_IBRD_R            (*((volatile unsigned long *)0x4000C024))
C:\Keil\ARM\Inc\Luminary\lm3s8962.h(191): warning:  #47-D: incompatible redefinition of macro "UART0_FBRD_R" (declared at line 359 of "inc/tm4c123gh6pm.h")
  #define UART0_FBRD_R            (*((volatile unsigned long *)0x4000C028))
C:\Keil\ARM\Inc\Luminary\lm3s8962.h(192): warning:  #47-D: incompatible redefinition of macro "UART0_LCRH_R" (declared at line 360 of "inc/tm4c123gh6pm.h")
  #define UART0_LCRH_R            (*((volatile unsigned long *)0x4000C02C))
C:\Keil\ARM\Inc\Luminary\lm3s8962.h(193): warning:  #47-D: incompatible redefinition of macro "UART0_CTL_R" (declared at line 361 of "inc/tm4c123gh6pm.h")
  #define UART0_CTL_R             (*((volatile unsigned long *)0x4000C030))
C:\Keil\ARM\Inc\Luminary\lm3s8962.h(194): warning:  #47-D: incompatible redefinition of macro "UART0_IFLS_R" (declared at line 362 of "inc/tm4c123gh6pm.h")
  #define UART0_IFLS_R            (*((volatile unsigned long *)0x4000C034))
C:\Keil\ARM\Inc\Luminary\lm3s8962.h(195): warning:  #47-D: incompatible redefinition of macro "UART0_IM_R" (declared at line 363 of "inc/tm4c123gh6pm.h")
  #define UART0_IM_R              (*((volatile unsigned long *)0x4000C038))
C:\Keil\ARM\Inc\Luminary\lm3s8962.h(196): warning:  #47-D: incompatible redefinition of macro "UART0_RIS_R" (declared at line 364 of "inc/tm4c123gh6pm.h")
  #define UART0_RIS_R             (*((volatile unsigned long *)0x4000C03C))
C:\Keil\ARM\Inc\Luminary\lm3s8962.h(197): warning:  #47-D: incompatible redefinition of macro "UART0_MIS_R" (declared at line 365 of "inc/tm4c123gh6pm.h")
  #define UART0_MIS_R             (*((volatile unsigned long *)0x4000C040))
C:\Keil\ARM\Inc\Luminary\lm3s8962.h(198): warning:  #47-D: incompatible redefinition of macro "UART0_ICR_R" (declared at line 366 of "inc/tm4c123gh6pm.h")
  #define UART0_ICR_R             (*((volatile unsigned long *)0x4000C044))
C:\Keil\ARM\Inc\Luminary\lm3s8962.h(205): warning:  #47-D: incompatible redefinition of macro "UART1_DR_R" (declared at line 378 of "inc/tm4c123gh6pm.h")
  #define UART1_DR_R              (*((volatile unsigned long *)0x4000D000))
C:\Keil\ARM\Inc\Luminary\lm3s8962.h(206): warning:  #47-D: incompatible redefinition of macro "UART1_RSR_R" (declared at line 379 of "inc/tm4c123gh6pm.h")
  #define UART1_RSR_R             (*((volatile unsigned long *)0x4000D004))
C:\Keil\ARM\Inc\Luminary\lm3s8962.h(207): warning:  #47-D: incompatible redefinition of macro "UART1_ECR_R" (declared at line 380 of "inc/tm4c123gh6pm.h")
  #define UART1_ECR_R             (*((volatile unsigned long *)0x4000D004))
C:\Keil\ARM\Inc\Luminary\lm3s8962.h(208): warning:  #47-D: incompatible redefinition of macro "UART1_FR_R" (declared at line 381 of "inc/tm4c123gh6pm.h")
  #define UART1_FR_R              (*((volatile unsigned long *)0x4000D018))
C:\Keil\ARM\Inc\Luminary\lm3s8962.h(209): warning:  #47-D: incompatible redefinition of macro "UART1_ILPR_R" (declared at line 382 of "inc/tm4c123gh6pm.h")
  #define UART1_ILPR_R            (*((volatile unsigned long *)0x4000D020))
C:\Keil\ARM\Inc\Luminary\lm3s8962.h(210): warning:  #47-D: incompatible redefinition of macro "UART1_IBRD_R" (declared at line 383 of "inc/tm4c123gh6pm.h")
  #define UART1_IBRD_R            (*((volatile unsigned long *)0x4000D024))
C:\Keil\ARM\Inc\Luminary\lm3s8962.h(211): warning:  #47-D: incompatible redefinition of macro "UART1_FBRD_R" (declared at line 384 of "inc/tm4c123gh6pm.h")
  #define UART1_FBRD_R            (*((volatile unsigned long *)0x4000D028))
C:\Keil\ARM\Inc\Luminary\lm3s8962.h(212): warning:  #47-D: incompatible redefinition of macro "UART1_LCRH_R" (declared at line 385 of "inc/tm4c123gh6pm.h")
  #define UART1_LCRH_R            (*((volatile unsigned long *)0x4000D02C))
C:\Keil\ARM\Inc\Luminary\lm3s8962.h(213): warning:  #47-D: incompatible redefinition of macro "UART1_CTL_R" (declared at line 386 of "inc/tm4c123gh6pm.h")
  #define UART1_CTL_R             (*((volatile unsigned long *)0x4000D030))
C:\Keil\ARM\Inc\Luminary\lm3s8962.h(214): warning:  #47-D: incompatible redefinition of macro "UART1_IFLS_R" (declared at line 387 of "inc/tm4c123gh6pm.h")
  #define UART1_IFLS_R            (*((volatile unsigned long *)0x4000D034))
C:\Keil\ARM\Inc\Luminary\lm3s8962.h(215): warning:  #47-D: incompatible redefinition of macro "UART1_IM_R" (declared at line 388 of "inc/tm4c123gh6pm.h")
  #define UART1_IM_R              (*((volatile unsigned long *)0x4000D038))
C:\Keil\ARM\Inc\Luminary\lm3s8962.h(216): warning:  #47-D: incompatible redefinition of macro "UART1_RIS_R" (declared at line 389 of "inc/tm4c123gh6pm.h")
  #define UART1_RIS_R             (*((volatile unsigned long *)0x4000D03C))
C:\Keil\ARM\Inc\Luminary\lm3s8962.h(217): warning:  #47-D: incompatible redefinition of macro "UART1_MIS_R" (declared at line 390 of "inc/tm4c123gh6pm.h")
  #define UART1_MIS_R             (*((volatile unsigned long *)0x4000D040))
C:\Keil\ARM\Inc\Luminary\lm3s8962.h(218): warning:  #47-D: incompatible redefinition of macro "UART1_ICR_R" (declared at line 391 of "inc/tm4c123gh6pm.h")
  #define UART1_ICR_R             (*((volatile unsigned long *)0x4000D044))
C:\Keil\ARM\Inc\Luminary\lm3s8962.h(253): warning:  #47-D: incompatible redefinition of macro "GPIO_PORTE_DATA_BITS_R" (declared at line 669 of "inc/tm4c123gh6pm.h")
  #define GPIO_PORTE_DATA_BITS_R  ((volatile unsigned long *)0x40024000)
C:\Keil\ARM\Inc\Luminary\lm3s8962.h(254): warning:  #47-D: incompatible redefinition of macro "GPIO_PORTE_DATA_R" (declared at line 670 of "inc/tm4c123gh6pm.h")
  #define GPIO_PORTE_DATA_R       (*((volatile unsigned long *)0x400243FC))
C:\Keil\ARM\Inc\Luminary\lm3s8962.h(255): warning:  #47-D: incompatible redefinition of macro "GPIO_PORTE_DIR_R" (declared at line 671 of "inc/tm4c123gh6pm.h")
  #define GPIO_PORTE_DIR_R        (*((volatile unsigned long *)0x40024400))
C:\Keil\ARM\Inc\Luminary\lm3s8962.h(256): warning:  #47-D: incompatible redefinition of macro "GPIO_PORTE_IS_R" (declared at line 672 of "inc/tm4c123gh6pm.h")
  #define GPIO_PORTE_IS_R         (*((volatile unsigned long *)0x40024404))
C:\Keil\ARM\Inc\Luminary\lm3s8962.h(257): warning:  #47-D: incompatible redefinition of macro "GPIO_PORTE_IBE_R" (declared at line 673 of "inc/tm4c123gh6pm.h")
  #define GPIO_PORTE_IBE_R        (*((volatile unsigned long *)0x40024408))
C:\Keil\ARM\Inc\Luminary\lm3s8962.h(258): warning:  #47-D: incompatible redefinition of macro "GPIO_PORTE_IEV_R" (declared at line 674 of "inc/tm4c123gh6pm.h")
  #define GPIO_PORTE_IEV_R        (*((volatile unsigned long *)0x4002440C))
C:\Keil\ARM\Inc\Luminary\lm3s8962.h(259): warning:  #47-D: incompatible redefinition of macro "GPIO_PORTE_IM_R" (declared at line 675 of "inc/tm4c123gh6pm.h")
  #define GPIO_PORTE_IM_R         (*((volatile unsigned long *)0x40024410))
C:\Keil\ARM\Inc\Luminary\lm3s8962.h(260): warning:  #47-D: incompatible redefinition of macro "GPIO_PORTE_RIS_R" (declared at line 676 of "inc/tm4c123gh6pm.h")
  #define GPIO_PORTE_RIS_R        (*((volatile unsigned long *)0x40024414))
C:\Keil\ARM\Inc\Luminary\lm3s8962.h(261): warning:  #47-D: incompatible redefinition of macro "GPIO_PORTE_MIS_R" (declared at line 677 of "inc/tm4c123gh6pm.h")
  #define GPIO_PORTE_MIS_R        (*((volatile unsigned long *)0x40024418))
C:\Keil\ARM\Inc\Luminary\lm3s8962.h(262): warning:  #47-D: incompatible redefinition of macro "GPIO_PORTE_ICR_R" (declared at line 678 of "inc/tm4c123gh6pm.h")
  #define GPIO_PORTE_ICR_R        (*((volatile unsigned long *)0x4002441C))
C:\Keil\ARM\Inc\Luminary\lm3s8962.h(263): warning:  #47-D: incompatible redefinition of macro "GPIO_PORTE_AFSEL_R" (declared at line 679 of "inc/tm4c123gh6pm.h")
  #define GPIO_PORTE_AFSEL_R      (*((volatile unsigned long *)0x40024420))
C:\Keil\ARM\Inc\Luminary\lm3s8962.h(264): warning:  #47-D: incompatible redefinition of macro "GPIO_PORTE_DR2R_R" (declared at line 680 of "inc/tm4c123gh6pm.h")
  #define GPIO_PORTE_DR2R_R       (*((volatile unsigned long *)0x40024500))
C:\Keil\ARM\Inc\Luminary\lm3s8962.h(265): warning:  #47-D: incompatible redefinition of macro "GPIO_PORTE_DR4R_R" (declared at line 681 of "inc/tm4c123gh6pm.h")
  #define GPIO_PORTE_DR4R_R       (*((volatile unsigned long *)0x40024504))
C:\Keil\ARM\Inc\Luminary\lm3s8962.h(266): warning:  #47-D: incompatible redefinition of macro "GPIO_PORTE_DR8R_R" (declared at line 682 of "inc/tm4c123gh6pm.h")
  #define GPIO_PORTE_DR8R_R       (*((volatile unsigned long *)0x40024508))
C:\Keil\ARM\Inc\Luminary\lm3s8962.h(267): warning:  #47-D: incompatible redefinition of macro "GPIO_PORTE_ODR_R" (declared at line 683 of "inc/tm4c123gh6pm.h")
  #define GPIO_PORTE_ODR_R        (*((volatile unsigned long *)0x4002450C))
C:\Keil\ARM\Inc\Luminary\lm3s8962.h(268): warning:  #47-D: incompatible redefinition of macro "GPIO_PORTE_PUR_R" (declared at line 684 of "inc/tm4c123gh6pm.h")
  #define GPIO_PORTE_PUR_R        (*((volatile unsigned long *)0x40024510))
C:\Keil\ARM\Inc\Luminary\lm3s8962.h(269): warning:  #47-D: incompatible redefinition of macro "GPIO_PORTE_PDR_R" (declared at line 685 of "inc/tm4c123gh6pm.h")
  #define GPIO_PORTE_PDR_R        (*((volatile unsigned long *)0x40024514))
C:\Keil\ARM\Inc\Luminary\lm3s8962.h(270): warning:  #47-D: incompatible redefinition of macro "GPIO_PORTE_SLR_R" (declared at line 686 of "inc/tm4c123gh6pm.h")
  #define GPIO_PORTE_SLR_R        (*((volatile unsigned long *)0x40024518))
C:\Keil\ARM\Inc\Luminary\lm3s8962.h(271): warning:  #47-D: incompatible redefinition of macro "GPIO_PORTE_DEN_R" (declared at line 687 of "inc/tm4c123gh6pm.h")
  #define GPIO_PORTE_DEN_R        (*((volatile unsigned long *)0x4002451C))
C:\Keil\ARM\Inc\Luminary\lm3s8962.h(272): warning:  #47-D: incompatible redefinition of macro "GPIO_PORTE_LOCK_R" (declared at line 688 of "inc/tm4c123gh6pm.h")
  #define GPIO_PORTE_LOCK_R       (*((volatile unsigned long *)0x40024520))
C:\Keil\ARM\Inc\Luminary\lm3s8962.h(273): warning:  #47-D: incompatible redefinition of macro "GPIO_PORTE_CR_R" (declared at line 689 of "inc/tm4c123gh6pm.h")
  #define GPIO_PORTE_CR_R         (*((volatile unsigned long *)0x40024524))
C:\Keil\ARM\Inc\Luminary\lm3s8962.h(280): warning:  #47-D: incompatible redefinition of macro "GPIO_PORTF_DATA_BITS_R" (declared at line 700 of "inc/tm4c123gh6pm.h")
  #define GPIO_PORTF_DATA_BITS_R  ((volatile unsigned long *)0x40025000)
C:\Keil\ARM\Inc\Luminary\lm3s8962.h(281): warning:  #47-D: incompatible redefinition of macro "GPIO_PORTF_DATA_R" (declared at line 701 of "inc/tm4c123gh6pm.h")
  #define GPIO_PORTF_DATA_R       (*((volatile unsigned long *)0x400253FC))
C:\Keil\ARM\Inc\Luminary\lm3s8962.h(282): warning:  #47-D: incompatible redefinition of macro "GPIO_PORTF_DIR_R" (declared at line 702 of "inc/tm4c123gh6pm.h")
  #define GPIO_PORTF_DIR_R        (*((volatile unsigned long *)0x40025400))
C:\Keil\ARM\Inc\Luminary\lm3s8962.h(283): warning:  #47-D: incompatible redefinition of macro "GPIO_PORTF_IS_R" (declared at line 703 of "inc/tm4c123gh6pm.h")
  #define GPIO_PORTF_IS_R         (*((volatile unsigned long *)0x40025404))
C:\Keil\ARM\Inc\Luminary\lm3s8962.h(284): warning:  #47-D: incompatible redefinition of macro "GPIO_PORTF_IBE_R" (declared at line 704 of "inc/tm4c123gh6pm.h")
  #define GPIO_PORTF_IBE_R        (*((volatile unsigned long *)0x40025408))
C:\Keil\ARM\Inc\Luminary\lm3s8962.h(285): warning:  #47-D: incompatible redefinition of macro "GPIO_PORTF_IEV_R" (declared at line 705 of "inc/tm4c123gh6pm.h")
  #define GPIO_PORTF_IEV_R        (*((volatile unsigned long *)0x4002540C))
C:\Keil\ARM\Inc\Luminary\lm3s8962.h(286): warning:  #47-D: incompatible redefinition of macro "GPIO_PORTF_IM_R" (declared at line 706 of "inc/tm4c123gh6pm.h")
  #define GPIO_PORTF_IM_R         (*((volatile unsigned long *)0x40025410))
C:\Keil\ARM\Inc\Luminary\lm3s8962.h(287): warning:  #47-D: incompatible redefinition of macro "GPIO_PORTF_RIS_R" (declared at line 707 of "inc/tm4c123gh6pm.h")
  #define GPIO_PORTF_RIS_R        (*((volatile unsigned long *)0x40025414))
C:\Keil\ARM\Inc\Luminary\lm3s8962.h(288): warning:  #47-D: incompatible redefinition of macro "GPIO_PORTF_MIS_R" (declared at line 708 of "inc/tm4c123gh6pm.h")
  #define GPIO_PORTF_MIS_R        (*((volatile unsigned long *)0x40025418))
C:\Keil\ARM\Inc\Luminary\lm3s8962.h(289): warning:  #47-D: incompatible redefinition of macro "GPIO_PORTF_ICR_R" (declared at line 709 of "inc/tm4c123gh6pm.h")
  #define GPIO_PORTF_ICR_R        (*((volatile unsigned long *)0x4002541C))
C:\Keil\ARM\Inc\Luminary\lm3s8962.h(290): warning:  #47-D: incompatible redefinition of macro "GPIO_PORTF_AFSEL_R" (declared at line 710 of "inc/tm4c123gh6pm.h")
  #define GPIO_PORTF_AFSEL_R      (*((volatile unsigned long *)0x40025420))
C:\Keil\ARM\Inc\Luminary\lm3s8962.h(291): warning:  #47-D: incompatible redefinition of macro "GPIO_PORTF_DR2R_R" (declared at line 711 of "inc/tm4c123gh6pm.h")
  #define GPIO_PORTF_DR2R_R       (*((volatile unsigned long *)0x40025500))
C:\Keil\ARM\Inc\Luminary\lm3s8962.h(292): warning:  #47-D: incompatible redefinition of macro "GPIO_PORTF_DR4R_R" (declared at line 712 of "inc/tm4c123gh6pm.h")
  #define GPIO_PORTF_DR4R_R       (*((volatile unsigned long *)0x40025504))
C:\Keil\ARM\Inc\Luminary\lm3s8962.h(293): warning:  #47-D: incompatible redefinition of macro "GPIO_PORTF_DR8R_R" (declared at line 713 of "inc/tm4c123gh6pm.h")
  #define GPIO_PORTF_DR8R_R       (*((volatile unsigned long *)0x40025508))
C:\Keil\ARM\Inc\Luminary\lm3s8962.h(294): warning:  #47-D: incompatible redefinition of macro "GPIO_PORTF_ODR_R" (declared at line 714 of "inc/tm4c123gh6pm.h")
  #define GPIO_PORTF_ODR_R        (*((volatile unsigned long *)0x4002550C))
C:\Keil\ARM\Inc\Luminary\lm3s8962.h(295): warning:  #47-D: incompatible redefinition of macro "GPIO_PORTF_PUR_R" (declared at line 715 of "inc/tm4c123gh6pm.h")
  #define GPIO_PORTF_PUR_R        (*((volatile unsigned long *)0x40025510))
C:\Keil\ARM\Inc\Luminary\lm3s8962.h(296): warning:  #47-D: incompatible redefinition of macro "GPIO_PORTF_PDR_R" (declared at line 716 of "inc/tm4c123gh6pm.h")
  #define GPIO_PORTF_PDR_R        (*((volatile unsigned long *)0x40025514))
C:\Keil\ARM\Inc\Luminary\lm3s8962.h(297): warning:  #47-D: incompatible redefinition of macro "GPIO_PORTF_SLR_R" (declared at line 717 of "inc/tm4c123gh6pm.h")
  #define GPIO_PORTF_SLR_R        (*((volatile unsigned long *)0x40025518))
C:\Keil\ARM\Inc\Luminary\lm3s8962.h(298): warning:  #47-D: incompatible redefinition of macro "GPIO_PORTF_DEN_R" (declared at line 718 of "inc/tm4c123gh6pm.h")
  #define GPIO_PORTF_DEN_R        (*((volatile unsigned long *)0x4002551C))
C:\Keil\ARM\Inc\Luminary\lm3s8962.h(299): warning:  #47-D: incompatible redefinition of macro "GPIO_PORTF_LOCK_R" (declared at line 719 of "inc/tm4c123gh6pm.h")
  #define GPIO_PORTF_LOCK_R       (*((volatile unsigned long *)0x40025520))
C:\Keil\ARM\Inc\Luminary\lm3s8962.h(300): warning:  #47-D: incompatible redefinition of macro "GPIO_PORTF_CR_R" (declared at line 720 of "inc/tm4c123gh6pm.h")
  #define GPIO_PORTF_CR_R         (*((volatile unsigned long *)0x40025524))
C:\Keil\ARM\Inc\Luminary\lm3s8962.h(388): warning:  #47-D: incompatible redefinition of macro "PWM0_CTL_R" (declared at line 731 of "inc/tm4c123gh6pm.h")
  #define PWM0_CTL_R              (*((volatile unsigned long *)0x40028000))
C:\Keil\ARM\Inc\Luminary\lm3s8962.h(389): warning:  #47-D: incompatible redefinition of macro "PWM0_SYNC_R" (declared at line 732 of "inc/tm4c123gh6pm.h")
  #define PWM0_SYNC_R             (*((volatile unsigned long *)0x40028004))
C:\Keil\ARM\Inc\Luminary\lm3s8962.h(390): warning:  #47-D: incompatible redefinition of macro "PWM0_ENABLE_R" (declared at line 733 of "inc/tm4c123gh6pm.h")
  #define PWM0_ENABLE_R           (*((volatile unsigned long *)0x40028008))
C:\Keil\ARM\Inc\Luminary\lm3s8962.h(391): warning:  #47-D: incompatible redefinition of macro "PWM0_INVERT_R" (declared at line 734 of "inc/tm4c123gh6pm.h")
  #define PWM0_INVERT_R           (*((volatile unsigned long *)0x4002800C))
C:\Keil\ARM\Inc\Luminary\lm3s8962.h(392): warning:  #47-D: incompatible redefinition of macro "PWM0_FAULT_R" (declared at line 735 of "inc/tm4c123gh6pm.h")
  #define PWM0_FAULT_R            (*((volatile unsigned long *)0x40028010))
C:\Keil\ARM\Inc\Luminary\lm3s8962.h(393): warning:  #47-D: incompatible redefinition of macro "PWM0_INTEN_R" (declared at line 736 of "inc/tm4c123gh6pm.h")
  #define PWM0_INTEN_R            (*((volatile unsigned long *)0x40028014))
C:\Keil\ARM\Inc\Luminary\lm3s8962.h(394): warning:  #47-D: incompatible redefinition of macro "PWM0_RIS_R" (declared at line 737 of "inc/tm4c123gh6pm.h")
  #define PWM0_RIS_R              (*((volatile unsigned long *)0x40028018))
C:\Keil\ARM\Inc\Luminary\lm3s8962.h(395): warning:  #47-D: incompatible redefinition of macro "PWM0_ISC_R" (declared at line 738 of "inc/tm4c123gh6pm.h")
  #define PWM0_ISC_R              (*((volatile unsigned long *)0x4002801C))
C:\Keil\ARM\Inc\Luminary\lm3s8962.h(396): warning:  #47-D: incompatible redefinition of macro "PWM0_STATUS_R" (declared at line 739 of "inc/tm4c123gh6pm.h")
  #define PWM0_STATUS_R           (*((volatile unsigned long *)0x40028020))
C:\Keil\ARM\Inc\Luminary\lm3s8962.h(397): warning:  #47-D: incompatible redefinition of macro "PWM0_0_CTL_R" (declared at line 742 of "inc/tm4c123gh6pm.h")
  #define PWM0_0_CTL_R            (*((volatile unsigned long *)0x40028040))
C:\Keil\ARM\Inc\Luminary\lm3s8962.h(398): warning:  #47-D: incompatible redefinition of macro "PWM0_0_INTEN_R" (declared at line 743 of "inc/tm4c123gh6pm.h")
  #define PWM0_0_INTEN_R          (*((volatile unsigned long *)0x40028044))
C:\Keil\ARM\Inc\Luminary\lm3s8962.h(399): warning:  #47-D: incompatible redefinition of macro "PWM0_0_RIS_R" (declared at line 744 of "inc/tm4c123gh6pm.h")
  #define PWM0_0_RIS_R            (*((volatile unsigned long *)0x40028048))
C:\Keil\ARM\Inc\Luminary\lm3s8962.h(400): warning:  #47-D: incompatible redefinition of macro "PWM0_0_ISC_R" (declared at line 745 of "inc/tm4c123gh6pm.h")
  #define PWM0_0_ISC_R            (*((volatile unsigned long *)0x4002804C))
C:\Keil\ARM\Inc\Luminary\lm3s8962.h(401): warning:  #47-D: incompatible redefinition of macro "PWM0_0_LOAD_R" (declared at line 746 of "inc/tm4c123gh6pm.h")
  #define PWM0_0_LOAD_R           (*((volatile unsigned long *)0x40028050))
C:\Keil\ARM\Inc\Luminary\lm3s8962.h(402): warning:  #47-D: incompatible redefinition of macro "PWM0_0_COUNT_R" (declared at line 747 of "inc/tm4c123gh6pm.h")
  #define PWM0_0_COUNT_R          (*((volatile unsigned long *)0x40028054))
C:\Keil\ARM\Inc\Luminary\lm3s8962.h(403): warning:  #47-D: incompatible redefinition of macro "PWM0_0_CMPA_R" (declared at line 748 of "inc/tm4c123gh6pm.h")
  #define PWM0_0_CMPA_R           (*((volatile unsigned long *)0x40028058))
C:\Keil\ARM\Inc\Luminary\lm3s8962.h(404): warning:  #47-D: incompatible redefinition of macro "PWM0_0_CMPB_R" (declared at line 749 of "inc/tm4c123gh6pm.h")
  #define PWM0_0_CMPB_R           (*((volatile unsigned long *)0x4002805C))
C:\Keil\ARM\Inc\Luminary\lm3s8962.h(405): warning:  #47-D: incompatible redefinition of macro "PWM0_0_GENA_R" (declared at line 750 of "inc/tm4c123gh6pm.h")
  #define PWM0_0_GENA_R           (*((volatile unsigned long *)0x40028060))
C:\Keil\ARM\Inc\Luminary\lm3s8962.h(406): warning:  #47-D: incompatible redefinition of macro "PWM0_0_GENB_R" (declared at line 751 of "inc/tm4c123gh6pm.h")
  #define PWM0_0_GENB_R           (*((volatile unsigned long *)0x40028064))
C:\Keil\ARM\Inc\Luminary\lm3s8962.h(407): warning:  #47-D: incompatible redefinition of macro "PWM0_0_DBCTL_R" (declared at line 752 of "inc/tm4c123gh6pm.h")
  #define PWM0_0_DBCTL_R          (*((volatile unsigned long *)0x40028068))
C:\Keil\ARM\Inc\Luminary\lm3s8962.h(408): warning:  #47-D: incompatible redefinition of macro "PWM0_0_DBRISE_R" (declared at line 753 of "inc/tm4c123gh6pm.h")
  #define PWM0_0_DBRISE_R         (*((volatile unsigned long *)0x4002806C))
C:\Keil\ARM\Inc\Luminary\lm3s8962.h(409): warning:  #47-D: incompatible redefinition of macro "PWM0_0_DBFALL_R" (declared at line 754 of "inc/tm4c123gh6pm.h")
  #define PWM0_0_DBFALL_R         (*((volatile unsigned long *)0x40028070))
C:\Keil\ARM\Inc\Luminary\lm3s8962.h(410): warning:  #47-D: incompatible redefinition of macro "PWM0_1_CTL_R" (declared at line 758 of "inc/tm4c123gh6pm.h")
  #define PWM0_1_CTL_R            (*((volatile unsigned long *)0x40028080))
C:\Keil\ARM\Inc\Luminary\lm3s8962.h(411): warning:  #47-D: incompatible redefinition of macro "PWM0_1_INTEN_R" (declared at line 759 of "inc/tm4c123gh6pm.h")
  #define PWM0_1_INTEN_R          (*((volatile unsigned long *)0x40028084))
C:\Keil\ARM\Inc\Luminary\lm3s8962.h(412): warning:  #47-D: incompatible redefinition of macro "PWM0_1_RIS_R" (declared at line 760 of "inc/tm4c123gh6pm.h")
  #define PWM0_1_RIS_R            (*((volatile unsigned long *)0x40028088))
C:\Keil\ARM\Inc\Luminary\lm3s8962.h(413): warning:  #47-D: incompatible redefinition of macro "PWM0_1_ISC_R" (declared at line 761 of "inc/tm4c123gh6pm.h")
  #define PWM0_1_ISC_R            (*((volatile unsigned long *)0x4002808C))
C:\Keil\ARM\Inc\Luminary\lm3s8962.h(414): warning:  #47-D: incompatible redefinition of macro "PWM0_1_LOAD_R" (declared at line 762 of "inc/tm4c123gh6pm.h")
  #define PWM0_1_LOAD_R           (*((volatile unsigned long *)0x40028090))
C:\Keil\ARM\Inc\Luminary\lm3s8962.h(415): warning:  #47-D: incompatible redefinition of macro "PWM0_1_COUNT_R" (declared at line 763 of "inc/tm4c123gh6pm.h")
  #define PWM0_1_COUNT_R          (*((volatile unsigned long *)0x40028094))
C:\Keil\ARM\Inc\Luminary\lm3s8962.h(416): warning:  #47-D: incompatible redefinition of macro "PWM0_1_CMPA_R" (declared at line 764 of "inc/tm4c123gh6pm.h")
  #define PWM0_1_CMPA_R           (*((volatile unsigned long *)0x40028098))
C:\Keil\ARM\Inc\Luminary\lm3s8962.h(417): warning:  #47-D: incompatible redefinition of macro "PWM0_1_CMPB_R" (declared at line 765 of "inc/tm4c123gh6pm.h")
  #define PWM0_1_CMPB_R           (*((volatile unsigned long *)0x4002809C))
C:\Keil\ARM\Inc\Luminary\lm3s8962.h(418): warning:  #47-D: incompatible redefinition of macro "PWM0_1_GENA_R" (declared at line 766 of "inc/tm4c123gh6pm.h")
  #define PWM0_1_GENA_R           (*((volatile unsigned long *)0x400280A0))
C:\Keil\ARM\Inc\Luminary\lm3s8962.h(419): warning:  #47-D: incompatible redefinition of macro "PWM0_1_GENB_R" (declared at line 767 of "inc/tm4c123gh6pm.h")
  #define PWM0_1_GENB_R           (*((volatile unsigned long *)0x400280A4))
C:\Keil\ARM\Inc\Luminary\lm3s8962.h(420): warning:  #47-D: incompatible redefinition of macro "PWM0_1_DBCTL_R" (declared at line 768 of "inc/tm4c123gh6pm.h")
  #define PWM0_1_DBCTL_R          (*((volatile unsigned long *)0x400280A8))
C:\Keil\ARM\Inc\Luminary\lm3s8962.h(421): warning:  #47-D: incompatible redefinition of macro "PWM0_1_DBRISE_R" (declared at line 769 of "inc/tm4c123gh6pm.h")
  #define PWM0_1_DBRISE_R         (*((volatile unsigned long *)0x400280AC))
C:\Keil\ARM\Inc\Luminary\lm3s8962.h(422): warning:  #47-D: incompatible redefinition of macro "PWM0_1_DBFALL_R" (declared at line 770 of "inc/tm4c123gh6pm.h")
  #define PWM0_1_DBFALL_R         (*((volatile unsigned long *)0x400280B0))
C:\Keil\ARM\Inc\Luminary\lm3s8962.h(423): warning:  #47-D: incompatible redefinition of macro "PWM0_2_CTL_R" (declared at line 774 of "inc/tm4c123gh6pm.h")
  #define PWM0_2_CTL_R            (*((volatile unsigned long *)0x400280C0))
C:\Keil\ARM\Inc\Luminary\lm3s8962.h(424): warning:  #47-D: incompatible redefinition of macro "PWM0_2_INTEN_R" (declared at line 775 of "inc/tm4c123gh6pm.h")
  #define PWM0_2_INTEN_R          (*((volatile unsigned long *)0x400280C4))
C:\Keil\ARM\Inc\Luminary\lm3s8962.h(425): warning:  #47-D: incompatible redefinition of macro "PWM0_2_RIS_R" (declared at line 776 of "inc/tm4c123gh6pm.h")
  #define PWM0_2_RIS_R            (*((volatile unsigned long *)0x400280C8))
C:\Keil\ARM\Inc\Luminary\lm3s8962.h(426): warning:  #47-D: incompatible redefinition of macro "PWM0_2_ISC_R" (declared at line 777 of "inc/tm4c123gh6pm.h")
  #define PWM0_2_ISC_R            (*((volatile unsigned long *)0x400280CC))
C:\Keil\ARM\Inc\Luminary\lm3s8962.h(427): warning:  #47-D: incompatible redefinition of macro "PWM0_2_LOAD_R" (declared at line 778 of "inc/tm4c123gh6pm.h")
  #define PWM0_2_LOAD_R           (*((volatile unsigned long *)0x400280D0))
C:\Keil\ARM\Inc\Luminary\lm3s8962.h(428): warning:  #47-D: incompatible redefinition of macro "PWM0_2_COUNT_R" (declared at line 779 of "inc/tm4c123gh6pm.h")
  #define PWM0_2_COUNT_R          (*((volatile unsigned long *)0x400280D4))
C:\Keil\ARM\Inc\Luminary\lm3s8962.h(429): warning:  #47-D: incompatible redefinition of macro "PWM0_2_CMPA_R" (declared at line 780 of "inc/tm4c123gh6pm.h")
  #define PWM0_2_CMPA_R           (*((volatile unsigned long *)0x400280D8))
C:\Keil\ARM\Inc\Luminary\lm3s8962.h(430): warning:  #47-D: incompatible redefinition of macro "PWM0_2_CMPB_R" (declared at line 781 of "inc/tm4c123gh6pm.h")
  #define PWM0_2_CMPB_R           (*((volatile unsigned long *)0x400280DC))
C:\Keil\ARM\Inc\Luminary\lm3s8962.h(431): warning:  #47-D: incompatible redefinition of macro "PWM0_2_GENA_R" (declared at line 782 of "inc/tm4c123gh6pm.h")
  #define PWM0_2_GENA_R           (*((volatile unsigned long *)0x400280E0))
C:\Keil\ARM\Inc\Luminary\lm3s8962.h(432): warning:  #47-D: incompatible redefinition of macro "PWM0_2_GENB_R" (declared at line 783 of "inc/tm4c123gh6pm.h")
  #define PWM0_2_GENB_R           (*((volatile unsigned long *)0x400280E4))
C:\Keil\ARM\Inc\Luminary\lm3s8962.h(433): warning:  #47-D: incompatible redefinition of macro "PWM0_2_DBCTL_R" (declared at line 784 of "inc/tm4c123gh6pm.h")
  #define PWM0_2_DBCTL_R          (*((volatile unsigned long *)0x400280E8))
C:\Keil\ARM\Inc\Luminary\lm3s8962.h(434): warning:  #47-D: incompatible redefinition of macro "PWM0_2_DBRISE_R" (declared at line 785 of "inc/tm4c123gh6pm.h")
  #define PWM0_2_DBRISE_R         (*((volatile unsigned long *)0x400280EC))
C:\Keil\ARM\Inc\Luminary\lm3s8962.h(435): warning:  #47-D: incompatible redefinition of macro "PWM0_2_DBFALL_R" (declared at line 786 of "inc/tm4c123gh6pm.h")
  #define PWM0_2_DBFALL_R         (*((volatile unsigned long *)0x400280F0))
C:\Keil\ARM\Inc\Luminary\lm3s8962.h(442): warning:  #47-D: incompatible redefinition of macro "QEI0_CTL_R" (declared at line 915 of "inc/tm4c123gh6pm.h")
  #define QEI0_CTL_R              (*((volatile unsigned long *)0x4002C000))
C:\Keil\ARM\Inc\Luminary\lm3s8962.h(443): warning:  #47-D: incompatible redefinition of macro "QEI0_STAT_R" (declared at line 916 of "inc/tm4c123gh6pm.h")
  #define QEI0_STAT_R             (*((volatile unsigned long *)0x4002C004))
C:\Keil\ARM\Inc\Luminary\lm3s8962.h(444): warning:  #47-D: incompatible redefinition of macro "QEI0_POS_R" (declared at line 917 of "inc/tm4c123gh6pm.h")
  #define QEI0_POS_R              (*((volatile unsigned long *)0x4002C008))
C:\Keil\ARM\Inc\Luminary\lm3s8962.h(445): warning:  #47-D: incompatible redefinition of macro "QEI0_MAXPOS_R" (declared at line 918 of "inc/tm4c123gh6pm.h")
  #define QEI0_MAXPOS_R           (*((volatile unsigned long *)0x4002C00C))
C:\Keil\ARM\Inc\Luminary\lm3s8962.h(446): warning:  #47-D: incompatible redefinition of macro "QEI0_LOAD_R" (declared at line 919 of "inc/tm4c123gh6pm.h")
  #define QEI0_LOAD_R             (*((volatile unsigned long *)0x4002C010))
C:\Keil\ARM\Inc\Luminary\lm3s8962.h(447): warning:  #47-D: incompatible redefinition of macro "QEI0_TIME_R" (declared at line 920 of "inc/tm4c123gh6pm.h")
  #define QEI0_TIME_R             (*((volatile unsigned long *)0x4002C014))
C:\Keil\ARM\Inc\Luminary\lm3s8962.h(448): warning:  #47-D: incompatible redefinition of macro "QEI0_COUNT_R" (declared at line 921 of "inc/tm4c123gh6pm.h")
  #define QEI0_COUNT_R            (*((volatile unsigned long *)0x4002C018))
C:\Keil\ARM\Inc\Luminary\lm3s8962.h(449): warning:  #47-D: incompatible redefinition of macro "QEI0_SPEED_R" (declared at line 922 of "inc/tm4c123gh6pm.h")
  #define QEI0_SPEED_R            (*((volatile unsigned long *)0x4002C01C))
C:\Keil\ARM\Inc\Luminary\lm3s8962.h(450): warning:  #47-D: incompatible redefinition of macro "QEI0_INTEN_R" (declared at line 923 of "inc/tm4c123gh6pm.h")
  #define QEI0_INTEN_R            (*((volatile unsigned long *)0x4002C020))
C:\Keil\ARM\Inc\Luminary\lm3s8962.h(451): warning:  #47-D: incompatible redefinition of macro "QEI0_RIS_R" (declared at line 924 of "inc/tm4c123gh6pm.h")
  #define QEI0_RIS_R              (*((volatile unsigned long *)0x4002C024))
C:\Keil\ARM\Inc\Luminary\lm3s8962.h(452): warning:  #47-D: incompatible redefinition of macro "QEI0_ISC_R" (declared at line 925 of "inc/tm4c123gh6pm.h")
  #define QEI0_ISC_R              (*((volatile unsigned long *)0x4002C028))
C:\Keil\ARM\Inc\Luminary\lm3s8962.h(459): warning:  #47-D: incompatible redefinition of macro "QEI1_CTL_R" (declared at line 932 of "inc/tm4c123gh6pm.h")
  #define QEI1_CTL_R              (*((volatile unsigned long *)0x4002D000))
C:\Keil\ARM\Inc\Luminary\lm3s8962.h(460): warning:  #47-D: incompatible redefinition of macro "QEI1_STAT_R" (declared at line 933 of "inc/tm4c123gh6pm.h")
  #define QEI1_STAT_R             (*((volatile unsigned long *)0x4002D004))
C:\Keil\ARM\Inc\Luminary\lm3s8962.h(461): warning:  #47-D: incompatible redefinition of macro "QEI1_POS_R" (declared at line 934 of "inc/tm4c123gh6pm.h")
  #define QEI1_POS_R              (*((volatile unsigned long *)0x4002D008))
C:\Keil\ARM\Inc\Luminary\lm3s8962.h(462): warning:  #47-D: incompatible redefinition of macro "QEI1_MAXPOS_R" (declared at line 935 of "inc/tm4c123gh6pm.h")
  #define QEI1_MAXPOS_R           (*((volatile unsigned long *)0x4002D00C))
C:\Keil\ARM\Inc\Luminary\lm3s8962.h(463): warning:  #47-D: incompatible redefinition of macro "QEI1_LOAD_R" (declared at line 936 of "inc/tm4c123gh6pm.h")
  #define QEI1_LOAD_R             (*((volatile unsigned long *)0x4002D010))
C:\Keil\ARM\Inc\Luminary\lm3s8962.h(464): warning:  #47-D: incompatible redefinition of macro "QEI1_TIME_R" (declared at line 937 of "inc/tm4c123gh6pm.h")
  #define QEI1_TIME_R             (*((volatile unsigned long *)0x4002D014))
C:\Keil\ARM\Inc\Luminary\lm3s8962.h(465): warning:  #47-D: incompatible redefinition of macro "QEI1_COUNT_R" (declared at line 938 of "inc/tm4c123gh6pm.h")
  #define QEI1_COUNT_R            (*((volatile unsigned long *)0x4002D018))
C:\Keil\ARM\Inc\Luminary\lm3s8962.h(466): warning:  #47-D: incompatible redefinition of macro "QEI1_SPEED_R" (declared at line 939 of "inc/tm4c123gh6pm.h")
  #define QEI1_SPEED_R            (*((volatile unsigned long *)0x4002D01C))
C:\Keil\ARM\Inc\Luminary\lm3s8962.h(467): warning:  #47-D: incompatible redefinition of macro "QEI1_INTEN_R" (declared at line 940 of "inc/tm4c123gh6pm.h")
  #define QEI1_INTEN_R            (*((volatile unsigned long *)0x4002D020))
C:\Keil\ARM\Inc\Luminary\lm3s8962.h(468): warning:  #47-D: incompatible redefinition of macro "QEI1_RIS_R" (declared at line 941 of "inc/tm4c123gh6pm.h")
  #define QEI1_RIS_R              (*((volatile unsigned long *)0x4002D024))
C:\Keil\ARM\Inc\Luminary\lm3s8962.h(469): warning:  #47-D: incompatible redefinition of macro "QEI1_ISC_R" (declared at line 942 of "inc/tm4c123gh6pm.h")
  #define QEI1_ISC_R              (*((volatile unsigned long *)0x4002D028))
C:\Keil\ARM\Inc\Luminary\lm3s8962.h(476): warning:  #47-D: incompatible redefinition of macro "TIMER0_CFG_R" (declared at line 949 of "inc/tm4c123gh6pm.h")
  #define TIMER0_CFG_R            (*((volatile unsigned long *)0x40030000))
C:\Keil\ARM\Inc\Luminary\lm3s8962.h(477): warning:  #47-D: incompatible redefinition of macro "TIMER0_TAMR_R" (declared at line 950 of "inc/tm4c123gh6pm.h")
  #define TIMER0_TAMR_R           (*((volatile unsigned long *)0x40030004))
C:\Keil\ARM\Inc\Luminary\lm3s8962.h(478): warning:  #47-D: incompatible redefinition of macro "TIMER0_TBMR_R" (declared at line 951 of "inc/tm4c123gh6pm.h")
  #define TIMER0_TBMR_R           (*((volatile unsigned long *)0x40030008))
C:\Keil\ARM\Inc\Luminary\lm3s8962.h(479): warning:  #47-D: incompatible redefinition of macro "TIMER0_CTL_R" (declared at line 952 of "inc/tm4c123gh6pm.h")
  #define TIMER0_CTL_R            (*((volatile unsigned long *)0x4003000C))
C:\Keil\ARM\Inc\Luminary\lm3s8962.h(480): warning:  #47-D: incompatible redefinition of macro "TIMER0_IMR_R" (declared at line 954 of "inc/tm4c123gh6pm.h")
  #define TIMER0_IMR_R            (*((volatile unsigned long *)0x40030018))
C:\Keil\ARM\Inc\Luminary\lm3s8962.h(481): warning:  #47-D: incompatible redefinition of macro "TIMER0_RIS_R" (declared at line 955 of "inc/tm4c123gh6pm.h")
  #define TIMER0_RIS_R            (*((volatile unsigned long *)0x4003001C))
C:\Keil\ARM\Inc\Luminary\lm3s8962.h(482): warning:  #47-D: incompatible redefinition of macro "TIMER0_MIS_R" (declared at line 956 of "inc/tm4c123gh6pm.h")
  #define TIMER0_MIS_R            (*((volatile unsigned long *)0x40030020))
C:\Keil\ARM\Inc\Luminary\lm3s8962.h(483): warning:  #47-D: incompatible redefinition of macro "TIMER0_ICR_R" (declared at line 957 of "inc/tm4c123gh6pm.h")
  #define TIMER0_ICR_R            (*((volatile unsigned long *)0x40030024))
C:\Keil\ARM\Inc\Luminary\lm3s8962.h(484): warning:  #47-D: incompatible redefinition of macro "TIMER0_TAILR_R" (declared at line 958 of "inc/tm4c123gh6pm.h")
  #define TIMER0_TAILR_R          (*((volatile unsigned long *)0x40030028))
C:\Keil\ARM\Inc\Luminary\lm3s8962.h(485): warning:  #47-D: incompatible redefinition of macro "TIMER0_TBILR_R" (declared at line 959 of "inc/tm4c123gh6pm.h")
  #define TIMER0_TBILR_R          (*((volatile unsigned long *)0x4003002C))
C:\Keil\ARM\Inc\Luminary\lm3s8962.h(486): warning:  #47-D: incompatible redefinition of macro "TIMER0_TAMATCHR_R" (declared at line 960 of "inc/tm4c123gh6pm.h")
  #define TIMER0_TAMATCHR_R       (*((volatile unsigned long *)0x40030030))
C:\Keil\ARM\Inc\Luminary\lm3s8962.h(487): warning:  #47-D: incompatible redefinition of macro "TIMER0_TBMATCHR_R" (declared at line 961 of "inc/tm4c123gh6pm.h")
  #define TIMER0_TBMATCHR_R       (*((volatile unsigned long *)0x40030034))
C:\Keil\ARM\Inc\Luminary\lm3s8962.h(488): warning:  #47-D: incompatible redefinition of macro "TIMER0_TAPR_R" (declared at line 962 of "inc/tm4c123gh6pm.h")
  #define TIMER0_TAPR_R           (*((volatile unsigned long *)0x40030038))
C:\Keil\ARM\Inc\Luminary\lm3s8962.h(489): warning:  #47-D: incompatible redefinition of macro "TIMER0_TBPR_R" (declared at line 963 of "inc/tm4c123gh6pm.h")
  #define TIMER0_TBPR_R           (*((volatile unsigned long *)0x4003003C))
C:\Keil\ARM\Inc\Luminary\lm3s8962.h(490): warning:  #47-D: incompatible redefinition of macro "TIMER0_TAPMR_R" (declared at line 964 of "inc/tm4c123gh6pm.h")
  #define TIMER0_TAPMR_R          (*((volatile unsigned long *)0x40030040))
C:\Keil\ARM\Inc\Luminary\lm3s8962.h(491): warning:  #47-D: incompatible redefinition of macro "TIMER0_TBPMR_R" (declared at line 965 of "inc/tm4c123gh6pm.h")
  #define TIMER0_TBPMR_R          (*((volatile unsigned long *)0x40030044))
C:\Keil\ARM\Inc\Luminary\lm3s8962.h(492): warning:  #47-D: incompatible redefinition of macro "TIMER0_TAR_R" (declared at line 966 of "inc/tm4c123gh6pm.h")
  #define TIMER0_TAR_R            (*((volatile unsigned long *)0x40030048))
C:\Keil\ARM\Inc\Luminary\lm3s8962.h(493): warning:  #47-D: incompatible redefinition of macro "TIMER0_TBR_R" (declared at line 967 of "inc/tm4c123gh6pm.h")
  #define TIMER0_TBR_R            (*((volatile unsigned long *)0x4003004C))
C:\Keil\ARM\Inc\Luminary\lm3s8962.h(500): warning:  #47-D: incompatible redefinition of macro "TIMER1_CFG_R" (declared at line 982 of "inc/tm4c123gh6pm.h")
  #define TIMER1_CFG_R            (*((volatile unsigned long *)0x40031000))
C:\Keil\ARM\Inc\Luminary\lm3s8962.h(501): warning:  #47-D: incompatible redefinition of macro "TIMER1_TAMR_R" (declared at line 983 of "inc/tm4c123gh6pm.h")
  #define TIMER1_TAMR_R           (*((volatile unsigned long *)0x40031004))
C:\Keil\ARM\Inc\Luminary\lm3s8962.h(502): warning:  #47-D: incompatible redefinition of macro "TIMER1_TBMR_R" (declared at line 984 of "inc/tm4c123gh6pm.h")
  #define TIMER1_TBMR_R           (*((volatile unsigned long *)0x40031008))
C:\Keil\ARM\Inc\Luminary\lm3s8962.h(503): warning:  #47-D: incompatible redefinition of macro "TIMER1_CTL_R" (declared at line 985 of "inc/tm4c123gh6pm.h")
  #define TIMER1_CTL_R            (*((volatile unsigned long *)0x4003100C))
C:\Keil\ARM\Inc\Luminary\lm3s8962.h(504): warning:  #47-D: incompatible redefinition of macro "TIMER1_IMR_R" (declared at line 987 of "inc/tm4c123gh6pm.h")
  #define TIMER1_IMR_R            (*((volatile unsigned long *)0x40031018))
C:\Keil\ARM\Inc\Luminary\lm3s8962.h(505): warning:  #47-D: incompatible redefinition of macro "TIMER1_RIS_R" (declared at line 988 of "inc/tm4c123gh6pm.h")
  #define TIMER1_RIS_R            (*((volatile unsigned long *)0x4003101C))
C:\Keil\ARM\Inc\Luminary\lm3s8962.h(506): warning:  #47-D: incompatible redefinition of macro "TIMER1_MIS_R" (declared at line 989 of "inc/tm4c123gh6pm.h")
  #define TIMER1_MIS_R            (*((volatile unsigned long *)0x40031020))
C:\Keil\ARM\Inc\Luminary\lm3s8962.h(507): warning:  #47-D: incompatible redefinition of macro "TIMER1_ICR_R" (declared at line 990 of "inc/tm4c123gh6pm.h")
  #define TIMER1_ICR_R            (*((volatile unsigned long *)0x40031024))
C:\Keil\ARM\Inc\Luminary\lm3s8962.h(508): warning:  #47-D: incompatible redefinition of macro "TIMER1_TAILR_R" (declared at line 991 of "inc/tm4c123gh6pm.h")
  #define TIMER1_TAILR_R          (*((volatile unsigned long *)0x40031028))
C:\Keil\ARM\Inc\Luminary\lm3s8962.h(509): warning:  #47-D: incompatible redefinition of macro "TIMER1_TBILR_R" (declared at line 992 of "inc/tm4c123gh6pm.h")
  #define TIMER1_TBILR_R          (*((volatile unsigned long *)0x4003102C))
C:\Keil\ARM\Inc\Luminary\lm3s8962.h(510): warning:  #47-D: incompatible redefinition of macro "TIMER1_TAMATCHR_R" (declared at line 993 of "inc/tm4c123gh6pm.h")
  #define TIMER1_TAMATCHR_R       (*((volatile unsigned long *)0x40031030))
C:\Keil\ARM\Inc\Luminary\lm3s8962.h(511): warning:  #47-D: incompatible redefinition of macro "TIMER1_TBMATCHR_R" (declared at line 994 of "inc/tm4c123gh6pm.h")
  #define TIMER1_TBMATCHR_R       (*((volatile unsigned long *)0x40031034))
C:\Keil\ARM\Inc\Luminary\lm3s8962.h(512): warning:  #47-D: incompatible redefinition of macro "TIMER1_TAPR_R" (declared at line 995 of "inc/tm4c123gh6pm.h")
  #define TIMER1_TAPR_R           (*((volatile unsigned long *)0x40031038))
C:\Keil\ARM\Inc\Luminary\lm3s8962.h(513): warning:  #47-D: incompatible redefinition of macro "TIMER1_TBPR_R" (declared at line 996 of "inc/tm4c123gh6pm.h")
  #define TIMER1_TBPR_R           (*((volatile unsigned long *)0x4003103C))
C:\Keil\ARM\Inc\Luminary\lm3s8962.h(514): warning:  #47-D: incompatible redefinition of macro "TIMER1_TAPMR_R" (declared at line 997 of "inc/tm4c123gh6pm.h")
  #define TIMER1_TAPMR_R          (*((volatile unsigned long *)0x40031040))
C:\Keil\ARM\Inc\Luminary\lm3s8962.h(515): warning:  #47-D: incompatible redefinition of macro "TIMER1_TBPMR_R" (declared at line 998 of "inc/tm4c123gh6pm.h")
  #define TIMER1_TBPMR_R          (*((volatile unsigned long *)0x40031044))
C:\Keil\ARM\Inc\Luminary\lm3s8962.h(516): warning:  #47-D: incompatible redefinition of macro "TIMER1_TAR_R" (declared at line 999 of "inc/tm4c123gh6pm.h")
  #define TIMER1_TAR_R            (*((volatile unsigned long *)0x40031048))
C:\Keil\ARM\Inc\Luminary\lm3s8962.h(517): warning:  #47-D: incompatible redefinition of macro "TIMER1_TBR_R" (declared at line 1000 of "inc/tm4c123gh6pm.h")
  #define TIMER1_TBR_R            (*((volatile unsigned long *)0x4003104C))
C:\Keil\ARM\Inc\Luminary\lm3s8962.h(524): warning:  #47-D: incompatible redefinition of macro "TIMER2_CFG_R" (declared at line 1015 of "inc/tm4c123gh6pm.h")
  #define TIMER2_CFG_R            (*((volatile unsigned long *)0x40032000))
C:\Keil\ARM\Inc\Luminary\lm3s8962.h(525): warning:  #47-D: incompatible redefinition of macro "TIMER2_TAMR_R" (declared at line 1016 of "inc/tm4c123gh6pm.h")
  #define TIMER2_TAMR_R           (*((volatile unsigned long *)0x40032004))
C:\Keil\ARM\Inc\Luminary\lm3s8962.h(526): warning:  #47-D: incompatible redefinition of macro "TIMER2_TBMR_R" (declared at line 1017 of "inc/tm4c123gh6pm.h")
  #define TIMER2_TBMR_R           (*((volatile unsigned long *)0x40032008))
C:\Keil\ARM\Inc\Luminary\lm3s8962.h(527): warning:  #47-D: incompatible redefinition of macro "TIMER2_CTL_R" (declared at line 1018 of "inc/tm4c123gh6pm.h")
  #define TIMER2_CTL_R            (*((volatile unsigned long *)0x4003200C))
C:\Keil\ARM\Inc\Luminary\lm3s8962.h(528): warning:  #47-D: incompatible redefinition of macro "TIMER2_IMR_R" (declared at line 1020 of "inc/tm4c123gh6pm.h")
  #define TIMER2_IMR_R            (*((volatile unsigned long *)0x40032018))
C:\Keil\ARM\Inc\Luminary\lm3s8962.h(529): warning:  #47-D: incompatible redefinition of macro "TIMER2_RIS_R" (declared at line 1021 of "inc/tm4c123gh6pm.h")
  #define TIMER2_RIS_R            (*((volatile unsigned long *)0x4003201C))
C:\Keil\ARM\Inc\Luminary\lm3s8962.h(530): warning:  #47-D: incompatible redefinition of macro "TIMER2_MIS_R" (declared at line 1022 of "inc/tm4c123gh6pm.h")
  #define TIMER2_MIS_R            (*((volatile unsigned long *)0x40032020))
C:\Keil\ARM\Inc\Luminary\lm3s8962.h(531): warning:  #47-D: incompatible redefinition of macro "TIMER2_ICR_R" (declared at line 1023 of "inc/tm4c123gh6pm.h")
  #define TIMER2_ICR_R            (*((volatile unsigned long *)0x40032024))
C:\Keil\ARM\Inc\Luminary\lm3s8962.h(532): warning:  #47-D: incompatible redefinition of macro "TIMER2_TAILR_R" (declared at line 1024 of "inc/tm4c123gh6pm.h")
  #define TIMER2_TAILR_R          (*((volatile unsigned long *)0x40032028))
C:\Keil\ARM\Inc\Luminary\lm3s8962.h(533): warning:  #47-D: incompatible redefinition of macro "TIMER2_TBILR_R" (declared at line 1025 of "inc/tm4c123gh6pm.h")
  #define TIMER2_TBILR_R          (*((volatile unsigned long *)0x4003202C))
C:\Keil\ARM\Inc\Luminary\lm3s8962.h(534): warning:  #47-D: incompatible redefinition of macro "TIMER2_TAMATCHR_R" (declared at line 1026 of "inc/tm4c123gh6pm.h")
  #define TIMER2_TAMATCHR_R       (*((volatile unsigned long *)0x40032030))
C:\Keil\ARM\Inc\Luminary\lm3s8962.h(535): warning:  #47-D: incompatible redefinition of macro "TIMER2_TBMATCHR_R" (declared at line 1027 of "inc/tm4c123gh6pm.h")
  #define TIMER2_TBMATCHR_R       (*((volatile unsigned long *)0x40032034))
C:\Keil\ARM\Inc\Luminary\lm3s8962.h(536): warning:  #47-D: incompatible redefinition of macro "TIMER2_TAPR_R" (declared at line 1028 of "inc/tm4c123gh6pm.h")
  #define TIMER2_TAPR_R           (*((volatile unsigned long *)0x40032038))
C:\Keil\ARM\Inc\Luminary\lm3s8962.h(537): warning:  #47-D: incompatible redefinition of macro "TIMER2_TBPR_R" (declared at line 1029 of "inc/tm4c123gh6pm.h")
  #define TIMER2_TBPR_R           (*((volatile unsigned long *)0x4003203C))
C:\Keil\ARM\Inc\Luminary\lm3s8962.h(538): warning:  #47-D: incompatible redefinition of macro "TIMER2_TAPMR_R" (declared at line 1030 of "inc/tm4c123gh6pm.h")
  #define TIMER2_TAPMR_R          (*((volatile unsigned long *)0x40032040))
C:\Keil\ARM\Inc\Luminary\lm3s8962.h(539): warning:  #47-D: incompatible redefinition of macro "TIMER2_TBPMR_R" (declared at line 1031 of "inc/tm4c123gh6pm.h")
  #define TIMER2_TBPMR_R          (*((volatile unsigned long *)0x40032044))
C:\Keil\ARM\Inc\Luminary\lm3s8962.h(540): warning:  #47-D: incompatible redefinition of macro "TIMER2_TAR_R" (declared at line 1032 of "inc/tm4c123gh6pm.h")
  #define TIMER2_TAR_R            (*((volatile unsigned long *)0x40032048))
C:\Keil\ARM\Inc\Luminary\lm3s8962.h(541): warning:  #47-D: incompatible redefinition of macro "TIMER2_TBR_R" (declared at line 1033 of "inc/tm4c123gh6pm.h")
  #define TIMER2_TBR_R            (*((volatile unsigned long *)0x4003204C))
C:\Keil\ARM\Inc\Luminary\lm3s8962.h(548): warning:  #47-D: incompatible redefinition of macro "TIMER3_CFG_R" (declared at line 1048 of "inc/tm4c123gh6pm.h")
  #define TIMER3_CFG_R            (*((volatile unsigned long *)0x40033000))
C:\Keil\ARM\Inc\Luminary\lm3s8962.h(549): warning:  #47-D: incompatible redefinition of macro "TIMER3_TAMR_R" (declared at line 1049 of "inc/tm4c123gh6pm.h")
  #define TIMER3_TAMR_R           (*((volatile unsigned long *)0x40033004))
C:\Keil\ARM\Inc\Luminary\lm3s8962.h(550): warning:  #47-D: incompatible redefinition of macro "TIMER3_TBMR_R" (declared at line 1050 of "inc/tm4c123gh6pm.h")
  #define TIMER3_TBMR_R           (*((volatile unsigned long *)0x40033008))
C:\Keil\ARM\Inc\Luminary\lm3s8962.h(551): warning:  #47-D: incompatible redefinition of macro "TIMER3_CTL_R" (declared at line 1051 of "inc/tm4c123gh6pm.h")
  #define TIMER3_CTL_R            (*((volatile unsigned long *)0x4003300C))
C:\Keil\ARM\Inc\Luminary\lm3s8962.h(552): warning:  #47-D: incompatible redefinition of macro "TIMER3_IMR_R" (declared at line 1053 of "inc/tm4c123gh6pm.h")
  #define TIMER3_IMR_R            (*((volatile unsigned long *)0x40033018))
C:\Keil\ARM\Inc\Luminary\lm3s8962.h(553): warning:  #47-D: incompatible redefinition of macro "TIMER3_RIS_R" (declared at line 1054 of "inc/tm4c123gh6pm.h")
  #define TIMER3_RIS_R            (*((volatile unsigned long *)0x4003301C))
C:\Keil\ARM\Inc\Luminary\lm3s8962.h(554): warning:  #47-D: incompatible redefinition of macro "TIMER3_MIS_R" (declared at line 1055 of "inc/tm4c123gh6pm.h")
  #define TIMER3_MIS_R            (*((volatile unsigned long *)0x40033020))
C:\Keil\ARM\Inc\Luminary\lm3s8962.h(555): warning:  #47-D: incompatible redefinition of macro "TIMER3_ICR_R" (declared at line 1056 of "inc/tm4c123gh6pm.h")
  #define TIMER3_ICR_R            (*((volatile unsigned long *)0x40033024))
C:\Keil\ARM\Inc\Luminary\lm3s8962.h(556): warning:  #47-D: incompatible redefinition of macro "TIMER3_TAILR_R" (declared at line 1057 of "inc/tm4c123gh6pm.h")
  #define TIMER3_TAILR_R          (*((volatile unsigned long *)0x40033028))
C:\Keil\ARM\Inc\Luminary\lm3s8962.h(557): warning:  #47-D: incompatible redefinition of macro "TIMER3_TBILR_R" (declared at line 1058 of "inc/tm4c123gh6pm.h")
  #define TIMER3_TBILR_R          (*((volatile unsigned long *)0x4003302C))
C:\Keil\ARM\Inc\Luminary\lm3s8962.h(558): warning:  #47-D: incompatible redefinition of macro "TIMER3_TAMATCHR_R" (declared at line 1059 of "inc/tm4c123gh6pm.h")
  #define TIMER3_TAMATCHR_R       (*((volatile unsigned long *)0x40033030))
C:\Keil\ARM\Inc\Luminary\lm3s8962.h(559): warning:  #47-D: incompatible redefinition of macro "TIMER3_TBMATCHR_R" (declared at line 1060 of "inc/tm4c123gh6pm.h")
  #define TIMER3_TBMATCHR_R       (*((volatile unsigned long *)0x40033034))
C:\Keil\ARM\Inc\Luminary\lm3s8962.h(560): warning:  #47-D: incompatible redefinition of macro "TIMER3_TAPR_R" (declared at line 1061 of "inc/tm4c123gh6pm.h")
  #define TIMER3_TAPR_R           (*((volatile unsigned long *)0x40033038))
C:\Keil\ARM\Inc\Luminary\lm3s8962.h(561): warning:  #47-D: incompatible redefinition of macro "TIMER3_TBPR_R" (declared at line 1062 of "inc/tm4c123gh6pm.h")
  #define TIMER3_TBPR_R           (*((volatile unsigned long *)0x4003303C))
C:\Keil\ARM\Inc\Luminary\lm3s8962.h(562): warning:  #47-D: incompatible redefinition of macro "TIMER3_TAPMR_R" (declared at line 1063 of "inc/tm4c123gh6pm.h")
  #define TIMER3_TAPMR_R          (*((volatile unsigned long *)0x40033040))
C:\Keil\ARM\Inc\Luminary\lm3s8962.h(563): warning:  #47-D: incompatible redefinition of macro "TIMER3_TBPMR_R" (declared at line 1064 of "inc/tm4c123gh6pm.h")
  #define TIMER3_TBPMR_R          (*((volatile unsigned long *)0x40033044))
C:\Keil\ARM\Inc\Luminary\lm3s8962.h(564): warning:  #47-D: incompatible redefinition of macro "TIMER3_TAR_R" (declared at line 1065 of "inc/tm4c123gh6pm.h")
  #define TIMER3_TAR_R            (*((volatile unsigned long *)0x40033048))
C:\Keil\ARM\Inc\Luminary\lm3s8962.h(565): warning:  #47-D: incompatible redefinition of macro "TIMER3_TBR_R" (declared at line 1066 of "inc/tm4c123gh6pm.h")
  #define TIMER3_TBR_R            (*((volatile unsigned long *)0x4003304C))
C:\Keil\ARM\Inc\Luminary\lm3s8962.h(572): warning:  #47-D: incompatible redefinition of macro "ADC0_ACTSS_R" (declared at line 1213 of "inc/tm4c123gh6pm.h")
  #define ADC0_ACTSS_R            (*((volatile unsigned long *)0x40038000))
C:\Keil\ARM\Inc\Luminary\lm3s8962.h(573): warning:  #47-D: incompatible redefinition of macro "ADC0_RIS_R" (declared at line 1214 of "inc/tm4c123gh6pm.h")
  #define ADC0_RIS_R              (*((volatile unsigned long *)0x40038004))
C:\Keil\ARM\Inc\Luminary\lm3s8962.h(574): warning:  #47-D: incompatible redefinition of macro "ADC0_IM_R" (declared at line 1215 of "inc/tm4c123gh6pm.h")
  #define ADC0_IM_R               (*((volatile unsigned long *)0x40038008))
C:\Keil\ARM\Inc\Luminary\lm3s8962.h(575): warning:  #47-D: incompatible redefinition of macro "ADC0_ISC_R" (declared at line 1216 of "inc/tm4c123gh6pm.h")
  #define ADC0_ISC_R              (*((volatile unsigned long *)0x4003800C))
C:\Keil\ARM\Inc\Luminary\lm3s8962.h(576): warning:  #47-D: incompatible redefinition of macro "ADC0_OSTAT_R" (declared at line 1217 of "inc/tm4c123gh6pm.h")
  #define ADC0_OSTAT_R            (*((volatile unsigned long *)0x40038010))
C:\Keil\ARM\Inc\Luminary\lm3s8962.h(577): warning:  #47-D: incompatible redefinition of macro "ADC0_EMUX_R" (declared at line 1218 of "inc/tm4c123gh6pm.h")
  #define ADC0_EMUX_R             (*((volatile unsigned long *)0x40038014))
C:\Keil\ARM\Inc\Luminary\lm3s8962.h(578): warning:  #47-D: incompatible redefinition of macro "ADC0_USTAT_R" (declared at line 1219 of "inc/tm4c123gh6pm.h")
  #define ADC0_USTAT_R            (*((volatile unsigned long *)0x40038018))
C:\Keil\ARM\Inc\Luminary\lm3s8962.h(579): warning:  #47-D: incompatible redefinition of macro "ADC0_SSPRI_R" (declared at line 1221 of "inc/tm4c123gh6pm.h")
  #define ADC0_SSPRI_R            (*((volatile unsigned long *)0x40038020))
C:\Keil\ARM\Inc\Luminary\lm3s8962.h(580): warning:  #47-D: incompatible redefinition of macro "ADC0_PSSI_R" (declared at line 1223 of "inc/tm4c123gh6pm.h")
  #define ADC0_PSSI_R             (*((volatile unsigned long *)0x40038028))
C:\Keil\ARM\Inc\Luminary\lm3s8962.h(581): warning:  #47-D: incompatible redefinition of macro "ADC0_SAC_R" (declared at line 1224 of "inc/tm4c123gh6pm.h")
  #define ADC0_SAC_R              (*((volatile unsigned long *)0x40038030))
C:\Keil\ARM\Inc\Luminary\lm3s8962.h(582): warning:  #47-D: incompatible redefinition of macro "ADC0_SSMUX0_R" (declared at line 1227 of "inc/tm4c123gh6pm.h")
  #define ADC0_SSMUX0_R           (*((volatile unsigned long *)0x40038040))
C:\Keil\ARM\Inc\Luminary\lm3s8962.h(583): warning:  #47-D: incompatible redefinition of macro "ADC0_SSCTL0_R" (declared at line 1228 of "inc/tm4c123gh6pm.h")
  #define ADC0_SSCTL0_R           (*((volatile unsigned long *)0x40038044))
C:\Keil\ARM\Inc\Luminary\lm3s8962.h(584): warning:  #47-D: incompatible redefinition of macro "ADC0_SSFIFO0_R" (declared at line 1229 of "inc/tm4c123gh6pm.h")
  #define ADC0_SSFIFO0_R          (*((volatile unsigned long *)0x40038048))
C:\Keil\ARM\Inc\Luminary\lm3s8962.h(585): warning:  #47-D: incompatible redefinition of macro "ADC0_SSFSTAT0_R" (declared at line 1230 of "inc/tm4c123gh6pm.h")
  #define ADC0_SSFSTAT0_R         (*((volatile unsigned long *)0x4003804C))
C:\Keil\ARM\Inc\Luminary\lm3s8962.h(586): warning:  #47-D: incompatible redefinition of macro "ADC0_SSMUX1_R" (declared at line 1233 of "inc/tm4c123gh6pm.h")
  #define ADC0_SSMUX1_R           (*((volatile unsigned long *)0x40038060))
C:\Keil\ARM\Inc\Luminary\lm3s8962.h(587): warning:  #47-D: incompatible redefinition of macro "ADC0_SSCTL1_R" (declared at line 1234 of "inc/tm4c123gh6pm.h")
  #define ADC0_SSCTL1_R           (*((volatile unsigned long *)0x40038064))
C:\Keil\ARM\Inc\Luminary\lm3s8962.h(588): warning:  #47-D: incompatible redefinition of macro "ADC0_SSFIFO1_R" (declared at line 1235 of "inc/tm4c123gh6pm.h")
  #define ADC0_SSFIFO1_R          (*((volatile unsigned long *)0x40038068))
C:\Keil\ARM\Inc\Luminary\lm3s8962.h(589): warning:  #47-D: incompatible redefinition of macro "ADC0_SSFSTAT1_R" (declared at line 1236 of "inc/tm4c123gh6pm.h")
  #define ADC0_SSFSTAT1_R         (*((volatile unsigned long *)0x4003806C))
C:\Keil\ARM\Inc\Luminary\lm3s8962.h(590): warning:  #47-D: incompatible redefinition of macro "ADC0_SSMUX2_R" (declared at line 1239 of "inc/tm4c123gh6pm.h")
  #define ADC0_SSMUX2_R           (*((volatile unsigned long *)0x40038080))
C:\Keil\ARM\Inc\Luminary\lm3s8962.h(591): warning:  #47-D: incompatible redefinition of macro "ADC0_SSCTL2_R" (declared at line 1240 of "inc/tm4c123gh6pm.h")
  #define ADC0_SSCTL2_R           (*((volatile unsigned long *)0x40038084))
C:\Keil\ARM\Inc\Luminary\lm3s8962.h(592): warning:  #47-D: incompatible redefinition of macro "ADC0_SSFIFO2_R" (declared at line 1241 of "inc/tm4c123gh6pm.h")
  #define ADC0_SSFIFO2_R          (*((volatile unsigned long *)0x40038088))
C:\Keil\ARM\Inc\Luminary\lm3s8962.h(593): warning:  #47-D: incompatible redefinition of macro "ADC0_SSFSTAT2_R" (declared at line 1242 of "inc/tm4c123gh6pm.h")
  #define ADC0_SSFSTAT2_R         (*((volatile unsigned long *)0x4003808C))
C:\Keil\ARM\Inc\Luminary\lm3s8962.h(594): warning:  #47-D: incompatible redefinition of macro "ADC0_SSMUX3_R" (declared at line 1245 of "inc/tm4c123gh6pm.h")
  #define ADC0_SSMUX3_R           (*((volatile unsigned long *)0x400380A0))
C:\Keil\ARM\Inc\Luminary\lm3s8962.h(595): warning:  #47-D: incompatible redefinition of macro "ADC0_SSCTL3_R" (declared at line 1246 of "inc/tm4c123gh6pm.h")
  #define ADC0_SSCTL3_R           (*((volatile unsigned long *)0x400380A4))
C:\Keil\ARM\Inc\Luminary\lm3s8962.h(596): warning:  #47-D: incompatible redefinition of macro "ADC0_SSFIFO3_R" (declared at line 1247 of "inc/tm4c123gh6pm.h")
[...]
  #define NVIC_PRI9_R             (*((volatile unsigned long *)0xE000E424))
C:\Keil\ARM\Inc\Luminary\lm3s8962.h(817): warning:  #47-D: incompatible redefinition of macro "NVIC_PRI10_R" (declared at line 2256 of "inc/tm4c123gh6pm.h")
  #define NVIC_PRI10_R            (*((volatile unsigned long *)0xE000E428))
C:\Keil\ARM\Inc\Luminary\lm3s8962.h(818): warning:  #47-D: incompatible redefinition of macro "NVIC_CPUID_R" (declared at line 2281 of "inc/tm4c123gh6pm.h")
  #define NVIC_CPUID_R            (*((volatile unsigned long *)0xE000ED00))
C:\Keil\ARM\Inc\Luminary\lm3s8962.h(819): warning:  #47-D: incompatible redefinition of macro "NVIC_INT_CTRL_R" (declared at line 2282 of "inc/tm4c123gh6pm.h")
  #define NVIC_INT_CTRL_R         (*((volatile unsigned long *)0xE000ED04))
C:\Keil\ARM\Inc\Luminary\lm3s8962.h(820): warning:  #47-D: incompatible redefinition of macro "NVIC_VTABLE_R" (declared at line 2283 of "inc/tm4c123gh6pm.h")
  #define NVIC_VTABLE_R           (*((volatile unsigned long *)0xE000ED08))
C:\Keil\ARM\Inc\Luminary\lm3s8962.h(821): warning:  #47-D: incompatible redefinition of macro "NVIC_APINT_R" (declared at line 2284 of "inc/tm4c123gh6pm.h")
  #define NVIC_APINT_R            (*((volatile unsigned long *)0xE000ED0C))
C:\Keil\ARM\Inc\Luminary\lm3s8962.h(822): warning:  #47-D: incompatible redefinition of macro "NVIC_SYS_CTRL_R" (declared at line 2285 of "inc/tm4c123gh6pm.h")
  #define NVIC_SYS_CTRL_R         (*((volatile unsigned long *)0xE000ED10))
C:\Keil\ARM\Inc\Luminary\lm3s8962.h(823): warning:  #47-D: incompatible redefinition of macro "NVIC_CFG_CTRL_R" (declared at line 2286 of "inc/tm4c123gh6pm.h")
  #define NVIC_CFG_CTRL_R         (*((volatile unsigned long *)0xE000ED14))
C:\Keil\ARM\Inc\Luminary\lm3s8962.h(824): warning:  #47-D: incompatible redefinition of macro "NVIC_SYS_PRI1_R" (declared at line 2287 of "inc/tm4c123gh6pm.h")
  #define NVIC_SYS_PRI1_R         (*((volatile unsigned long *)0xE000ED18))
C:\Keil\ARM\Inc\Luminary\lm3s8962.h(825): warning:  #47-D: incompatible redefinition of macro "NVIC_SYS_PRI2_R" (declared at line 2288 of "inc/tm4c123gh6pm.h")
  #define NVIC_SYS_PRI2_R         (*((volatile unsigned long *)0xE000ED1C))
C:\Keil\ARM\Inc\Luminary\lm3s8962.h(826): warning:  #47-D: incompatible redefinition of macro "NVIC_SYS_PRI3_R" (declared at line 2289 of "inc/tm4c123gh6pm.h")
  #define NVIC_SYS_PRI3_R         (*((volatile unsigned long *)0xE000ED20))
C:\Keil\ARM\Inc\Luminary\lm3s8962.h(827): warning:  #47-D: incompatible redefinition of macro "NVIC_SYS_HND_CTRL_R" (declared at line 2290 of "inc/tm4c123gh6pm.h")
  #define NVIC_SYS_HND_CTRL_R     (*((volatile unsigned long *)0xE000ED24))
C:\Keil\ARM\Inc\Luminary\lm3s8962.h(828): warning:  #47-D: incompatible redefinition of macro "NVIC_FAULT_STAT_R" (declared at line 2291 of "inc/tm4c123gh6pm.h")
  #define NVIC_FAULT_STAT_R       (*((volatile unsigned long *)0xE000ED28))
C:\Keil\ARM\Inc\Luminary\lm3s8962.h(829): warning:  #47-D: incompatible redefinition of macro "NVIC_HFAULT_STAT_R" (declared at line 2292 of "inc/tm4c123gh6pm.h")
  #define NVIC_HFAULT_STAT_R      (*((volatile unsigned long *)0xE000ED2C))
C:\Keil\ARM\Inc\Luminary\lm3s8962.h(830): warning:  #47-D: incompatible redefinition of macro "NVIC_DEBUG_STAT_R" (declared at line 2293 of "inc/tm4c123gh6pm.h")
  #define NVIC_DEBUG_STAT_R       (*((volatile unsigned long *)0xE000ED30))
C:\Keil\ARM\Inc\Luminary\lm3s8962.h(831): warning:  #47-D: incompatible redefinition of macro "NVIC_MM_ADDR_R" (declared at line 2294 of "inc/tm4c123gh6pm.h")
  #define NVIC_MM_ADDR_R          (*((volatile unsigned long *)0xE000ED34))
C:\Keil\ARM\Inc\Luminary\lm3s8962.h(832): warning:  #47-D: incompatible redefinition of macro "NVIC_FAULT_ADDR_R" (declared at line 2295 of "inc/tm4c123gh6pm.h")
  #define NVIC_FAULT_ADDR_R       (*((volatile unsigned long *)0xE000ED38))
C:\Keil\ARM\Inc\Luminary\lm3s8962.h(833): warning:  #47-D: incompatible redefinition of macro "NVIC_MPU_TYPE_R" (declared at line 2297 of "inc/tm4c123gh6pm.h")
  #define NVIC_MPU_TYPE_R         (*((volatile unsigned long *)0xE000ED90))
C:\Keil\ARM\Inc\Luminary\lm3s8962.h(834): warning:  #47-D: incompatible redefinition of macro "NVIC_MPU_CTRL_R" (declared at line 2298 of "inc/tm4c123gh6pm.h")
  #define NVIC_MPU_CTRL_R         (*((volatile unsigned long *)0xE000ED94))
C:\Keil\ARM\Inc\Luminary\lm3s8962.h(835): warning:  #47-D: incompatible redefinition of macro "NVIC_MPU_NUMBER_R" (declared at line 2299 of "inc/tm4c123gh6pm.h")
  #define NVIC_MPU_NUMBER_R       (*((volatile unsigned long *)0xE000ED98))
C:\Keil\ARM\Inc\Luminary\lm3s8962.h(836): warning:  #47-D: incompatible redefinition of macro "NVIC_MPU_BASE_R" (declared at line 2300 of "inc/tm4c123gh6pm.h")
  #define NVIC_MPU_BASE_R         (*((volatile unsigned long *)0xE000ED9C))
C:\Keil\ARM\Inc\Luminary\lm3s8962.h(837): warning:  #47-D: incompatible redefinition of macro "NVIC_MPU_ATTR_R" (declared at line 2301 of "inc/tm4c123gh6pm.h")
  #define NVIC_MPU_ATTR_R         (*((volatile unsigned long *)0xE000EDA0))
C:\Keil\ARM\Inc\Luminary\lm3s8962.h(838): warning:  #47-D: incompatible redefinition of macro "NVIC_MPU_BASE1_R" (declared at line 2302 of "inc/tm4c123gh6pm.h")
  #define NVIC_MPU_BASE1_R        (*((volatile unsigned long *)0xE000EDA4))
C:\Keil\ARM\Inc\Luminary\lm3s8962.h(839): warning:  #47-D: incompatible redefinition of macro "NVIC_MPU_ATTR1_R" (declared at line 2303 of "inc/tm4c123gh6pm.h")
  #define NVIC_MPU_ATTR1_R        (*((volatile unsigned long *)0xE000EDA8))
C:\Keil\ARM\Inc\Luminary\lm3s8962.h(840): warning:  #47-D: incompatible redefinition of macro "NVIC_MPU_BASE2_R" (declared at line 2304 of "inc/tm4c123gh6pm.h")
  #define NVIC_MPU_BASE2_R        (*((volatile unsigned long *)0xE000EDAC))
C:\Keil\ARM\Inc\Luminary\lm3s8962.h(841): warning:  #47-D: incompatible redefinition of macro "NVIC_MPU_ATTR2_R" (declared at line 2305 of "inc/tm4c123gh6pm.h")
  #define NVIC_MPU_ATTR2_R        (*((volatile unsigned long *)0xE000EDB0))
C:\Keil\ARM\Inc\Luminary\lm3s8962.h(842): warning:  #47-D: incompatible redefinition of macro "NVIC_MPU_BASE3_R" (declared at line 2306 of "inc/tm4c123gh6pm.h")
  #define NVIC_MPU_BASE3_R        (*((volatile unsigned long *)0xE000EDB4))
C:\Keil\ARM\Inc\Luminary\lm3s8962.h(843): warning:  #47-D: incompatible redefinition of macro "NVIC_MPU_ATTR3_R" (declared at line 2307 of "inc/tm4c123gh6pm.h")
  #define NVIC_MPU_ATTR3_R        (*((volatile unsigned long *)0xE000EDB8))
C:\Keil\ARM\Inc\Luminary\lm3s8962.h(844): warning:  #47-D: incompatible redefinition of macro "NVIC_DBG_CTRL_R" (declared at line 2308 of "inc/tm4c123gh6pm.h")
  #define NVIC_DBG_CTRL_R         (*((volatile unsigned long *)0xE000EDF0))
C:\Keil\ARM\Inc\Luminary\lm3s8962.h(845): warning:  #47-D: incompatible redefinition of macro "NVIC_DBG_XFER_R" (declared at line 2309 of "inc/tm4c123gh6pm.h")
  #define NVIC_DBG_XFER_R         (*((volatile unsigned long *)0xE000EDF4))
C:\Keil\ARM\Inc\Luminary\lm3s8962.h(846): warning:  #47-D: incompatible redefinition of macro "NVIC_DBG_DATA_R" (declared at line 2310 of "inc/tm4c123gh6pm.h")
  #define NVIC_DBG_DATA_R         (*((volatile unsigned long *)0xE000EDF8))
C:\Keil\ARM\Inc\Luminary\lm3s8962.h(847): warning:  #47-D: incompatible redefinition of macro "NVIC_DBG_INT_R" (declared at line 2311 of "inc/tm4c123gh6pm.h")
  #define NVIC_DBG_INT_R          (*((volatile unsigned long *)0xE000EDFC))
C:\Keil\ARM\Inc\Luminary\lm3s8962.h(848): warning:  #47-D: incompatible redefinition of macro "NVIC_SW_TRIG_R" (declared at line 2312 of "inc/tm4c123gh6pm.h")
  #define NVIC_SW_TRIG_R          (*((volatile unsigned long *)0xE000EF00))
C:\Keil\ARM\Inc\Luminary\lm3s8962.h(955): warning:  #47-D: incompatible redefinition of macro "GPIO_LOCK_KEY" (declared at line 2464 of "inc/tm4c123gh6pm.h")
  #define GPIO_LOCK_KEY           0x1ACCE551  // Unlocks the GPIO_CR register
C:\Keil\ARM\Inc\Luminary\lm3s8962.h(2613): warning:  #47-D: incompatible redefinition of macro "ADC_SSMUX0_MUX7_M" (declared at line 5527 of "inc/tm4c123gh6pm.h")
  #define ADC_SSMUX0_MUX7_M       0x30000000  // 8th Sample Input Select
C:\Keil\ARM\Inc\Luminary\lm3s8962.h(2614): warning:  #47-D: incompatible redefinition of macro "ADC_SSMUX0_MUX6_M" (declared at line 5528 of "inc/tm4c123gh6pm.h")
  #define ADC_SSMUX0_MUX6_M       0x03000000  // 7th Sample Input Select
C:\Keil\ARM\Inc\Luminary\lm3s8962.h(2615): warning:  #47-D: incompatible redefinition of macro "ADC_SSMUX0_MUX5_M" (declared at line 5529 of "inc/tm4c123gh6pm.h")
  #define ADC_SSMUX0_MUX5_M       0x00300000  // 6th Sample Input Select
C:\Keil\ARM\Inc\Luminary\lm3s8962.h(2616): warning:  #47-D: incompatible redefinition of macro "ADC_SSMUX0_MUX4_M" (declared at line 5530 of "inc/tm4c123gh6pm.h")
  #define ADC_SSMUX0_MUX4_M       0x00030000  // 5th Sample Input Select
C:\Keil\ARM\Inc\Luminary\lm3s8962.h(2617): warning:  #47-D: incompatible redefinition of macro "ADC_SSMUX0_MUX3_M" (declared at line 5531 of "inc/tm4c123gh6pm.h")
  #define ADC_SSMUX0_MUX3_M       0x00003000  // 4th Sample Input Select
C:\Keil\ARM\Inc\Luminary\lm3s8962.h(2618): warning:  #47-D: incompatible redefinition of macro "ADC_SSMUX0_MUX2_M" (declared at line 5532 of "inc/tm4c123gh6pm.h")
  #define ADC_SSMUX0_MUX2_M       0x00000300  // 3rd Sample Input Select
C:\Keil\ARM\Inc\Luminary\lm3s8962.h(2619): warning:  #47-D: incompatible redefinition of macro "ADC_SSMUX0_MUX1_M" (declared at line 5533 of "inc/tm4c123gh6pm.h")
  #define ADC_SSMUX0_MUX1_M       0x00000030  // 2nd Sample Input Select
C:\Keil\ARM\Inc\Luminary\lm3s8962.h(2620): warning:  #47-D: incompatible redefinition of macro "ADC_SSMUX0_MUX0_M" (declared at line 5534 of "inc/tm4c123gh6pm.h")
  #define ADC_SSMUX0_MUX0_M       0x00000003  // 1st Sample Input Select
C:\Keil\ARM\Inc\Luminary\lm3s8962.h(2673): warning:  #47-D: incompatible redefinition of macro "ADC_SSFIFO0_DATA_M" (declared at line 5587 of "inc/tm4c123gh6pm.h")
  #define ADC_SSFIFO0_DATA_M      0x000003FF  // Conversion Result Data
C:\Keil\ARM\Inc\Luminary\lm3s8962.h(2693): warning:  #47-D: incompatible redefinition of macro "ADC_SSMUX1_MUX3_M" (declared at line 5658 of "inc/tm4c123gh6pm.h")
  #define ADC_SSMUX1_MUX3_M       0x00003000  // 4th Sample Input Select
C:\Keil\ARM\Inc\Luminary\lm3s8962.h(2694): warning:  #47-D: incompatible redefinition of macro "ADC_SSMUX1_MUX2_M" (declared at line 5659 of "inc/tm4c123gh6pm.h")
  #define ADC_SSMUX1_MUX2_M       0x00000300  // 3rd Sample Input Select
C:\Keil\ARM\Inc\Luminary\lm3s8962.h(2695): warning:  #47-D: incompatible redefinition of macro "ADC_SSMUX1_MUX1_M" (declared at line 5660 of "inc/tm4c123gh6pm.h")
  #define ADC_SSMUX1_MUX1_M       0x00000030  // 2nd Sample Input Select
C:\Keil\ARM\Inc\Luminary\lm3s8962.h(2696): warning:  #47-D: incompatible redefinition of macro "ADC_SSMUX1_MUX0_M" (declared at line 5661 of "inc/tm4c123gh6pm.h")
  #define ADC_SSMUX1_MUX0_M       0x00000003  // 1st Sample Input Select
C:\Keil\ARM\Inc\Luminary\lm3s8962.h(2729): warning:  #47-D: incompatible redefinition of macro "ADC_SSFIFO1_DATA_M" (declared at line 5694 of "inc/tm4c123gh6pm.h")
  #define ADC_SSFIFO1_DATA_M      0x000003FF  // Conversion Result Data
C:\Keil\ARM\Inc\Luminary\lm3s8962.h(2749): warning:  #47-D: incompatible redefinition of macro "ADC_SSMUX2_MUX3_M" (declared at line 5745 of "inc/tm4c123gh6pm.h")
  #define ADC_SSMUX2_MUX3_M       0x00003000  // 4th Sample Input Select
C:\Keil\ARM\Inc\Luminary\lm3s8962.h(2750): warning:  #47-D: incompatible redefinition of macro "ADC_SSMUX2_MUX2_M" (declared at line 5746 of "inc/tm4c123gh6pm.h")
  #define ADC_SSMUX2_MUX2_M       0x00000300  // 3rd Sample Input Select
C:\Keil\ARM\Inc\Luminary\lm3s8962.h(2751): warning:  #47-D: incompatible redefinition of macro "ADC_SSMUX2_MUX1_M" (declared at line 5747 of "inc/tm4c123gh6pm.h")
  #define ADC_SSMUX2_MUX1_M       0x00000030  // 2nd Sample Input Select
C:\Keil\ARM\Inc\Luminary\lm3s8962.h(2752): warning:  #47-D: incompatible redefinition of macro "ADC_SSMUX2_MUX0_M" (declared at line 5748 of "inc/tm4c123gh6pm.h")
  #define ADC_SSMUX2_MUX0_M       0x00000003  // 1st Sample Input Select
C:\Keil\ARM\Inc\Luminary\lm3s8962.h(2785): warning:  #47-D: incompatible redefinition of macro "ADC_SSFIFO2_DATA_M" (declared at line 5781 of "inc/tm4c123gh6pm.h")
  #define ADC_SSFIFO2_DATA_M      0x000003FF  // Conversion Result Data
C:\Keil\ARM\Inc\Luminary\lm3s8962.h(2805): warning:  #47-D: incompatible redefinition of macro "ADC_SSMUX3_MUX0_M" (declared at line 5832 of "inc/tm4c123gh6pm.h")
  #define ADC_SSMUX3_MUX0_M       0x00000003  // 1st Sample Input Select
C:\Keil\ARM\Inc\Luminary\lm3s8962.h(2823): warning:  #47-D: incompatible redefinition of macro "ADC_SSFIFO3_DATA_M" (declared at line 5850 of "inc/tm4c123gh6pm.h")
  #define ADC_SSFIFO3_DATA_M      0x000003FF  // Conversion Result Data
C:\Keil\ARM\Inc\Luminary\lm3s8962.h(3852): warning:  #47-D: incompatible redefinition of macro "FLASH_USERREG0_DATA_M" (declared at line 9320 of "inc/tm4c123gh6pm.h")
  #define FLASH_USERREG0_DATA_M   0x7FFFFFFF  // User Data
C:\Keil\ARM\Inc\Luminary\lm3s8962.h(3861): warning:  #47-D: incompatible redefinition of macro "FLASH_USERREG1_DATA_M" (declared at line 9328 of "inc/tm4c123gh6pm.h")
  #define FLASH_USERREG1_DATA_M   0x7FFFFFFF  // User Data
C:\Keil\ARM\Inc\Luminary\lm3s8962.h(4158): warning:  #47-D: incompatible redefinition of macro "SYSCTL_RCC_XTAL_M" (declared at line 9799 of "inc/tm4c123gh6pm.h")
  #define SYSCTL_RCC_XTAL_M       0x000003C0  // Crystal Value
C:\Keil\ARM\Inc\Luminary\lm3s8962.h(4578): warning:  #47-D: incompatible redefinition of macro "NVIC_EN1_INT_M" (declared at line 11586 of "inc/tm4c123gh6pm.h")
  #define NVIC_EN1_INT_M          0x00000FFF  // Interrupt Enable
C:\Keil\ARM\Inc\Luminary\lm3s8962.h(4640): warning:  #47-D: incompatible redefinition of macro "NVIC_DIS1_INT_M" (declared at line 11621 of "inc/tm4c123gh6pm.h")
  #define NVIC_DIS1_INT_M         0x00000FFF  // Interrupt Disable
C:\Keil\ARM\Inc\Luminary\lm3s8962.h(4710): warning:  #47-D: incompatible redefinition of macro "NVIC_PEND1_INT_M" (declared at line 11656 of "inc/tm4c123gh6pm.h")
  #define NVIC_PEND1_INT_M        0x00000FFF  // Interrupt Set Pending
C:\Keil\ARM\Inc\Luminary\lm3s8962.h(4780): warning:  #47-D: incompatible redefinition of macro "NVIC_UNPEND1_INT_M" (declared at line 11691 of "inc/tm4c123gh6pm.h")
  #define NVIC_UNPEND1_INT_M      0x00000FFF  // Interrupt Clear Pending
C:\Keil\ARM\Inc\Luminary\lm3s8962.h(4850): warning:  #47-D: incompatible redefinition of macro "NVIC_ACTIVE1_INT_M" (declared at line 11726 of "inc/tm4c123gh6pm.h")
  #define NVIC_ACTIVE1_INT_M      0x00000FFF  // Interrupt Active
C:\Keil\ARM\Inc\Luminary\lm3s8962.h(5055): warning:  #47-D: incompatible redefinition of macro "NVIC_INT_CTRL_VEC_PEN_M" (declared at line 12272 of "inc/tm4c123gh6pm.h")
  #define NVIC_INT_CTRL_VEC_PEN_M 0x0003F000  // Interrupt Pending Vector Number
C:\Keil\ARM\Inc\Luminary\lm3s8962.h(5073): warning:  #47-D: incompatible redefinition of macro "NVIC_INT_CTRL_VEC_ACT_M" (declared at line 12290 of "inc/tm4c123gh6pm.h")
  #define NVIC_INT_CTRL_VEC_ACT_M 0x0000003F  // Interrupt Pending Vector Number
C:\Keil\ARM\Inc\Luminary\lm3s8962.h(5082): warning:  #47-D: incompatible redefinition of macro "NVIC_VTABLE_OFFSET_M" (declared at line 12299 of "inc/tm4c123gh6pm.h")
  #define NVIC_VTABLE_OFFSET_M    0x1FFFFF00  // Vector Table Offset
C:\Keil\ARM\Inc\Luminary\lm3s8962.h(5083): warning:  #47-D: incompatible redefinition of macro "NVIC_VTABLE_OFFSET_S" (declared at line 12300 of "inc/tm4c123gh6pm.h")
  #define NVIC_VTABLE_OFFSET_S    8
C:\Keil\ARM\Inc\Luminary\lm3s8962.h(5515): warning:  #47-D: incompatible redefinition of macro "NVIC_SW_TRIG_INTID_M" (declared at line 12710 of "inc/tm4c123gh6pm.h")
  #define NVIC_SW_TRIG_INTID_M    0x0000003F  // Interrupt ID
efile.h(94): warning:  #1-D: last line of file ends without a newline
  int eFile_EndRedirectToFile(void);
Lab5.c(371): warning:  #111-D: statement is unreachable
    OS_Kill();  // done
Lab5.c(337): warning:  #177-D: variable "DCcomponent" was declared but never referenced
  long data,DCcomponent;   // 12-bit raw ADC sample, 0 to 4095
Lab5.c(338): warning:  #177-D: variable "status" was declared but never referenced
  unsigned long status;
Lab5.c(454): warning:  #177-D: variable "intermediate" was declared but never referenced
  long intermediate;
Lab5.c(1084): warning:  #167-D: argument of type "void (*)(unsigned short)" is incompatible with parameter of type "void (*)(unsigned long)"
    ADC_Collect(0, 1000, &Producer); // start ADC sampling, channel 0, 1000 Hz
Lab5.c(1170): warning:  #167-D: argument of type "void (*)(char)" is incompatible with parameter of type "void (*)(unsigned char)"
    eFile_Directory(&UART_OutChar);
Lab5.c(1181): warning:  #167-D: argument of type "void (*)(char)" is incompatible with parameter of type "void (*)(unsigned char)"
    eFile_Directory(&UART_OutChar);
Lab5.c(1188): warning:  #167-D: argument of type "void (*)(char)" is incompatible with parameter of type "void (*)(unsigned char)"
    eFile_Directory(&UART_OutChar);
Lab5.c: 534 warnings, 0 errors
compiling edisk.c...
compiling gpio.c...
compiling sysctl.c...
compiling ssi.c...
compiling cpu.c...
compiling interrupt.c...
linking...
.\UARTInts.axf: Error: L6218E: Undefined symbol eFile_Create (referred from lab5.o).
.\UARTInts.axf: Error: L6218E: Undefined symbol eFile_Delete (referred from lab5.o).
.\UARTInts.axf: Error: L6218E: Undefined symbol eFile_Directory (referred from lab5.o).
.\UARTInts.axf: Error: L6218E: Undefined symbol eFile_EndRedirectToFile (referred from lab5.o).
.\UARTInts.axf: Error: L6218E: Undefined symbol eFile_Format (referred from lab5.o).
.\UARTInts.axf: Error: L6218E: Undefined symbol eFile_Init (referred from lab5.o).
.\UARTInts.axf: Error: L6218E: Undefined symbol eFile_ROpen (referred from lab5.o).
.\UARTInts.axf: Error: L6218E: Undefined symbol eFile_ReadNext (referred from lab5.o).
.\UARTInts.axf: Error: L6218E: Undefined symbol eFile_RedirectToFile (referred from lab5.o).
.\UARTInts.axf: Error: L6218E: Undefined symbol eFile_WClose (referred from lab5.o).
.\UARTInts.axf: Error: L6218E: Undefined symbol eFile_WOpen (referred from lab5.o).
.\UARTInts.axf: Error: L6218E: Undefined symbol eFile_Write (referred from lab5.o).
Not enough information to list image symbols.
Finished: 1 information, 0 warning and 12 error messages.
".\UARTInts.axf" - 12 Error(s), 537 Warning(s).
Target not created
ister (referred from gpio.o).
.\UARTInts.axf: Error: L6218E: Undefined symbol IntUnregister (referred from gpio.o).
.\UARTInts.axf: Error: L6218E: Undefined symbol CPUwfi (referred from sysctl.o).
Not enough information to list image symbols.
Finished: 1 information, 0 warning and 17 error messages.
".\UARTInts.axf" - 17 Error(s), 537 Warning(s).
Target not created
efined symbol SSIDisable (referred from edisk.o).
.\UARTInts.axf: Error: L6218E: Undefined symbol SSIEnable (referred from edisk.o).
.\UARTInts.axf: Error: L6218E: Undefined symbol SysCtlClockGet (referred from edisk.o).
.\UARTInts.axf: Error: L6218E: Undefined symbol SysCtlPeripheralEnable (referred from edisk.o).
Not enough information to list image symbols.
Finished: 1 information, 0 warning and 23 error messages.
".\UARTInts.axf" - 23 Error(s), 537 Warning(s).
Target not created
 Error: L6218E: Undefined symbol SSIDataPut (referred from edisk.o).
.\UARTInts.axf: Error: L6218E: Undefined symbol SSIDisable (referred from edisk.o).
.\UARTInts.axf: Error: L6218E: Undefined symbol SSIEnable (referred from edisk.o).
.\UARTInts.axf: Error: L6218E: Undefined symbol SysCtlClockGet (referred from edisk.o).
.\UARTInts.axf: Error: L6218E: Undefined symbol SysCtlPeripheralEnable (referred from edisk.o).
Not enough information to list image symbols.
Finished: 1 information, 0 warning and 34 error messages.
".\UARTInts.axf" - 34 Error(s), 534 Warning(s).
Target not created
