<html>
<body>
<pre>
<h1>µVision Build Log</h1>
<h2>Project:</h2>
C:\Users\Meksla\Documents\GitHub\EE445M-Lab3\UARTInts_4C123\UARTInts.uvproj
Project File Date:  03/03/2015

<h2>Output:</h2>
Load "C:\\Users\\Meksla\\Documents\\GitHub\\EE445M-Lab3\\UARTInts_4C123\\UARTInts.axf" 
Connecting: Mode=JTAG, Speed=1000000Hz
Erase Done.
Programming Done.
Verify OK.
Build target 'UARTInts'
compiling OS.c...
OS.c(772): error:  #147-D: declaration is incompatible with "void Timer1_Init(void)" (declared at line 82)
OS.c(798): error:  #65: expected a ";"
assembling OSasm.s...
OSasm.s(86): warning: A1313W: Missing END directive at end of file
".\UARTInts.axf" - 2 Errors, 1 Warning(s).
Target not created
Build target 'UARTInts'
compiling OS.c...
OS.c(772): error:  #147-D: declaration is incompatible with "void Timer1_Init(void)" (declared at line 82)
".\UARTInts.axf" - 1 Errors, 0 Warning(s).
Target not created
Rebuild target 'UARTInts'
assembling startup.s...
compiling PLL.c...
compiling UART.c...
compiling ADC.c...
compiling Interpreter.c...
compiling retarget.c...
compiling OS.c...
OS.c(134): error:  #165: too few arguments in function call
compiling ST7735.c...
ST7735.c(1604): warning:  #167-D: argument of type "char *" is incompatible with parameter of type "uint8_t *"
ST7735.c(1606): warning:  #167-D: argument of type "char *" is incompatible with parameter of type "uint8_t *"
assembling OSasm.s...
OSasm.s(86): warning: A1313W: Missing END directive at end of file
compiling Lab2.c...
assembling cr4_fft_64_stm32.s...
assembling PID_stm32.s...
".\UARTInts.axf" - 1 Errors, 3 Warning(s).
Target not created
Rebuild target 'UARTInts'
assembling startup.s...
compiling PLL.c...
compiling UART.c...
compiling ADC.c...
compiling Interpreter.c...
compiling retarget.c...
compiling OS.c...
compiling ST7735.c...
ST7735.c(1604): warning:  #167-D: argument of type "char *" is incompatible with parameter of type "uint8_t *"
ST7735.c(1606): warning:  #167-D: argument of type "char *" is incompatible with parameter of type "uint8_t *"
assembling OSasm.s...
compiling Lab2.c...
assembling cr4_fft_64_stm32.s...
assembling PID_stm32.s...
linking...
Program Size: Code=5328 RO-data=32 RW-data=264 ZI-data=10016  
".\UARTInts.axf" - 0 Errors, 2 Warning(s).
Rebuild target 'UARTInts'
assembling startup.s...
compiling PLL.c...
compiling UART.c...
compiling ADC.c...
compiling Interpreter.c...
compiling retarget.c...
compiling OS.c...
compiling ST7735.c...
ST7735.c(1604): warning:  #167-D: argument of type "char *" is incompatible with parameter of type "uint8_t *"
ST7735.c(1606): warning:  #167-D: argument of type "char *" is incompatible with parameter of type "uint8_t *"
assembling OSasm.s...
OSasm.s(83): warning: A1581W: Added 2 bytes of padding at address 0x5a
compiling Lab2.c...
assembling cr4_fft_64_stm32.s...
assembling PID_stm32.s...
linking...
Program Size: Code=5340 RO-data=32 RW-data=264 ZI-data=10016  
".\UARTInts.axf" - 0 Errors, 3 Warning(s).
Rebuild target 'UARTInts'
assembling startup.s...
compiling PLL.c...
compiling UART.c...
compiling ADC.c...
compiling Interpreter.c...
compiling retarget.c...
compiling OS.c...
compiling ST7735.c...
ST7735.c(1604): warning:  #167-D: argument of type "char *" is incompatible with parameter of type "uint8_t *"
ST7735.c(1606): warning:  #167-D: argument of type "char *" is incompatible with parameter of type "uint8_t *"
assembling OSasm.s...
OSasm.s(70): warning: A1581W: Added 2 bytes of padding at address 0x52
compiling Lab2.c...
assembling cr4_fft_64_stm32.s...
assembling PID_stm32.s...
linking...
Program Size: Code=5404 RO-data=32 RW-data=272 ZI-data=10016  
".\UARTInts.axf" - 0 Errors, 3 Warning(s).
Rebuild target 'UARTInts'
assembling startup.s...
compiling PLL.c...
compiling UART.c...
compiling ADC.c...
compiling Interpreter.c...
compiling retarget.c...
compiling OS.c...
compiling ST7735.c...
ST7735.c(1604): warning:  #167-D: argument of type "char *" is incompatible with parameter of type "uint8_t *"
ST7735.c(1606): warning:  #167-D: argument of type "char *" is incompatible with parameter of type "uint8_t *"
assembling OSasm.s...
OSasm.s(83): warning: A1581W: Added 2 bytes of padding at address 0x5a
compiling Lab2.c...
assembling cr4_fft_64_stm32.s...
assembling PID_stm32.s...
linking...
.\UARTInts.axf: Error: L6200E: Symbol OS_DisableInterrupts multiply defined (by osasm.o and os.o).
.\UARTInts.axf: Error: L6200E: Symbol OS_EnableInterrupts multiply defined (by osasm.o and os.o).
".\UARTInts.axf" - 2 Errors, 3 Warning(s).
Target not created
Rebuild target 'UARTInts'
assembling startup.s...
compiling PLL.c...
compiling UART.c...
compiling ADC.c...
compiling Interpreter.c...
compiling retarget.c...
compiling OS.c...
compiling ST7735.c...
ST7735.c(1604): warning:  #167-D: argument of type "char *" is incompatible with parameter of type "uint8_t *"
ST7735.c(1606): warning:  #167-D: argument of type "char *" is incompatible with parameter of type "uint8_t *"
assembling OSasm.s...
OSasm.s(83): warning: A1581W: Added 2 bytes of padding at address 0x5a
compiling Lab2.c...
assembling cr4_fft_64_stm32.s...
assembling PID_stm32.s...
linking...
Program Size: Code=5340 RO-data=32 RW-data=264 ZI-data=10016  
".\UARTInts.axf" - 0 Errors, 3 Warning(s).
